Task: 66 | Test: 0-anorthite-mace-mh-1-omol | Nodo: lrdn1974.leonardo.local
GPU: NVIDIA A100-SXM-64GB
Sun Jul 26 19:03:36 CEST 2026
============================= test session starts ==============================
platform linux -- Python 3.12.13, pytest-9.1.0, pluggy-1.6.0 -- /leonardo/home/userexternal/mbenass1/ml-peg/.venv/bin/python
cachedir: .pytest_cache
rootdir: /leonardo/home/userexternal/mbenass1/ml-peg
configfile: pyproject.toml
plugins: anyio-4.14.0, typeguard-4.5.2, cov-4.1.0, dash-4.2.0, hydra-core-1.3.3
collecting ... collected 135 items / 134 deselected / 1 selected

ml_peg/calcs/molecular_dynamics/aluminosilicates_densities/calc_aluminosilicates_densities.py::test_aluminosilicates_densities[0-anorthite-mace-mh-1-omol] Loading model from /leonardo/home/userexternal/mbenass1/ml-peg/ml_peg/models/models.yml: mace-mh-1-omol
cuequivariance or cuequivariance_torch is not available. Cuequivariance acceleration will be disabled.
Using Materials Project MACE for MACECalculator with /leonardo/home/userexternal/mbenass1/.cache/mace/macemh1model
Using float32 for MACECalculator, which is faster but less accurate. Recommended for MD. Use float64 for geometry optimization.
  density: 2.6240 g/cm3 | vol: 4752.49 A3
  density: 2.6246 g/cm3 | vol: 4751.45 A3
  density: 2.6265 g/cm3 | vol: 4748.02 A3
  density: 2.6315 g/cm3 | vol: 4739.07 A3
  density: 2.6273 g/cm3 | vol: 4746.62 A3
  density: 2.6287 g/cm3 | vol: 4744.01 A3
  density: 2.6211 g/cm3 | vol: 4757.75 A3
  density: 2.6268 g/cm3 | vol: 4747.48 A3
  density: 2.6158 g/cm3 | vol: 4767.45 A3
  density: 2.6162 g/cm3 | vol: 4766.80 A3
  density: 2.6193 g/cm3 | vol: 4761.16 A3
  density: 2.6224 g/cm3 | vol: 4755.46 A3
  density: 2.6242 g/cm3 | vol: 4752.19 A3
  density: 2.6290 g/cm3 | vol: 4743.56 A3
  density: 2.6267 g/cm3 | vol: 4747.69 A3
  density: 2.6350 g/cm3 | vol: 4732.79 A3
  density: 2.6254 g/cm3 | vol: 4750.01 A3
  density: 2.6309 g/cm3 | vol: 4740.06 A3
  density: 2.6219 g/cm3 | vol: 4756.39 A3
  density: 2.6299 g/cm3 | vol: 4741.96 A3
  density: 2.6425 g/cm3 | vol: 4719.28 A3
Final density (mace-mh-1-omol, anorthite): 2.6262 +/- 0.0060 g/cm3
PASSED

=============================== warnings summary ===============================
ml_peg/calcs/molecular_dynamics/aluminosilicates_densities/calc_aluminosilicates_densities.py::test_aluminosilicates_densities[0-anorthite-mace-mh-1-omol]
  /leonardo/home/userexternal/mbenass1/ml-peg/.venv/lib/python3.12/site-packages/e3nn/o3/_wigner.py:10: UserWarning: Environment variable TORCH_FORCE_NO_WEIGHTS_ONLY_LOAD detected, since the`weights_only` argument was not explicitly passed to `torch.load`, forcing weights_only=False.
    _Jd, _W3j_flat, _W3j_indices = torch.load(os.path.join(os.path.dirname(__file__), 'constants.pt'))

ml_peg/calcs/molecular_dynamics/aluminosilicates_densities/calc_aluminosilicates_densities.py::test_aluminosilicates_densities[0-anorthite-mace-mh-1-omol]
  /leonardo/home/userexternal/mbenass1/ml-peg/.venv/lib/python3.12/site-packages/mace/calculators/mace.py:226: UserWarning: Environment variable TORCH_FORCE_NO_WEIGHTS_ONLY_LOAD detected, since the`weights_only` argument was not explicitly passed to `torch.load`, forcing weights_only=False.
    torch.load(f=model_path, map_location=device)

-- Docs: https://docs.pytest.org/en/stable/how-to/capture-warnings.html
===== 1 passed, 134 deselected, 2 warnings in 133602.80s (1 day, 13:06:42) =====
Task 66 completato.
Tue Jul 28 08:10:24 CEST 2026
