Task: 87 | Test: 0-sanidine-mace-polar-1-m | Nodo: lrdn2808.leonardo.local
GPU: NVIDIA A100-SXM-64GB
Sun Jul 26 18:36:47 CEST 2026
============================= test session starts ==============================
platform linux -- Python 3.12.13, pytest-9.1.0, pluggy-1.6.0 -- /leonardo/home/userexternal/mbenass1/ml-peg/.venv/bin/python
cachedir: .pytest_cache
rootdir: /leonardo/home/userexternal/mbenass1/ml-peg
configfile: pyproject.toml
plugins: anyio-4.14.0, typeguard-4.5.2, cov-4.1.0, dash-4.2.0, hydra-core-1.3.3
collecting ... collected 135 items / 134 deselected / 1 selected

ml_peg/calcs/molecular_dynamics/aluminosilicates_densities/calc_aluminosilicates_densities.py::test_aluminosilicates_densities[0-sanidine-mace-polar-1-m] Loading model from /leonardo/home/userexternal/mbenass1/ml-peg/ml_peg/models/models.yml: mace-polar-1-m
cuequivariance or cuequivariance_torch is not available. Cuequivariance acceleration will be disabled.
Using MACE-Polar model for MACECalculator with /leonardo/home/userexternal/mbenass1/.cache/mace/MACEPOLAR1Mmodel
  density: 2.2330 g/cm3 | vol: 5748.48 A3
  density: 2.2437 g/cm3 | vol: 5720.87 A3
  density: 2.2297 g/cm3 | vol: 5756.94 A3
  density: 2.2341 g/cm3 | vol: 5745.43 A3
  density: 2.2540 g/cm3 | vol: 5694.80 A3
  density: 2.2417 g/cm3 | vol: 5726.04 A3
  density: 2.2309 g/cm3 | vol: 5753.77 A3
  density: 2.2460 g/cm3 | vol: 5714.98 A3
  density: 2.2407 g/cm3 | vol: 5728.50 A3
  density: 2.2492 g/cm3 | vol: 5706.82 A3
  density: 2.2440 g/cm3 | vol: 5720.19 A3
  density: 2.2384 g/cm3 | vol: 5734.36 A3
  density: 2.2341 g/cm3 | vol: 5745.48 A3
  density: 2.2390 g/cm3 | vol: 5732.96 A3
  density: 2.2408 g/cm3 | vol: 5728.25 A3
  density: 2.2534 g/cm3 | vol: 5696.29 A3
  density: 2.2544 g/cm3 | vol: 5693.73 A3
  density: 2.2516 g/cm3 | vol: 5700.79 A3
  density: 2.2502 g/cm3 | vol: 5704.52 A3
  density: 2.2566 g/cm3 | vol: 5688.20 A3
  density: 2.2371 g/cm3 | vol: 5737.76 A3
Final density (mace-polar-1-m, sanidine): 2.2430 +/- 0.0081 g/cm3
PASSED

=============================== warnings summary ===============================
ml_peg/calcs/molecular_dynamics/aluminosilicates_densities/calc_aluminosilicates_densities.py::test_aluminosilicates_densities[0-sanidine-mace-polar-1-m]
  /leonardo/home/userexternal/mbenass1/ml-peg/.venv/lib/python3.12/site-packages/e3nn/o3/_wigner.py:10: UserWarning: Environment variable TORCH_FORCE_NO_WEIGHTS_ONLY_LOAD detected, since the`weights_only` argument was not explicitly passed to `torch.load`, forcing weights_only=False.
    _Jd, _W3j_flat, _W3j_indices = torch.load(os.path.join(os.path.dirname(__file__), 'constants.pt'))

ml_peg/calcs/molecular_dynamics/aluminosilicates_densities/calc_aluminosilicates_densities.py::test_aluminosilicates_densities[0-sanidine-mace-polar-1-m]
  /leonardo/home/userexternal/mbenass1/ml-peg/.venv/lib/python3.12/site-packages/mace/calculators/mace.py:226: UserWarning: Environment variable TORCH_FORCE_NO_WEIGHTS_ONLY_LOAD detected, since the`weights_only` argument was not explicitly passed to `torch.load`, forcing weights_only=False.
    torch.load(f=model_path, map_location=device)

-- Docs: https://docs.pytest.org/en/stable/how-to/capture-warnings.html
==== 1 passed, 134 deselected, 2 warnings in 210460.26s (2 days, 10:27:40) =====
Task 87 completato.
Wed Jul 29 05:04:33 CEST 2026
