Task: 0 | Test: 0-albite-mattersim-5M | Nodo: lrdn0186.leonardo.local
GPU: NVIDIA A100-SXM-64GB
Sat Jul 18 10:22:47 CEST 2026
============================= test session starts ==============================
platform linux -- Python 3.12.13, pytest-9.1.0, pluggy-1.6.0 -- /leonardo/home/userexternal/mbenass1/ml-peg/.venv_mattersim/bin/python3
cachedir: .pytest_cache
rootdir: /leonardo/home/userexternal/mbenass1/ml-peg
configfile: pyproject.toml
plugins: anyio-4.14.0, typeguard-4.5.2, cov-4.1.0, dash-4.2.0, hydra-core-1.3.3
collecting ... collected 135 items / 134 deselected / 1 selected

ml_peg/calcs/molecular_dynamics/aluminosilicates_densities/calc_aluminosilicates_densities.py::test_aluminosilicates_densities[0-albite-mattersim-5M] Loading model from /leonardo/home/userexternal/mbenass1/ml-peg/ml_peg/models/models.yml: mattersim-5M
2026-07-18 10:23:06.157 | INFO     | mattersim.forcefield.potential:from_checkpoint:891 - Loading the pre-trained mattersim-v1.0.0-5M.pth model
  density: 2.2583 g/cm3 | vol: 5225.82 A3
  density: 2.2442 g/cm3 | vol: 5258.86 A3
  density: 2.2457 g/cm3 | vol: 5255.23 A3
  density: 2.2498 g/cm3 | vol: 5245.61 A3
  density: 2.2486 g/cm3 | vol: 5248.52 A3
  density: 2.2575 g/cm3 | vol: 5227.66 A3
  density: 2.2447 g/cm3 | vol: 5257.59 A3
  density: 2.2461 g/cm3 | vol: 5254.26 A3
  density: 2.2450 g/cm3 | vol: 5256.79 A3
  density: 2.2493 g/cm3 | vol: 5246.78 A3
  density: 2.2456 g/cm3 | vol: 5255.49 A3
  density: 2.2528 g/cm3 | vol: 5238.62 A3
  density: 2.2390 g/cm3 | vol: 5270.88 A3
  density: 2.2468 g/cm3 | vol: 5252.72 A3
  density: 2.2533 g/cm3 | vol: 5237.53 A3
  density: 2.2528 g/cm3 | vol: 5238.73 A3
  density: 2.2386 g/cm3 | vol: 5271.93 A3
  density: 2.2337 g/cm3 | vol: 5283.54 A3
  density: 2.2352 g/cm3 | vol: 5280.00 A3
  density: 2.2561 g/cm3 | vol: 5230.92 A3
  density: 2.2473 g/cm3 | vol: 5251.42 A3
Final density (mattersim-5M, albite): 2.2472 +/- 0.0066 g/cm3
PASSED

=============================== warnings summary ===============================
ml_peg/calcs/molecular_dynamics/aluminosilicates_densities/calc_aluminosilicates_densities.py::test_aluminosilicates_densities[0-albite-mattersim-5M]
  /leonardo/home/userexternal/mbenass1/ml-peg/.venv_mattersim/lib/python3.12/site-packages/mattersim/forcefield/potential.py:896: UserWarning: Environment variable TORCH_FORCE_NO_WEIGHTS_ONLY_LOAD detected, since the`weights_only` argument was not explicitly passed to `torch.load`, forcing weights_only=False.
    checkpoint = torch.load(load_path, map_location=device)

-- Docs: https://docs.pytest.org/en/stable/how-to/capture-warnings.html
========= 1 passed, 134 deselected, 1 warning in 57191.89s (15:53:11) ==========
Task 0 completato.
Sun Jul 19 02:16:04 CEST 2026
