Task: 14 | Test: 2-anorthite-mace-mp-0b3 | Nodo: lrdn0012.leonardo.local
GPU: NVIDIA A100-SXM-64GB
Sun Jul 19 10:37:30 CEST 2026
============================= test session starts ==============================
platform linux -- Python 3.12.13, pytest-9.1.0, pluggy-1.6.0 -- /leonardo/home/userexternal/mbenass1/ml-peg/.venv/bin/python
cachedir: .pytest_cache
rootdir: /leonardo/home/userexternal/mbenass1/ml-peg
configfile: pyproject.toml
plugins: anyio-4.14.0, typeguard-4.5.2, cov-4.1.0, dash-4.2.0, hydra-core-1.3.3
collecting ... collected 135 items / 134 deselected / 1 selected

ml_peg/calcs/molecular_dynamics/aluminosilicates_densities/calc_aluminosilicates_densities.py::test_aluminosilicates_densities[2-anorthite-mace-mp-0b3] Loading model from /leonardo/home/userexternal/mbenass1/ml-peg/ml_peg/models/models.yml: mace-mp-0b3
cuequivariance or cuequivariance_torch is not available. Cuequivariance acceleration will be disabled.
Using Materials Project MACE for MACECalculator with /leonardo/home/userexternal/mbenass1/.cache/mace/macemp0b3mediummodel
Using float32 for MACECalculator, which is faster but less accurate. Recommended for MD. Use float64 for geometry optimization.
  density: 2.4867 g/cm3 | vol: 5014.95 A3
  density: 2.4810 g/cm3 | vol: 5026.45 A3
  density: 2.4869 g/cm3 | vol: 5014.64 A3
  density: 2.4645 g/cm3 | vol: 5060.09 A3
  density: 2.4851 g/cm3 | vol: 5018.27 A3
  density: 2.4828 g/cm3 | vol: 5022.77 A3
  density: 2.4739 g/cm3 | vol: 5040.95 A3
  density: 2.4856 g/cm3 | vol: 5017.13 A3
  density: 2.4687 g/cm3 | vol: 5051.44 A3
  density: 2.4867 g/cm3 | vol: 5014.91 A3
  density: 2.4765 g/cm3 | vol: 5035.72 A3
  density: 2.4765 g/cm3 | vol: 5035.67 A3
  density: 2.4886 g/cm3 | vol: 5011.18 A3
  density: 2.4795 g/cm3 | vol: 5029.52 A3
  density: 2.4756 g/cm3 | vol: 5037.49 A3
  density: 2.4833 g/cm3 | vol: 5021.93 A3
  density: 2.4841 g/cm3 | vol: 5020.23 A3
  density: 2.4687 g/cm3 | vol: 5051.58 A3
  density: 2.4919 g/cm3 | vol: 5004.56 A3
  density: 2.4840 g/cm3 | vol: 5020.33 A3
  density: 2.4803 g/cm3 | vol: 5027.82 A3
Final density (mace-mp-0b3, anorthite): 2.4805 +/- 0.0070 g/cm3
PASSED

=============================== warnings summary ===============================
ml_peg/calcs/molecular_dynamics/aluminosilicates_densities/calc_aluminosilicates_densities.py::test_aluminosilicates_densities[2-anorthite-mace-mp-0b3]
  /leonardo/home/userexternal/mbenass1/ml-peg/.venv/lib/python3.12/site-packages/e3nn/o3/_wigner.py:10: UserWarning: Environment variable TORCH_FORCE_NO_WEIGHTS_ONLY_LOAD detected, since the`weights_only` argument was not explicitly passed to `torch.load`, forcing weights_only=False.
    _Jd, _W3j_flat, _W3j_indices = torch.load(os.path.join(os.path.dirname(__file__), 'constants.pt'))

ml_peg/calcs/molecular_dynamics/aluminosilicates_densities/calc_aluminosilicates_densities.py::test_aluminosilicates_densities[2-anorthite-mace-mp-0b3]
  /leonardo/home/userexternal/mbenass1/ml-peg/.venv/lib/python3.12/site-packages/mace/calculators/mace.py:226: UserWarning: Environment variable TORCH_FORCE_NO_WEIGHTS_ONLY_LOAD detected, since the`weights_only` argument was not explicitly passed to `torch.load`, forcing weights_only=False.
    torch.load(f=model_path, map_location=device)

-- Docs: https://docs.pytest.org/en/stable/how-to/capture-warnings.html
===== 1 passed, 134 deselected, 2 warnings in 104495.47s (1 day, 5:01:35) ======
Task 14 completato.
Mon Jul 20 15:39:11 CEST 2026
