Task: 67 | Test: 1-anorthite-mace-mh-1-omol | Nodo: lrdn1986.leonardo.local
GPU: NVIDIA A100-SXM-64GB
Sun Jul 26 19:03:36 CEST 2026
============================= test session starts ==============================
platform linux -- Python 3.12.13, pytest-9.1.0, pluggy-1.6.0 -- /leonardo/home/userexternal/mbenass1/ml-peg/.venv/bin/python
cachedir: .pytest_cache
rootdir: /leonardo/home/userexternal/mbenass1/ml-peg
configfile: pyproject.toml
plugins: anyio-4.14.0, typeguard-4.5.2, cov-4.1.0, dash-4.2.0, hydra-core-1.3.3
collecting ... collected 135 items / 134 deselected / 1 selected

ml_peg/calcs/molecular_dynamics/aluminosilicates_densities/calc_aluminosilicates_densities.py::test_aluminosilicates_densities[1-anorthite-mace-mh-1-omol] Loading model from /leonardo/home/userexternal/mbenass1/ml-peg/ml_peg/models/models.yml: mace-mh-1-omol
cuequivariance or cuequivariance_torch is not available. Cuequivariance acceleration will be disabled.
Using Materials Project MACE for MACECalculator with /leonardo/home/userexternal/mbenass1/.cache/mace/macemh1model
Using float32 for MACECalculator, which is faster but less accurate. Recommended for MD. Use float64 for geometry optimization.
  density: 2.6301 g/cm3 | vol: 4741.58 A3
  density: 2.6200 g/cm3 | vol: 4759.75 A3
  density: 2.6235 g/cm3 | vol: 4753.49 A3
  density: 2.6181 g/cm3 | vol: 4763.36 A3
  density: 2.6303 g/cm3 | vol: 4741.23 A3
  density: 2.6190 g/cm3 | vol: 4761.64 A3
  density: 2.6050 g/cm3 | vol: 4787.20 A3
  density: 2.6251 g/cm3 | vol: 4750.56 A3
  density: 2.6098 g/cm3 | vol: 4778.41 A3
  density: 2.6164 g/cm3 | vol: 4766.36 A3
  density: 2.6136 g/cm3 | vol: 4771.50 A3
  density: 2.6166 g/cm3 | vol: 4766.06 A3
  density: 2.6139 g/cm3 | vol: 4770.89 A3
  density: 2.6138 g/cm3 | vol: 4771.11 A3
  density: 2.6319 g/cm3 | vol: 4738.21 A3
  density: 2.6230 g/cm3 | vol: 4754.45 A3
  density: 2.6280 g/cm3 | vol: 4745.36 A3
  density: 2.6047 g/cm3 | vol: 4787.72 A3
  density: 2.6198 g/cm3 | vol: 4760.13 A3
  density: 2.6179 g/cm3 | vol: 4763.60 A3
  density: 2.6153 g/cm3 | vol: 4768.41 A3
Final density (mace-mh-1-omol, anorthite): 2.6188 +/- 0.0075 g/cm3
PASSED

=============================== warnings summary ===============================
ml_peg/calcs/molecular_dynamics/aluminosilicates_densities/calc_aluminosilicates_densities.py::test_aluminosilicates_densities[1-anorthite-mace-mh-1-omol]
  /leonardo/home/userexternal/mbenass1/ml-peg/.venv/lib/python3.12/site-packages/e3nn/o3/_wigner.py:10: UserWarning: Environment variable TORCH_FORCE_NO_WEIGHTS_ONLY_LOAD detected, since the`weights_only` argument was not explicitly passed to `torch.load`, forcing weights_only=False.
    _Jd, _W3j_flat, _W3j_indices = torch.load(os.path.join(os.path.dirname(__file__), 'constants.pt'))

ml_peg/calcs/molecular_dynamics/aluminosilicates_densities/calc_aluminosilicates_densities.py::test_aluminosilicates_densities[1-anorthite-mace-mh-1-omol]
  /leonardo/home/userexternal/mbenass1/ml-peg/.venv/lib/python3.12/site-packages/mace/calculators/mace.py:226: UserWarning: Environment variable TORCH_FORCE_NO_WEIGHTS_ONLY_LOAD detected, since the`weights_only` argument was not explicitly passed to `torch.load`, forcing weights_only=False.
    torch.load(f=model_path, map_location=device)

-- Docs: https://docs.pytest.org/en/stable/how-to/capture-warnings.html
===== 1 passed, 134 deselected, 2 warnings in 133019.84s (1 day, 12:56:59) =====
Task 67 completato.
Tue Jul 28 08:00:42 CEST 2026
