Task: 33 | Test: 0-sanidine-mace-omat-0 | Nodo: lrdn0109.leonardo.local
GPU: NVIDIA A100-SXM-64GB
Tue Jul 21 13:24:32 CEST 2026
============================= test session starts ==============================
platform linux -- Python 3.12.13, pytest-9.1.0, pluggy-1.6.0 -- /leonardo/home/userexternal/mbenass1/ml-peg/.venv/bin/python
cachedir: .pytest_cache
rootdir: /leonardo/home/userexternal/mbenass1/ml-peg
configfile: pyproject.toml
plugins: anyio-4.14.0, typeguard-4.5.2, cov-4.1.0, dash-4.2.0, hydra-core-1.3.3
collecting ... collected 135 items / 134 deselected / 1 selected

ml_peg/calcs/molecular_dynamics/aluminosilicates_densities/calc_aluminosilicates_densities.py::test_aluminosilicates_densities[0-sanidine-mace-omat-0] Loading model from /leonardo/home/userexternal/mbenass1/ml-peg/ml_peg/models/models.yml: mace-omat-0
cuequivariance or cuequivariance_torch is not available. Cuequivariance acceleration will be disabled.
Using model under Academic Software License (ASL) license, see https://github.com/gabor1/ASL
 To use this model you accept the terms of the license.
Using Materials Project MACE for MACECalculator with /leonardo/home/userexternal/mbenass1/.cache/mace/maceomat0mediummodel
Using float32 for MACECalculator, which is faster but less accurate. Recommended for MD. Use float64 for geometry optimization.
  density: 2.1853 g/cm3 | vol: 5873.72 A3
  density: 2.1708 g/cm3 | vol: 5913.15 A3
  density: 2.1846 g/cm3 | vol: 5875.66 A3
  density: 2.1803 g/cm3 | vol: 5887.26 A3
  density: 2.1796 g/cm3 | vol: 5889.29 A3
  density: 2.1817 g/cm3 | vol: 5883.55 A3
  density: 2.1720 g/cm3 | vol: 5909.76 A3
  density: 2.1846 g/cm3 | vol: 5875.81 A3
  density: 2.1813 g/cm3 | vol: 5884.66 A3
  density: 2.1551 g/cm3 | vol: 5956.23 A3
  density: 2.1723 g/cm3 | vol: 5909.09 A3
  density: 2.1653 g/cm3 | vol: 5928.03 A3
  density: 2.1741 g/cm3 | vol: 5904.13 A3
  density: 2.1935 g/cm3 | vol: 5851.75 A3
  density: 2.1890 g/cm3 | vol: 5863.98 A3
  density: 2.1898 g/cm3 | vol: 5861.77 A3
  density: 2.1857 g/cm3 | vol: 5872.67 A3
  density: 2.1875 g/cm3 | vol: 5868.04 A3
  density: 2.1867 g/cm3 | vol: 5870.07 A3
  density: 2.1956 g/cm3 | vol: 5846.33 A3
  density: 2.2017 g/cm3 | vol: 5830.18 A3
Final density (mace-omat-0, sanidine): 2.1817 +/- 0.0105 g/cm3
PASSED

=============================== warnings summary ===============================
ml_peg/calcs/molecular_dynamics/aluminosilicates_densities/calc_aluminosilicates_densities.py::test_aluminosilicates_densities[0-sanidine-mace-omat-0]
  /leonardo/home/userexternal/mbenass1/ml-peg/.venv/lib/python3.12/site-packages/e3nn/o3/_wigner.py:10: UserWarning: Environment variable TORCH_FORCE_NO_WEIGHTS_ONLY_LOAD detected, since the`weights_only` argument was not explicitly passed to `torch.load`, forcing weights_only=False.
    _Jd, _W3j_flat, _W3j_indices = torch.load(os.path.join(os.path.dirname(__file__), 'constants.pt'))

ml_peg/calcs/molecular_dynamics/aluminosilicates_densities/calc_aluminosilicates_densities.py::test_aluminosilicates_densities[0-sanidine-mace-omat-0]
  /leonardo/home/userexternal/mbenass1/ml-peg/.venv/lib/python3.12/site-packages/mace/calculators/mace.py:226: UserWarning: Environment variable TORCH_FORCE_NO_WEIGHTS_ONLY_LOAD detected, since the`weights_only` argument was not explicitly passed to `torch.load`, forcing weights_only=False.
    torch.load(f=model_path, map_location=device)

-- Docs: https://docs.pytest.org/en/stable/how-to/capture-warnings.html
====== 1 passed, 134 deselected, 2 warnings in 93385.05s (1 day, 1:56:25) ======
Task 33 completato.
Wed Jul 22 15:21:02 CEST 2026
