Task: 6 | Test: 0-sanidine-mattersim-5M | Nodo: lrdn1845.leonardo.local
GPU: NVIDIA A100-SXM-64GB
Sun Jul 19 02:50:50 CEST 2026
============================= test session starts ==============================
platform linux -- Python 3.12.13, pytest-9.1.0, pluggy-1.6.0 -- /leonardo/home/userexternal/mbenass1/ml-peg/.venv_mattersim/bin/python3
cachedir: .pytest_cache
rootdir: /leonardo/home/userexternal/mbenass1/ml-peg
configfile: pyproject.toml
plugins: anyio-4.14.0, typeguard-4.5.2, cov-4.1.0, dash-4.2.0, hydra-core-1.3.3
collecting ... collected 135 items / 134 deselected / 1 selected

ml_peg/calcs/molecular_dynamics/aluminosilicates_densities/calc_aluminosilicates_densities.py::test_aluminosilicates_densities[0-sanidine-mattersim-5M] Loading model from /leonardo/home/userexternal/mbenass1/ml-peg/ml_peg/models/models.yml: mattersim-5M
2026-07-19 02:51:09.212 | INFO     | mattersim.forcefield.potential:from_checkpoint:891 - Loading the pre-trained mattersim-v1.0.0-5M.pth model
  density: 2.1847 g/cm3 | vol: 5875.38 A3
  density: 2.2028 g/cm3 | vol: 5827.13 A3
  density: 2.1979 g/cm3 | vol: 5840.06 A3
  density: 2.1729 g/cm3 | vol: 5907.25 A3
  density: 2.1774 g/cm3 | vol: 5895.17 A3
  density: 2.1929 g/cm3 | vol: 5853.42 A3
  density: 2.1872 g/cm3 | vol: 5868.68 A3
  density: 2.1856 g/cm3 | vol: 5873.13 A3
  density: 2.1890 g/cm3 | vol: 5864.01 A3
  density: 2.1915 g/cm3 | vol: 5857.33 A3
  density: 2.1790 g/cm3 | vol: 5890.91 A3
  density: 2.1839 g/cm3 | vol: 5877.54 A3
  density: 2.2061 g/cm3 | vol: 5818.31 A3
  density: 2.2072 g/cm3 | vol: 5815.59 A3
  density: 2.1840 g/cm3 | vol: 5877.42 A3
  density: 2.1936 g/cm3 | vol: 5851.62 A3
  density: 2.1853 g/cm3 | vol: 5873.95 A3
  density: 2.1929 g/cm3 | vol: 5853.47 A3
  density: 2.1820 g/cm3 | vol: 5882.66 A3
  density: 2.1985 g/cm3 | vol: 5838.65 A3
  density: 2.1932 g/cm3 | vol: 5852.69 A3
Final density (mattersim-5M, sanidine): 2.1899 +/- 0.0090 g/cm3
PASSED

=============================== warnings summary ===============================
ml_peg/calcs/molecular_dynamics/aluminosilicates_densities/calc_aluminosilicates_densities.py::test_aluminosilicates_densities[0-sanidine-mattersim-5M]
  /leonardo/home/userexternal/mbenass1/ml-peg/.venv_mattersim/lib/python3.12/site-packages/mattersim/forcefield/potential.py:896: UserWarning: Environment variable TORCH_FORCE_NO_WEIGHTS_ONLY_LOAD detected, since the`weights_only` argument was not explicitly passed to `torch.load`, forcing weights_only=False.
    checkpoint = torch.load(load_path, map_location=device)

-- Docs: https://docs.pytest.org/en/stable/how-to/capture-warnings.html
========= 1 passed, 134 deselected, 1 warning in 54097.15s (15:01:37) ==========
Task 6 completato.
Sun Jul 19 17:52:32 CEST 2026
