Task: 21 | Test: 0-anorthite-mace-mpa-0 | Nodo: lrdn3441.leonardo.local
GPU: NVIDIA A100-SXM-64GB
Mon Jul 20 04:44:51 CEST 2026
============================= test session starts ==============================
platform linux -- Python 3.12.13, pytest-9.1.0, pluggy-1.6.0 -- /leonardo/home/userexternal/mbenass1/ml-peg/.venv/bin/python
cachedir: .pytest_cache
rootdir: /leonardo/home/userexternal/mbenass1/ml-peg
configfile: pyproject.toml
plugins: anyio-4.14.0, typeguard-4.5.2, cov-4.1.0, dash-4.2.0, hydra-core-1.3.3
collecting ... collected 135 items / 134 deselected / 1 selected

ml_peg/calcs/molecular_dynamics/aluminosilicates_densities/calc_aluminosilicates_densities.py::test_aluminosilicates_densities[0-anorthite-mace-mpa-0] Loading model from /leonardo/home/userexternal/mbenass1/ml-peg/ml_peg/models/models.yml: mace-mpa-0
cuequivariance or cuequivariance_torch is not available. Cuequivariance acceleration will be disabled.
Using medium MPA-0 model as default MACE-MP model, to use previous (before 3.10) default model please specify 'medium' as model argument
Using Materials Project MACE for MACECalculator with /leonardo/home/userexternal/mbenass1/.cache/mace/macempa0mediummodel
Using float32 for MACECalculator, which is faster but less accurate. Recommended for MD. Use float64 for geometry optimization.
  density: 2.3498 g/cm3 | vol: 5307.25 A3
  density: 2.3458 g/cm3 | vol: 5316.08 A3
  density: 2.3544 g/cm3 | vol: 5296.67 A3
  density: 2.3564 g/cm3 | vol: 5292.32 A3
  density: 2.3475 g/cm3 | vol: 5312.44 A3
  density: 2.3317 g/cm3 | vol: 5348.34 A3
  density: 2.3488 g/cm3 | vol: 5309.29 A3
  density: 2.3480 g/cm3 | vol: 5311.23 A3
  density: 2.3501 g/cm3 | vol: 5306.51 A3
  density: 2.3618 g/cm3 | vol: 5280.24 A3
  density: 2.3550 g/cm3 | vol: 5295.34 A3
  density: 2.3493 g/cm3 | vol: 5308.17 A3
  density: 2.3430 g/cm3 | vol: 5322.43 A3
  density: 2.3298 g/cm3 | vol: 5352.80 A3
  density: 2.3273 g/cm3 | vol: 5358.43 A3
  density: 2.3522 g/cm3 | vol: 5301.76 A3
  density: 2.3546 g/cm3 | vol: 5296.26 A3
  density: 2.3533 g/cm3 | vol: 5299.35 A3
  density: 2.3490 g/cm3 | vol: 5308.96 A3
  density: 2.3561 g/cm3 | vol: 5293.03 A3
  density: 2.3506 g/cm3 | vol: 5305.31 A3
Final density (mace-mpa-0, anorthite): 2.3483 +/- 0.0087 g/cm3
PASSED

=============================== warnings summary ===============================
ml_peg/calcs/molecular_dynamics/aluminosilicates_densities/calc_aluminosilicates_densities.py::test_aluminosilicates_densities[0-anorthite-mace-mpa-0]
  /leonardo/home/userexternal/mbenass1/ml-peg/.venv/lib/python3.12/site-packages/e3nn/o3/_wigner.py:10: UserWarning: Environment variable TORCH_FORCE_NO_WEIGHTS_ONLY_LOAD detected, since the`weights_only` argument was not explicitly passed to `torch.load`, forcing weights_only=False.
    _Jd, _W3j_flat, _W3j_indices = torch.load(os.path.join(os.path.dirname(__file__), 'constants.pt'))

ml_peg/calcs/molecular_dynamics/aluminosilicates_densities/calc_aluminosilicates_densities.py::test_aluminosilicates_densities[0-anorthite-mace-mpa-0]
  /leonardo/home/userexternal/mbenass1/ml-peg/.venv/lib/python3.12/site-packages/mace/calculators/mace.py:226: UserWarning: Environment variable TORCH_FORCE_NO_WEIGHTS_ONLY_LOAD detected, since the`weights_only` argument was not explicitly passed to `torch.load`, forcing weights_only=False.
    torch.load(f=model_path, map_location=device)

-- Docs: https://docs.pytest.org/en/stable/how-to/capture-warnings.html
===== 1 passed, 134 deselected, 2 warnings in 102267.87s (1 day, 4:24:27) ======
Task 21 completato.
Tue Jul 21 09:09:23 CEST 2026
