Task: 71 | Test: 2-sanidine-mace-mh-1-omol | Nodo: lrdn2020.leonardo.local
GPU: NVIDIA A100-SXM-64GB
Sun Jul 26 19:03:36 CEST 2026
============================= test session starts ==============================
platform linux -- Python 3.12.13, pytest-9.1.0, pluggy-1.6.0 -- /leonardo/home/userexternal/mbenass1/ml-peg/.venv/bin/python
cachedir: .pytest_cache
rootdir: /leonardo/home/userexternal/mbenass1/ml-peg
configfile: pyproject.toml
plugins: anyio-4.14.0, typeguard-4.5.2, cov-4.1.0, dash-4.2.0, hydra-core-1.3.3
collecting ... collected 135 items / 134 deselected / 1 selected

ml_peg/calcs/molecular_dynamics/aluminosilicates_densities/calc_aluminosilicates_densities.py::test_aluminosilicates_densities[2-sanidine-mace-mh-1-omol] Loading model from /leonardo/home/userexternal/mbenass1/ml-peg/ml_peg/models/models.yml: mace-mh-1-omol
cuequivariance or cuequivariance_torch is not available. Cuequivariance acceleration will be disabled.
Using Materials Project MACE for MACECalculator with /leonardo/home/userexternal/mbenass1/.cache/mace/macemh1model
Using float32 for MACECalculator, which is faster but less accurate. Recommended for MD. Use float64 for geometry optimization.
  density: 2.2852 g/cm3 | vol: 5616.99 A3
  density: 2.2966 g/cm3 | vol: 5589.15 A3
  density: 2.3119 g/cm3 | vol: 5552.20 A3
  density: 2.3078 g/cm3 | vol: 5562.09 A3
  density: 2.2921 g/cm3 | vol: 5600.22 A3
  density: 2.2950 g/cm3 | vol: 5593.10 A3
  density: 2.2945 g/cm3 | vol: 5594.22 A3
  density: 2.2758 g/cm3 | vol: 5640.22 A3
  density: 2.2948 g/cm3 | vol: 5593.53 A3
  density: 2.3031 g/cm3 | vol: 5573.50 A3
  density: 2.2944 g/cm3 | vol: 5594.42 A3
  density: 2.2980 g/cm3 | vol: 5585.74 A3
  density: 2.2966 g/cm3 | vol: 5589.15 A3
  density: 2.2817 g/cm3 | vol: 5625.66 A3
  density: 2.2770 g/cm3 | vol: 5637.39 A3
  density: 2.3082 g/cm3 | vol: 5561.03 A3
  density: 2.2928 g/cm3 | vol: 5598.37 A3
  density: 2.2929 g/cm3 | vol: 5598.08 A3
  density: 2.2977 g/cm3 | vol: 5586.58 A3
  density: 2.2983 g/cm3 | vol: 5585.13 A3
  density: 2.2801 g/cm3 | vol: 5629.72 A3
Final density (mace-mh-1-omol, sanidine): 2.2940 +/- 0.0095 g/cm3
PASSED

=============================== warnings summary ===============================
ml_peg/calcs/molecular_dynamics/aluminosilicates_densities/calc_aluminosilicates_densities.py::test_aluminosilicates_densities[2-sanidine-mace-mh-1-omol]
  /leonardo/home/userexternal/mbenass1/ml-peg/.venv/lib/python3.12/site-packages/e3nn/o3/_wigner.py:10: UserWarning: Environment variable TORCH_FORCE_NO_WEIGHTS_ONLY_LOAD detected, since the`weights_only` argument was not explicitly passed to `torch.load`, forcing weights_only=False.
    _Jd, _W3j_flat, _W3j_indices = torch.load(os.path.join(os.path.dirname(__file__), 'constants.pt'))

ml_peg/calcs/molecular_dynamics/aluminosilicates_densities/calc_aluminosilicates_densities.py::test_aluminosilicates_densities[2-sanidine-mace-mh-1-omol]
  /leonardo/home/userexternal/mbenass1/ml-peg/.venv/lib/python3.12/site-packages/mace/calculators/mace.py:226: UserWarning: Environment variable TORCH_FORCE_NO_WEIGHTS_ONLY_LOAD detected, since the`weights_only` argument was not explicitly passed to `torch.load`, forcing weights_only=False.
    torch.load(f=model_path, map_location=device)

-- Docs: https://docs.pytest.org/en/stable/how-to/capture-warnings.html
===== 1 passed, 134 deselected, 2 warnings in 127276.16s (1 day, 11:21:16) =====
Task 71 completato.
Tue Jul 28 06:24:58 CEST 2026
