Task: 7 | Test: 1-sanidine-uma-s-1p1-omat | Nodo: lrdn0404.leonardo.local
GPU: NVIDIA A100-SXM-64GB
Sun Jul 19 11:33:53 CEST 2026
============================= test session starts ==============================
platform linux -- Python 3.12.13, pytest-9.1.0, pluggy-1.6.0 -- /leonardo/home/userexternal/mbenass1/ml-peg/.venv_uma/bin/python3
cachedir: .pytest_cache
rootdir: /leonardo/home/userexternal/mbenass1/ml-peg
configfile: pyproject.toml
plugins: anyio-4.14.0, typeguard-4.5.2, cov-4.1.0, dash-4.2.0, hydra-core-1.3.3
collecting ... collected 135 items / 134 deselected / 1 selected

ml_peg/calcs/molecular_dynamics/aluminosilicates_densities/calc_aluminosilicates_densities.py::test_aluminosilicates_densities[1-sanidine-uma-s-1p1-omat] Loading model from /leonardo/home/userexternal/mbenass1/ml-peg/ml_peg/models/models.yml: uma-s-1p1-omat
  density: 2.0262 g/cm3 | vol: 6334.97 A3
  density: 2.0161 g/cm3 | vol: 6366.87 A3
  density: 2.0455 g/cm3 | vol: 6275.23 A3
  density: 2.0335 g/cm3 | vol: 6312.20 A3
  density: 2.0302 g/cm3 | vol: 6322.60 A3
  density: 2.0236 g/cm3 | vol: 6343.22 A3
  density: 2.0349 g/cm3 | vol: 6308.10 A3
  density: 2.0264 g/cm3 | vol: 6334.34 A3
  density: 2.0336 g/cm3 | vol: 6312.06 A3
  density: 2.0300 g/cm3 | vol: 6323.14 A3
  density: 2.0298 g/cm3 | vol: 6323.76 A3
  density: 2.0194 g/cm3 | vol: 6356.46 A3
  density: 2.0293 g/cm3 | vol: 6325.35 A3
  density: 2.0262 g/cm3 | vol: 6335.11 A3
  density: 2.0185 g/cm3 | vol: 6359.33 A3
  density: 2.0266 g/cm3 | vol: 6333.66 A3
  density: 2.0215 g/cm3 | vol: 6349.88 A3
  density: 2.0416 g/cm3 | vol: 6287.22 A3
  density: 2.0380 g/cm3 | vol: 6298.27 A3
  density: 2.0216 g/cm3 | vol: 6349.33 A3
  density: 2.0263 g/cm3 | vol: 6334.76 A3
Final density (uma-s-1p1-omat, sanidine): 2.0285 +/- 0.0073 g/cm3
PASSED

=============================== warnings summary ===============================
ml_peg/calcs/molecular_dynamics/aluminosilicates_densities/calc_aluminosilicates_densities.py::test_aluminosilicates_densities[1-sanidine-uma-s-1p1-omat]
ml_peg/calcs/molecular_dynamics/aluminosilicates_densities/calc_aluminosilicates_densities.py::test_aluminosilicates_densities[1-sanidine-uma-s-1p1-omat]
ml_peg/calcs/molecular_dynamics/aluminosilicates_densities/calc_aluminosilicates_densities.py::test_aluminosilicates_densities[1-sanidine-uma-s-1p1-omat]
  /leonardo/home/userexternal/mbenass1/ml-peg/.venv_uma/lib/python3.12/site-packages/pkg_resources/__init__.py:3148: DeprecationWarning: Deprecated call to `pkg_resources.declare_namespace('sphinxcontrib')`.
  Implementing implicit namespace packages (as specified in PEP 420) is preferred to `pkg_resources.declare_namespace`. See https://setuptools.pypa.io/en/latest/references/keywords.html#keyword-namespace-packages
    declare_namespace(pkg)

ml_peg/calcs/molecular_dynamics/aluminosilicates_densities/calc_aluminosilicates_densities.py::test_aluminosilicates_densities[1-sanidine-uma-s-1p1-omat]
  /leonardo/home/userexternal/mbenass1/ml-peg/.venv_uma/lib/python3.12/site-packages/ray/serve/_private/config.py:148: PydanticDeprecatedSince20: Using extra keyword arguments on `Field` is deprecated and will be removed. Use `json_schema_extra` instead. (Extra keys: 'update_type'). Deprecated in Pydantic V2.0 to be removed in V3.0. See Pydantic V2 Migration Guide at https://errors.pydantic.dev/2.13/migration/
    num_replicas: Optional[NonNegativeInt] = Field(

ml_peg/calcs/molecular_dynamics/aluminosilicates_densities/calc_aluminosilicates_densities.py::test_aluminosilicates_densities[1-sanidine-uma-s-1p1-omat]
  /leonardo/home/userexternal/mbenass1/ml-peg/.venv_uma/lib/python3.12/site-packages/ray/serve/_private/config.py:151: PydanticDeprecatedSince20: Using extra keyword arguments on `Field` is deprecated and will be removed. Use `json_schema_extra` instead. (Extra keys: 'update_type'). Deprecated in Pydantic V2.0 to be removed in V3.0. See Pydantic V2 Migration Guide at https://errors.pydantic.dev/2.13/migration/
    max_ongoing_requests: PositiveInt = Field(

ml_peg/calcs/molecular_dynamics/aluminosilicates_densities/calc_aluminosilicates_densities.py::test_aluminosilicates_densities[1-sanidine-uma-s-1p1-omat]
  /leonardo/home/userexternal/mbenass1/ml-peg/.venv_uma/lib/python3.12/site-packages/ray/serve/_private/config.py:155: PydanticDeprecatedSince20: Using extra keyword arguments on `Field` is deprecated and will be removed. Use `json_schema_extra` instead. (Extra keys: 'update_type'). Deprecated in Pydantic V2.0 to be removed in V3.0. See Pydantic V2 Migration Guide at https://errors.pydantic.dev/2.13/migration/
    max_queued_requests: int = Field(

ml_peg/calcs/molecular_dynamics/aluminosilicates_densities/calc_aluminosilicates_densities.py::test_aluminosilicates_densities[1-sanidine-uma-s-1p1-omat]
  /leonardo/home/userexternal/mbenass1/ml-peg/.venv_uma/lib/python3.12/site-packages/ray/serve/_private/config.py:159: PydanticDeprecatedSince20: Using extra keyword arguments on `Field` is deprecated and will be removed. Use `json_schema_extra` instead. (Extra keys: 'update_type'). Deprecated in Pydantic V2.0 to be removed in V3.0. See Pydantic V2 Migration Guide at https://errors.pydantic.dev/2.13/migration/
    user_config: Any = Field(

ml_peg/calcs/molecular_dynamics/aluminosilicates_densities/calc_aluminosilicates_densities.py::test_aluminosilicates_densities[1-sanidine-uma-s-1p1-omat]
  /leonardo/home/userexternal/mbenass1/ml-peg/.venv_uma/lib/python3.12/site-packages/ray/serve/_private/config.py:163: PydanticDeprecatedSince20: Using extra keyword arguments on `Field` is deprecated and will be removed. Use `json_schema_extra` instead. (Extra keys: 'update_type'). Deprecated in Pydantic V2.0 to be removed in V3.0. See Pydantic V2 Migration Guide at https://errors.pydantic.dev/2.13/migration/
    graceful_shutdown_timeout_s: NonNegativeFloat = Field(

ml_peg/calcs/molecular_dynamics/aluminosilicates_densities/calc_aluminosilicates_densities.py::test_aluminosilicates_densities[1-sanidine-uma-s-1p1-omat]
  /leonardo/home/userexternal/mbenass1/ml-peg/.venv_uma/lib/python3.12/site-packages/ray/serve/_private/config.py:167: PydanticDeprecatedSince20: Using extra keyword arguments on `Field` is deprecated and will be removed. Use `json_schema_extra` instead. (Extra keys: 'update_type'). Deprecated in Pydantic V2.0 to be removed in V3.0. See Pydantic V2 Migration Guide at https://errors.pydantic.dev/2.13/migration/
    graceful_shutdown_wait_loop_s: NonNegativeFloat = Field(

ml_peg/calcs/molecular_dynamics/aluminosilicates_densities/calc_aluminosilicates_densities.py::test_aluminosilicates_densities[1-sanidine-uma-s-1p1-omat]
  /leonardo/home/userexternal/mbenass1/ml-peg/.venv_uma/lib/python3.12/site-packages/ray/serve/_private/config.py:172: PydanticDeprecatedSince20: Using extra keyword arguments on `Field` is deprecated and will be removed. Use `json_schema_extra` instead. (Extra keys: 'update_type'). Deprecated in Pydantic V2.0 to be removed in V3.0. See Pydantic V2 Migration Guide at https://errors.pydantic.dev/2.13/migration/
    health_check_period_s: PositiveFloat = Field(

ml_peg/calcs/molecular_dynamics/aluminosilicates_densities/calc_aluminosilicates_densities.py::test_aluminosilicates_densities[1-sanidine-uma-s-1p1-omat]
  /leonardo/home/userexternal/mbenass1/ml-peg/.venv_uma/lib/python3.12/site-packages/ray/serve/_private/config.py:176: PydanticDeprecatedSince20: Using extra keyword arguments on `Field` is deprecated and will be removed. Use `json_schema_extra` instead. (Extra keys: 'update_type'). Deprecated in Pydantic V2.0 to be removed in V3.0. See Pydantic V2 Migration Guide at https://errors.pydantic.dev/2.13/migration/
    health_check_timeout_s: PositiveFloat = Field(

ml_peg/calcs/molecular_dynamics/aluminosilicates_densities/calc_aluminosilicates_densities.py::test_aluminosilicates_densities[1-sanidine-uma-s-1p1-omat]
  /leonardo/home/userexternal/mbenass1/ml-peg/.venv_uma/lib/python3.12/site-packages/ray/serve/_private/config.py:181: PydanticDeprecatedSince20: Using extra keyword arguments on `Field` is deprecated and will be removed. Use `json_schema_extra` instead. (Extra keys: 'update_type'). Deprecated in Pydantic V2.0 to be removed in V3.0. See Pydantic V2 Migration Guide at https://errors.pydantic.dev/2.13/migration/
    autoscaling_config: Optional[AutoscalingConfig] = Field(

ml_peg/calcs/molecular_dynamics/aluminosilicates_densities/calc_aluminosilicates_densities.py::test_aluminosilicates_densities[1-sanidine-uma-s-1p1-omat]
  /leonardo/home/userexternal/mbenass1/ml-peg/.venv_uma/lib/python3.12/site-packages/ray/serve/_private/config.py:185: PydanticDeprecatedSince20: Using extra keyword arguments on `Field` is deprecated and will be removed. Use `json_schema_extra` instead. (Extra keys: 'update_type'). Deprecated in Pydantic V2.0 to be removed in V3.0. See Pydantic V2 Migration Guide at https://errors.pydantic.dev/2.13/migration/
    request_router_config: RequestRouterConfig = Field(

ml_peg/calcs/molecular_dynamics/aluminosilicates_densities/calc_aluminosilicates_densities.py::test_aluminosilicates_densities[1-sanidine-uma-s-1p1-omat]
  /leonardo/home/userexternal/mbenass1/ml-peg/.venv_uma/lib/python3.12/site-packages/ray/serve/_private/config.py:198: PydanticDeprecatedSince20: Using extra keyword arguments on `Field` is deprecated and will be removed. Use `json_schema_extra` instead. (Extra keys: 'update_type'). Deprecated in Pydantic V2.0 to be removed in V3.0. See Pydantic V2 Migration Guide at https://errors.pydantic.dev/2.13/migration/
    version: Optional[str] = Field(

ml_peg/calcs/molecular_dynamics/aluminosilicates_densities/calc_aluminosilicates_densities.py::test_aluminosilicates_densities[1-sanidine-uma-s-1p1-omat]
  /leonardo/home/userexternal/mbenass1/ml-peg/.venv_uma/lib/python3.12/site-packages/ray/serve/_private/config.py:203: PydanticDeprecatedSince20: Using extra keyword arguments on `Field` is deprecated and will be removed. Use `json_schema_extra` instead. (Extra keys: 'update_type'). Deprecated in Pydantic V2.0 to be removed in V3.0. See Pydantic V2 Migration Guide at https://errors.pydantic.dev/2.13/migration/
    logging_config: Optional[dict] = Field(

ml_peg/calcs/molecular_dynamics/aluminosilicates_densities/calc_aluminosilicates_densities.py::test_aluminosilicates_densities[1-sanidine-uma-s-1p1-omat]
  /leonardo/home/userexternal/mbenass1/ml-peg/.venv_uma/lib/python3.12/site-packages/ray/serve/_private/config.py:208: PydanticDeprecatedSince20: Using extra keyword arguments on `Field` is deprecated and will be removed. Use `json_schema_extra` instead. (Extra keys: 'update_type'). Deprecated in Pydantic V2.0 to be removed in V3.0. See Pydantic V2 Migration Guide at https://errors.pydantic.dev/2.13/migration/
    max_constructor_retry_count: PositiveInt = Field(

ml_peg/calcs/molecular_dynamics/aluminosilicates_densities/calc_aluminosilicates_densities.py::test_aluminosilicates_densities[1-sanidine-uma-s-1p1-omat]
  /leonardo/home/userexternal/mbenass1/ml-peg/.venv_uma/lib/python3.12/site-packages/ray/serve/_private/config.py:212: PydanticDeprecatedSince20: Using extra keyword arguments on `Field` is deprecated and will be removed. Use `json_schema_extra` instead. (Extra keys: 'update_type'). Deprecated in Pydantic V2.0 to be removed in V3.0. See Pydantic V2 Migration Guide at https://errors.pydantic.dev/2.13/migration/
    gang_scheduling_config: Optional[GangSchedulingConfig] = Field(

ml_peg/calcs/molecular_dynamics/aluminosilicates_densities/calc_aluminosilicates_densities.py::test_aluminosilicates_densities[1-sanidine-uma-s-1p1-omat]
  /leonardo/home/userexternal/mbenass1/ml-peg/.venv_uma/lib/python3.12/site-packages/ray/serve/_private/config.py:217: PydanticDeprecatedSince20: Using extra keyword arguments on `Field` is deprecated and will be removed. Use `json_schema_extra` instead. (Extra keys: 'update_type'). Deprecated in Pydantic V2.0 to be removed in V3.0. See Pydantic V2 Migration Guide at https://errors.pydantic.dev/2.13/migration/
    deployment_actors: Optional[List[DeploymentActorConfig]] = Field(

ml_peg/calcs/molecular_dynamics/aluminosilicates_densities/calc_aluminosilicates_densities.py::test_aluminosilicates_densities[1-sanidine-uma-s-1p1-omat]
  /leonardo/home/userexternal/mbenass1/ml-peg/.venv_uma/lib/python3.12/site-packages/fairchem/core/models/uma/escn_md.py:384: UserWarning: Environment variable TORCH_FORCE_NO_WEIGHTS_ONLY_LOAD detected, since the`weights_only` argument was not explicitly passed to `torch.load`, forcing weights_only=False.
    Jd_list = torch.load(os.path.join(os.path.dirname(__file__), "Jd.pt"))

-- Docs: https://docs.pytest.org/en/stable/how-to/capture-warnings.html
===== 1 passed, 134 deselected, 19 warnings in 115443.95s (1 day, 8:04:03) =====
Task 7 completato.
Mon Jul 20 19:38:03 CEST 2026
