Task: 20 | Test: 2-albite-mace-mpa-0 | Nodo: lrdn0053.leonardo.local
GPU: NVIDIA A100-SXM-64GB
Mon Jul 20 04:32:25 CEST 2026
============================= test session starts ==============================
platform linux -- Python 3.12.13, pytest-9.1.0, pluggy-1.6.0 -- /leonardo/home/userexternal/mbenass1/ml-peg/.venv/bin/python
cachedir: .pytest_cache
rootdir: /leonardo/home/userexternal/mbenass1/ml-peg
configfile: pyproject.toml
plugins: anyio-4.14.0, typeguard-4.5.2, cov-4.1.0, dash-4.2.0, hydra-core-1.3.3
collecting ... collected 135 items / 134 deselected / 1 selected

ml_peg/calcs/molecular_dynamics/aluminosilicates_densities/calc_aluminosilicates_densities.py::test_aluminosilicates_densities[2-albite-mace-mpa-0] Loading model from /leonardo/home/userexternal/mbenass1/ml-peg/ml_peg/models/models.yml: mace-mpa-0
cuequivariance or cuequivariance_torch is not available. Cuequivariance acceleration will be disabled.
Using medium MPA-0 model as default MACE-MP model, to use previous (before 3.10) default model please specify 'medium' as model argument
Using Materials Project MACE for MACECalculator with /leonardo/home/userexternal/mbenass1/.cache/mace/macempa0mediummodel
Using float32 for MACECalculator, which is faster but less accurate. Recommended for MD. Use float64 for geometry optimization.
  density: 2.1808 g/cm3 | vol: 5411.64 A3
  density: 2.1912 g/cm3 | vol: 5385.95 A3
  density: 2.1889 g/cm3 | vol: 5391.64 A3
  density: 2.1819 g/cm3 | vol: 5409.01 A3
  density: 2.1719 g/cm3 | vol: 5433.70 A3
  density: 2.1876 g/cm3 | vol: 5394.70 A3
  density: 2.1703 g/cm3 | vol: 5437.75 A3
  density: 2.1785 g/cm3 | vol: 5417.27 A3
  density: 2.1943 g/cm3 | vol: 5378.41 A3
  density: 2.1733 g/cm3 | vol: 5430.38 A3
  density: 2.1748 g/cm3 | vol: 5426.54 A3
  density: 2.1896 g/cm3 | vol: 5389.79 A3
  density: 2.1979 g/cm3 | vol: 5369.63 A3
  density: 2.1891 g/cm3 | vol: 5391.09 A3
  density: 2.1963 g/cm3 | vol: 5373.51 A3
  density: 2.1854 g/cm3 | vol: 5400.17 A3
  density: 2.1854 g/cm3 | vol: 5400.15 A3
  density: 2.1718 g/cm3 | vol: 5434.04 A3
  density: 2.1797 g/cm3 | vol: 5414.26 A3
  density: 2.1759 g/cm3 | vol: 5423.84 A3
  density: 2.1647 g/cm3 | vol: 5451.89 A3
Final density (mace-mpa-0, albite): 2.1824 +/- 0.0091 g/cm3
PASSED

=============================== warnings summary ===============================
ml_peg/calcs/molecular_dynamics/aluminosilicates_densities/calc_aluminosilicates_densities.py::test_aluminosilicates_densities[2-albite-mace-mpa-0]
  /leonardo/home/userexternal/mbenass1/ml-peg/.venv/lib/python3.12/site-packages/e3nn/o3/_wigner.py:10: UserWarning: Environment variable TORCH_FORCE_NO_WEIGHTS_ONLY_LOAD detected, since the`weights_only` argument was not explicitly passed to `torch.load`, forcing weights_only=False.
    _Jd, _W3j_flat, _W3j_indices = torch.load(os.path.join(os.path.dirname(__file__), 'constants.pt'))

ml_peg/calcs/molecular_dynamics/aluminosilicates_densities/calc_aluminosilicates_densities.py::test_aluminosilicates_densities[2-albite-mace-mpa-0]
  /leonardo/home/userexternal/mbenass1/ml-peg/.venv/lib/python3.12/site-packages/mace/calculators/mace.py:226: UserWarning: Environment variable TORCH_FORCE_NO_WEIGHTS_ONLY_LOAD detected, since the`weights_only` argument was not explicitly passed to `torch.load`, forcing weights_only=False.
    torch.load(f=model_path, map_location=device)

-- Docs: https://docs.pytest.org/en/stable/how-to/capture-warnings.html
===== 1 passed, 134 deselected, 2 warnings in 100889.96s (1 day, 4:01:29) ======
Task 20 completato.
Tue Jul 21 08:33:59 CEST 2026
