Task: 100 | Test: 1-albite-orb-v3-consv-inf-omat | Nodo: lrdn0362.leonardo.local
GPU: NVIDIA A100-SXM-64GB
Tue Jul 28 16:47:35 CEST 2026
============================= test session starts ==============================
platform linux -- Python 3.12.13, pytest-9.1.0, pluggy-1.6.0 -- /leonardo/home/userexternal/mbenass1/ml-peg/.venv/bin/python
cachedir: .pytest_cache
rootdir: /leonardo/home/userexternal/mbenass1/ml-peg
configfile: pyproject.toml
plugins: anyio-4.14.0, typeguard-4.5.2, cov-4.1.0, dash-4.2.0, hydra-core-1.3.3
collecting ... collected 135 items / 134 deselected / 1 selected

ml_peg/calcs/molecular_dynamics/aluminosilicates_densities/calc_aluminosilicates_densities.py::test_aluminosilicates_densities[1-albite-orb-v3-consv-inf-omat] Loading model from /leonardo/home/userexternal/mbenass1/ml-peg/ml_peg/models/models.yml: orb-v3-consv-inf-omat
  density: 2.2476 g/cm3 | vol: 5250.79 A3
  density: 2.2476 g/cm3 | vol: 5250.73 A3
  density: 2.2540 g/cm3 | vol: 5235.89 A3
  density: 2.2532 g/cm3 | vol: 5237.85 A3
  density: 2.2459 g/cm3 | vol: 5254.84 A3
  density: 2.2417 g/cm3 | vol: 5264.68 A3
  density: 2.2482 g/cm3 | vol: 5249.46 A3
  density: 2.2558 g/cm3 | vol: 5231.74 A3
  density: 2.2603 g/cm3 | vol: 5221.38 A3
  density: 2.2557 g/cm3 | vol: 5231.94 A3
  density: 2.2651 g/cm3 | vol: 5210.23 A3
  density: 2.2448 g/cm3 | vol: 5257.40 A3
  density: 2.2353 g/cm3 | vol: 5279.65 A3
  density: 2.2466 g/cm3 | vol: 5253.03 A3
  density: 2.2448 g/cm3 | vol: 5257.40 A3
  density: 2.2434 g/cm3 | vol: 5260.52 A3
  density: 2.2453 g/cm3 | vol: 5256.11 A3
  density: 2.2528 g/cm3 | vol: 5238.59 A3
  density: 2.2475 g/cm3 | vol: 5251.03 A3
  density: 2.2525 g/cm3 | vol: 5239.43 A3
  density: 2.2481 g/cm3 | vol: 5249.66 A3
Final density (orb-v3-consv-inf-omat, albite): 2.2493 +/- 0.0065 g/cm3
PASSED

=============================== warnings summary ===============================
ml_peg/calcs/molecular_dynamics/aluminosilicates_densities/calc_aluminosilicates_densities.py::test_aluminosilicates_densities[1-albite-orb-v3-consv-inf-omat]
  <frozen importlib._bootstrap>:488: DeprecationWarning: Type google._upb._message.MessageMapContainer uses PyType_Spec with a metaclass that has custom tp_new. This is deprecated and will no longer be allowed in Python 3.14.

ml_peg/calcs/molecular_dynamics/aluminosilicates_densities/calc_aluminosilicates_densities.py::test_aluminosilicates_densities[1-albite-orb-v3-consv-inf-omat]
  <frozen importlib._bootstrap>:488: DeprecationWarning: Type google._upb._message.ScalarMapContainer uses PyType_Spec with a metaclass that has custom tp_new. This is deprecated and will no longer be allowed in Python 3.14.

ml_peg/calcs/molecular_dynamics/aluminosilicates_densities/calc_aluminosilicates_densities.py::test_aluminosilicates_densities[1-albite-orb-v3-consv-inf-omat]
  /leonardo/home/userexternal/mbenass1/ml-peg/.venv/lib/python3.12/site-packages/orb_models/common/training/util.py:20: UserWarning: Setting global torch default dtype to torch.float64.
    warnings.warn(f"Setting global torch default dtype to {torch_dtype}.")

ml_peg/calcs/molecular_dynamics/aluminosilicates_densities/calc_aluminosilicates_densities.py::test_aluminosilicates_densities[1-albite-orb-v3-consv-inf-omat]
  /leonardo/home/userexternal/mbenass1/ml-peg/.venv/lib/python3.12/site-packages/orb_models/common/training/util.py:22: UserWarning: Consider passing 'precision=float32-high' for significantly higher (>2x) model throughput if high precision is not required.
    warnings.warn(

-- Docs: https://docs.pytest.org/en/stable/how-to/capture-warnings.html
====== 1 passed, 134 deselected, 4 warnings in 96260.46s (1 day, 2:44:20) ======
Task 100 completato.
Wed Jul 29 19:32:03 CEST 2026
