Task: 108 | Test: 0-albite-pet-mad | Nodo: lrdn2605.leonardo.local
GPU: NVIDIA A100-SXM-64GB
Fri Jul 24 09:11:11 CEST 2026
============================= test session starts ==============================
platform linux -- Python 3.12.13, pytest-9.1.0, pluggy-1.6.0 -- /leonardo/home/userexternal/mbenass1/ml-peg/.venv/bin/python
cachedir: .pytest_cache
rootdir: /leonardo/home/userexternal/mbenass1/ml-peg
configfile: pyproject.toml
plugins: anyio-4.14.0, typeguard-4.5.2, cov-4.1.0, dash-4.2.0, hydra-core-1.3.3
collecting ... collected 135 items / 134 deselected / 1 selected

ml_peg/calcs/molecular_dynamics/aluminosilicates_densities/calc_aluminosilicates_densities.py::test_aluminosilicates_densities[0-albite-pet-mad] Loading model from /leonardo/home/userexternal/mbenass1/ml-peg/ml_peg/models/models.yml: pet-mad
  density: 2.3394 g/cm3 | vol: 5044.84 A3
  density: 2.3387 g/cm3 | vol: 5046.19 A3
  density: 2.3349 g/cm3 | vol: 5054.53 A3
  density: 2.3389 g/cm3 | vol: 5045.84 A3
  density: 2.3286 g/cm3 | vol: 5068.15 A3
  density: 2.3393 g/cm3 | vol: 5044.91 A3
  density: 2.3381 g/cm3 | vol: 5047.65 A3
  density: 2.3269 g/cm3 | vol: 5071.91 A3
  density: 2.3448 g/cm3 | vol: 5033.14 A3
  density: 2.3406 g/cm3 | vol: 5042.17 A3
  density: 2.3397 g/cm3 | vol: 5044.13 A3
  density: 2.3500 g/cm3 | vol: 5022.06 A3
  density: 2.3428 g/cm3 | vol: 5037.46 A3
  density: 2.3355 g/cm3 | vol: 5053.14 A3
  density: 2.3265 g/cm3 | vol: 5072.82 A3
  density: 2.3425 g/cm3 | vol: 5038.10 A3
  density: 2.3396 g/cm3 | vol: 5044.40 A3
  density: 2.3485 g/cm3 | vol: 5025.26 A3
  density: 2.3454 g/cm3 | vol: 5031.95 A3
  density: 2.3197 g/cm3 | vol: 5087.69 A3
  density: 2.3360 g/cm3 | vol: 5052.11 A3
Final density (pet-mad, albite): 2.3379 +/- 0.0073 g/cm3
PASSED

=============================== warnings summary ===============================
ml_peg/calcs/molecular_dynamics/aluminosilicates_densities/calc_aluminosilicates_densities.py::test_aluminosilicates_densities[0-albite-pet-mad]
  /leonardo/home/userexternal/mbenass1/ml-peg/.venv/lib/python3.12/site-packages/metatomic/torch/ase_calculator.py:37: DeprecationWarning: The 'nvalchemiops.neighborlist' module has been renamed to 'nvalchemiops.neighbors'. Please update your imports from 'nvalchemiops.neighborlist' to 'nvalchemiops.neighbors'. This backwards-compatible alias will be removed in a future version.
    from nvalchemiops.neighborlist import neighbor_list as nvalchemi_neighbor_list

ml_peg/calcs/molecular_dynamics/aluminosilicates_densities/calc_aluminosilicates_densities.py::test_aluminosilicates_densities[0-albite-pet-mad]
ml_peg/calcs/molecular_dynamics/aluminosilicates_densities/calc_aluminosilicates_densities.py::test_aluminosilicates_densities[0-albite-pet-mad]
  /leonardo/home/userexternal/mbenass1/ml-peg/.venv/lib/python3.12/site-packages/metatomic/torch/ase_calculator.py:37: DeprecationWarning: From version 0.3.0 onwards, PyTorch is now an optional dependency and the `nvalchemiops.neighborlist` namespace is reserved for `warp` kernels directly. For end-users, import from `nvalchemiops.torch.neighbors` instead.
    from nvalchemiops.neighborlist import neighbor_list as nvalchemi_neighbor_list

ml_peg/calcs/molecular_dynamics/aluminosilicates_densities/calc_aluminosilicates_densities.py::test_aluminosilicates_densities[0-albite-pet-mad]
  /leonardo/home/userexternal/mbenass1/ml-peg/.venv/lib/python3.12/site-packages/warp/_src/torch.py:271: UserWarning: The .grad attribute of a Tensor that is not a leaf Tensor is being accessed. Its .grad attribute won't be populated during autograd.backward(). If you indeed want the .grad field to be populated for a non-leaf Tensor, use .retain_grad() on the non-leaf Tensor. If you access the non-leaf Tensor by mistake, make sure you access the leaf Tensor instead. See github.com/pytorch/pytorch/pull/30531 for more informations. (Triggered internally at /pytorch/build/aten/src/ATen/core/TensorBody.h:489.)
    if t.grad is not None:

ml_peg/calcs/molecular_dynamics/aluminosilicates_densities/calc_aluminosilicates_densities.py::test_aluminosilicates_densities[0-albite-pet-mad]
  /leonardo/home/userexternal/mbenass1/ml-peg/.venv/lib/python3.12/site-packages/metatomic/torch/ase_calculator.py:1482: UserWarning: `compute_requested_neighbors_from_options` is deprecated and will be removed in a future version. Please use `neighbor_lists_for_model` to get the calculators and call them directly.
    vesin.metatomic.compute_requested_neighbors_from_options(

ml_peg/calcs/molecular_dynamics/aluminosilicates_densities/calc_aluminosilicates_densities.py::test_aluminosilicates_densities[0-albite-pet-mad]
  /leonardo/home/userexternal/mbenass1/ml-peg/.venv/lib/python3.12/site-packages/pet_mad/calculator.py:200: UserWarning: Some of the atomic energy uncertainties are larger than the threshold of 0.1 eV. The prediction is above the threshold for atoms [ 45  94 102 104 123 129].
    self.calculator.calculate(atoms, properties, system_changes)

ml_peg/calcs/molecular_dynamics/aluminosilicates_densities/calc_aluminosilicates_densities.py::test_aluminosilicates_densities[0-albite-pet-mad]
  /leonardo/home/userexternal/mbenass1/ml-peg/.venv/lib/python3.12/site-packages/pet_mad/calculator.py:200: UserWarning: Some of the atomic energy uncertainties are larger than the threshold of 0.1 eV. The prediction is above the threshold for atoms [ 45  94 102 104 123].
    self.calculator.calculate(atoms, properties, system_changes)

ml_peg/calcs/molecular_dynamics/aluminosilicates_densities/calc_aluminosilicates_densities.py::test_aluminosilicates_densities[0-albite-pet-mad]
  /leonardo/home/userexternal/mbenass1/ml-peg/.venv/lib/python3.12/site-packages/pet_mad/calculator.py:200: UserWarning: Some of the atomic energy uncertainties are larger than the threshold of 0.1 eV. The prediction is above the threshold for atoms [ 45  94 123].
    self.calculator.calculate(atoms, properties, system_changes)

ml_peg/calcs/molecular_dynamics/aluminosilicates_densities/calc_aluminosilicates_densities.py::test_aluminosilicates_densities[0-albite-pet-mad]
  /leonardo/home/userexternal/mbenass1/ml-peg/.venv/lib/python3.12/site-packages/pet_mad/calculator.py:200: UserWarning: Some of the atomic energy uncertainties are larger than the threshold of 0.1 eV. The prediction is above the threshold for atoms [ 45  77  94 123].
    self.calculator.calculate(atoms, properties, system_changes)

ml_peg/calcs/molecular_dynamics/aluminosilicates_densities/calc_aluminosilicates_densities.py::test_aluminosilicates_densities[0-albite-pet-mad]
  /leonardo/home/userexternal/mbenass1/ml-peg/.venv/lib/python3.12/site-packages/pet_mad/calculator.py:200: UserWarning: Some of the atomic energy uncertainties are larger than the threshold of 0.1 eV. The prediction is above the threshold for atoms [ 33  77  94 123].
    self.calculator.calculate(atoms, properties, system_changes)

ml_peg/calcs/molecular_dynamics/aluminosilicates_densities/calc_aluminosilicates_densities.py::test_aluminosilicates_densities[0-albite-pet-mad]
  /leonardo/home/userexternal/mbenass1/ml-peg/.venv/lib/python3.12/site-packages/pet_mad/calculator.py:200: UserWarning: Some of the atomic energy uncertainties are larger than the threshold of 0.1 eV. The prediction is above the threshold for atoms [ 33  77  94 119 123].
    self.calculator.calculate(atoms, properties, system_changes)

ml_peg/calcs/molecular_dynamics/aluminosilicates_densities/calc_aluminosilicates_densities.py::test_aluminosilicates_densities[0-albite-pet-mad]
  /leonardo/home/userexternal/mbenass1/ml-peg/.venv/lib/python3.12/site-packages/pet_mad/calculator.py:200: UserWarning: Some of the atomic energy uncertainties are larger than the threshold of 0.1 eV. The prediction is above the threshold for atoms [ 33  77  86  94 119 123].
    self.calculator.calculate(atoms, properties, system_changes)

ml_peg/calcs/molecular_dynamics/aluminosilicates_densities/calc_aluminosilicates_densities.py::test_aluminosilicates_densities[0-albite-pet-mad]
  /leonardo/home/userexternal/mbenass1/ml-peg/.venv/lib/python3.12/site-packages/pet_mad/calculator.py:200: UserWarning: Some of the atomic energy uncertainties are larger than the threshold of 0.1 eV. The prediction is above the threshold for atoms [ 33  45  77  86  94 119 123 129 134].
    self.calculator.calculate(atoms, properties, system_changes)

ml_peg/calcs/molecular_dynamics/aluminosilicates_densities/calc_aluminosilicates_densities.py::test_aluminosilicates_densities[0-albite-pet-mad]
  /leonardo/home/userexternal/mbenass1/ml-peg/.venv/lib/python3.12/site-packages/pet_mad/calculator.py:200: UserWarning: Some of the atomic energy uncertainties are larger than the threshold of 0.1 eV. The prediction is above the threshold for atoms [ 33  45  77  86  94 119 123 129].
    self.calculator.calculate(atoms, properties, system_changes)

ml_peg/calcs/molecular_dynamics/aluminosilicates_densities/calc_aluminosilicates_densities.py::test_aluminosilicates_densities[0-albite-pet-mad]
  /leonardo/home/userexternal/mbenass1/ml-peg/.venv/lib/python3.12/site-packages/pet_mad/calculator.py:200: UserWarning: Some of the atomic energy uncertainties are larger than the threshold of 0.1 eV. The prediction is above the threshold for atoms [ 33  45  86  94 119 123 129].
    self.calculator.calculate(atoms, properties, system_changes)

ml_peg/calcs/molecular_dynamics/aluminosilicates_densities/calc_aluminosilicates_densities.py::test_aluminosilicates_densities[0-albite-pet-mad]
  /leonardo/home/userexternal/mbenass1/ml-peg/.venv/lib/python3.12/site-packages/pet_mad/calculator.py:200: UserWarning: Some of the atomic energy uncertainties are larger than the threshold of 0.1 eV. The prediction is above the threshold for atoms [ 33  45  86  94 119 129].
    self.calculator.calculate(atoms, properties, system_changes)

ml_peg/calcs/molecular_dynamics/aluminosilicates_densities/calc_aluminosilicates_densities.py::test_aluminosilicates_densities[0-albite-pet-mad]
  /leonardo/home/userexternal/mbenass1/ml-peg/.venv/lib/python3.12/site-packages/pet_mad/calculator.py:200: UserWarning: Some of the atomic energy uncertainties are larger than the threshold of 0.1 eV. The prediction is above the threshold for atoms [ 33  45  86  90  94 119 129].
    self.calculator.calculate(atoms, properties, system_changes)

ml_peg/calcs/molecular_dynamics/aluminosilicates_densities/calc_aluminosilicates_densities.py::test_aluminosilicates_densities[0-albite-pet-mad]
  /leonardo/home/userexternal/mbenass1/ml-peg/.venv/lib/python3.12/site-packages/pet_mad/calculator.py:200: UserWarning: Some of the atomic energy uncertainties are larger than the threshold of 0.1 eV. The prediction is above the threshold for atoms [ 33  45  86  90  94 129].
    self.calculator.calculate(atoms, properties, system_changes)

ml_peg/calcs/molecular_dynamics/aluminosilicates_densities/calc_aluminosilicates_densities.py::test_aluminosilicates_densities[0-albite-pet-mad]
  /leonardo/home/userexternal/mbenass1/ml-peg/.venv/lib/python3.12/site-packages/pet_mad/calculator.py:200: UserWarning: Some of the atomic energy uncertainties are larger than the threshold of 0.1 eV. The prediction is above the threshold for atoms [ 33  45  85  86  90  94 129].
    self.calculator.calculate(atoms, properties, system_changes)

ml_peg/calcs/molecular_dynamics/aluminosilicates_densities/calc_aluminosilicates_densities.py::test_aluminosilicates_densities[0-albite-pet-mad]
  /leonardo/home/userexternal/mbenass1/ml-peg/.venv/lib/python3.12/site-packages/pet_mad/calculator.py:200: UserWarning: Some of the atomic energy uncertainties are larger than the threshold of 0.1 eV. The prediction is above the threshold for atoms [ 33  45  85  86  94 129].
    self.calculator.calculate(atoms, properties, system_changes)

ml_peg/calcs/molecular_dynamics/aluminosilicates_densities/calc_aluminosilicates_densities.py::test_aluminosilicates_densities[0-albite-pet-mad]
  /leonardo/home/userexternal/mbenass1/ml-peg/.venv/lib/python3.12/site-packages/pet_mad/calculator.py:200: UserWarning: Some of the atomic energy uncertainties are larger than the threshold of 0.1 eV. The prediction is above the threshold for atoms [ 33  45  85  86 129].
    self.calculator.calculate(atoms, properties, system_changes)

ml_peg/calcs/molecular_dynamics/aluminosilicates_densities/calc_aluminosilicates_densities.py::test_aluminosilicates_densities[0-albite-pet-mad]
  /leonardo/home/userexternal/mbenass1/ml-peg/.venv/lib/python3.12/site-packages/pet_mad/calculator.py:200: UserWarning: Some of the atomic energy uncertainties are larger than the threshold of 0.1 eV. The prediction is above the threshold for atoms [ 85  86 120].
    self.calculator.calculate(atoms, properties, system_changes)

ml_peg/calcs/molecular_dynamics/aluminosilicates_densities/calc_aluminosilicates_densities.py::test_aluminosilicates_densities[0-albite-pet-mad]
  /leonardo/home/userexternal/mbenass1/ml-peg/.venv/lib/python3.12/site-packages/pet_mad/calculator.py:200: UserWarning: Some of the atomic energy uncertainties are larger than the threshold of 0.1 eV. The prediction is above the threshold for atoms [ 85  86 118 120].
    self.calculator.calculate(atoms, properties, system_changes)

ml_peg/calcs/molecular_dynamics/aluminosilicates_densities/calc_aluminosilicates_densities.py::test_aluminosilicates_densities[0-albite-pet-mad]
  /leonardo/home/userexternal/mbenass1/ml-peg/.venv/lib/python3.12/site-packages/pet_mad/calculator.py:200: UserWarning: Some of the atomic energy uncertainties are larger than the threshold of 0.1 eV. The prediction is above the threshold for atoms [ 86 120].
    self.calculator.calculate(atoms, properties, system_changes)

ml_peg/calcs/molecular_dynamics/aluminosilicates_densities/calc_aluminosilicates_densities.py::test_aluminosilicates_densities[0-albite-pet-mad]
  /leonardo/home/userexternal/mbenass1/ml-peg/.venv/lib/python3.12/site-packages/pet_mad/calculator.py:200: UserWarning: Some of the atomic energy uncertainties are larger than the threshold of 0.1 eV. The prediction is above the threshold for atoms [120].
    self.calculator.calculate(atoms, properties, system_changes)

ml_peg/calcs/molecular_dynamics/aluminosilicates_densities/calc_aluminosilicates_densities.py::test_aluminosilicates_densities[0-albite-pet-mad]
  /leonardo/home/userexternal/mbenass1/ml-peg/.venv/lib/python3.12/site-packages/pet_mad/calculator.py:200: UserWarning: Some of the atomic energy uncertainties are larger than the threshold of 0.1 eV. The prediction is above the threshold for atoms [51].
    self.calculator.calculate(atoms, properties, system_changes)

ml_peg/calcs/molecular_dynamics/aluminosilicates_densities/calc_aluminosilicates_densities.py::test_aluminosilicates_densities[0-albite-pet-mad]
  /leonardo/home/userexternal/mbenass1/ml-peg/.venv/lib/python3.12/site-packages/pet_mad/calculator.py:200: UserWarning: Some of the atomic energy uncertainties are larger than the threshold of 0.1 eV. The prediction is above the threshold for atoms [ 51 107].
    self.calculator.calculate(atoms, properties, system_changes)

ml_peg/calcs/molecular_dynamics/aluminosilicates_densities/calc_aluminosilicates_densities.py::test_aluminosilicates_densities[0-albite-pet-mad]
  /leonardo/home/userexternal/mbenass1/ml-peg/.venv/lib/python3.12/site-packages/pet_mad/calculator.py:200: UserWarning: Some of the atomic energy uncertainties are larger than the threshold of 0.1 eV. The prediction is above the threshold for atoms [78].
    self.calculator.calculate(atoms, properties, system_changes)

ml_peg/calcs/molecular_dynamics/aluminosilicates_densities/calc_aluminosilicates_densities.py::test_aluminosilicates_densities[0-albite-pet-mad]
  /leonardo/home/userexternal/mbenass1/ml-peg/.venv/lib/python3.12/site-packages/pet_mad/calculator.py:200: UserWarning: Some of the atomic energy uncertainties are larger than the threshold of 0.1 eV. The prediction is above the threshold for atoms [60].
    self.calculator.calculate(atoms, properties, system_changes)

ml_peg/calcs/molecular_dynamics/aluminosilicates_densities/calc_aluminosilicates_densities.py::test_aluminosilicates_densities[0-albite-pet-mad]
  /leonardo/home/userexternal/mbenass1/ml-peg/.venv/lib/python3.12/site-packages/pet_mad/calculator.py:200: UserWarning: Some of the atomic energy uncertainties are larger than the threshold of 0.1 eV. The prediction is above the threshold for atoms [111].
    self.calculator.calculate(atoms, properties, system_changes)

ml_peg/calcs/molecular_dynamics/aluminosilicates_densities/calc_aluminosilicates_densities.py::test_aluminosilicates_densities[0-albite-pet-mad]
  /leonardo/home/userexternal/mbenass1/ml-peg/.venv/lib/python3.12/site-packages/pet_mad/calculator.py:200: UserWarning: Some of the atomic energy uncertainties are larger than the threshold of 0.1 eV. The prediction is above the threshold for atoms [133].
    self.calculator.calculate(atoms, properties, system_changes)

ml_peg/calcs/molecular_dynamics/aluminosilicates_densities/calc_aluminosilicates_densities.py::test_aluminosilicates_densities[0-albite-pet-mad]
  /leonardo/home/userexternal/mbenass1/ml-peg/.venv/lib/python3.12/site-packages/pet_mad/calculator.py:200: UserWarning: Some of the atomic energy uncertainties are larger than the threshold of 0.1 eV. The prediction is above the threshold for atoms [83].
    self.calculator.calculate(atoms, properties, system_changes)

-- Docs: https://docs.pytest.org/en/stable/how-to/capture-warnings.html
========= 1 passed, 134 deselected, 32 warnings in 34201.82s (9:30:01) =========
Task 108 completato.
Fri Jul 24 18:41:21 CEST 2026
