Task: 68 | Test: 2-anorthite-mace-mh-1-omol | Nodo: lrdn2009.leonardo.local
GPU: NVIDIA A100-SXM-64GB
Sun Jul 26 19:03:36 CEST 2026
============================= test session starts ==============================
platform linux -- Python 3.12.13, pytest-9.1.0, pluggy-1.6.0 -- /leonardo/home/userexternal/mbenass1/ml-peg/.venv/bin/python
cachedir: .pytest_cache
rootdir: /leonardo/home/userexternal/mbenass1/ml-peg
configfile: pyproject.toml
plugins: anyio-4.14.0, typeguard-4.5.2, cov-4.1.0, dash-4.2.0, hydra-core-1.3.3
collecting ... collected 135 items / 134 deselected / 1 selected

ml_peg/calcs/molecular_dynamics/aluminosilicates_densities/calc_aluminosilicates_densities.py::test_aluminosilicates_densities[2-anorthite-mace-mh-1-omol] Loading model from /leonardo/home/userexternal/mbenass1/ml-peg/ml_peg/models/models.yml: mace-mh-1-omol
cuequivariance or cuequivariance_torch is not available. Cuequivariance acceleration will be disabled.
Using Materials Project MACE for MACECalculator with /leonardo/home/userexternal/mbenass1/.cache/mace/macemh1model
Using float32 for MACECalculator, which is faster but less accurate. Recommended for MD. Use float64 for geometry optimization.
  density: 2.5800 g/cm3 | vol: 4833.55 A3
  density: 2.5881 g/cm3 | vol: 4818.46 A3
  density: 2.5876 g/cm3 | vol: 4819.36 A3
  density: 2.5979 g/cm3 | vol: 4800.25 A3
  density: 2.5730 g/cm3 | vol: 4846.76 A3
  density: 2.5857 g/cm3 | vol: 4822.93 A3
  density: 2.5800 g/cm3 | vol: 4833.53 A3
  density: 2.5809 g/cm3 | vol: 4831.86 A3
  density: 2.5892 g/cm3 | vol: 4816.47 A3
  density: 2.5777 g/cm3 | vol: 4837.85 A3
  density: 2.5890 g/cm3 | vol: 4816.87 A3
  density: 2.5900 g/cm3 | vol: 4815.00 A3
  density: 2.5681 g/cm3 | vol: 4855.95 A3
  density: 2.5829 g/cm3 | vol: 4828.18 A3
  density: 2.5868 g/cm3 | vol: 4820.86 A3
  density: 2.5740 g/cm3 | vol: 4844.86 A3
  density: 2.5760 g/cm3 | vol: 4841.03 A3
  density: 2.5805 g/cm3 | vol: 4832.68 A3
  density: 2.5800 g/cm3 | vol: 4833.60 A3
  density: 2.5772 g/cm3 | vol: 4838.81 A3
  density: 2.5871 g/cm3 | vol: 4820.30 A3
Final density (mace-mh-1-omol, anorthite): 2.5825 +/- 0.0068 g/cm3
PASSED

=============================== warnings summary ===============================
ml_peg/calcs/molecular_dynamics/aluminosilicates_densities/calc_aluminosilicates_densities.py::test_aluminosilicates_densities[2-anorthite-mace-mh-1-omol]
  /leonardo/home/userexternal/mbenass1/ml-peg/.venv/lib/python3.12/site-packages/e3nn/o3/_wigner.py:10: UserWarning: Environment variable TORCH_FORCE_NO_WEIGHTS_ONLY_LOAD detected, since the`weights_only` argument was not explicitly passed to `torch.load`, forcing weights_only=False.
    _Jd, _W3j_flat, _W3j_indices = torch.load(os.path.join(os.path.dirname(__file__), 'constants.pt'))

ml_peg/calcs/molecular_dynamics/aluminosilicates_densities/calc_aluminosilicates_densities.py::test_aluminosilicates_densities[2-anorthite-mace-mh-1-omol]
  /leonardo/home/userexternal/mbenass1/ml-peg/.venv/lib/python3.12/site-packages/mace/calculators/mace.py:226: UserWarning: Environment variable TORCH_FORCE_NO_WEIGHTS_ONLY_LOAD detected, since the`weights_only` argument was not explicitly passed to `torch.load`, forcing weights_only=False.
    torch.load(f=model_path, map_location=device)

-- Docs: https://docs.pytest.org/en/stable/how-to/capture-warnings.html
===== 1 passed, 134 deselected, 2 warnings in 132770.83s (1 day, 12:52:50) =====
Task 68 completato.
Tue Jul 28 07:56:33 CEST 2026
