Task: 102 | Test: 0-anorthite-orb-v3-consv-inf-omat | Nodo: lrdn3131.leonardo.local
GPU: NVIDIA A100-SXM-64GB
Fri Jul 24 09:11:11 CEST 2026
============================= test session starts ==============================
platform linux -- Python 3.12.13, pytest-9.1.0, pluggy-1.6.0 -- /leonardo/home/userexternal/mbenass1/ml-peg/.venv/bin/python
cachedir: .pytest_cache
rootdir: /leonardo/home/userexternal/mbenass1/ml-peg
configfile: pyproject.toml
plugins: anyio-4.14.0, typeguard-4.5.2, cov-4.1.0, dash-4.2.0, hydra-core-1.3.3
collecting ... collected 135 items / 134 deselected / 1 selected

ml_peg/calcs/molecular_dynamics/aluminosilicates_densities/calc_aluminosilicates_densities.py::test_aluminosilicates_densities[0-anorthite-orb-v3-consv-inf-omat] Loading model from /leonardo/home/userexternal/mbenass1/ml-peg/ml_peg/models/models.yml: orb-v3-consv-inf-omat
  density: 2.5036 g/cm3 | vol: 4981.17 A3
  density: 2.4910 g/cm3 | vol: 5006.23 A3
  density: 2.4896 g/cm3 | vol: 5009.17 A3
  density: 2.4879 g/cm3 | vol: 5012.45 A3
  density: 2.4880 g/cm3 | vol: 5012.33 A3
  density: 2.4855 g/cm3 | vol: 5017.45 A3
  density: 2.4770 g/cm3 | vol: 5034.58 A3
  density: 2.4960 g/cm3 | vol: 4996.24 A3
  density: 2.4959 g/cm3 | vol: 4996.52 A3
  density: 2.5017 g/cm3 | vol: 4984.99 A3
  density: 2.4797 g/cm3 | vol: 5029.22 A3
  density: 2.4939 g/cm3 | vol: 5000.48 A3
  density: 2.4837 g/cm3 | vol: 5021.12 A3
  density: 2.4984 g/cm3 | vol: 4991.43 A3
  density: 2.5011 g/cm3 | vol: 4986.12 A3
  density: 2.4829 g/cm3 | vol: 5022.61 A3
  density: 2.4908 g/cm3 | vol: 5006.76 A3
  density: 2.4939 g/cm3 | vol: 5000.51 A3
  density: 2.4893 g/cm3 | vol: 5009.74 A3
  density: 2.5002 g/cm3 | vol: 4987.91 A3
  density: 2.4940 g/cm3 | vol: 5000.38 A3
Final density (orb-v3-consv-inf-omat, anorthite): 2.4916 +/- 0.0072 g/cm3
PASSED

=============================== warnings summary ===============================
ml_peg/calcs/molecular_dynamics/aluminosilicates_densities/calc_aluminosilicates_densities.py::test_aluminosilicates_densities[0-anorthite-orb-v3-consv-inf-omat]
  <frozen importlib._bootstrap>:488: DeprecationWarning: Type google._upb._message.MessageMapContainer uses PyType_Spec with a metaclass that has custom tp_new. This is deprecated and will no longer be allowed in Python 3.14.

ml_peg/calcs/molecular_dynamics/aluminosilicates_densities/calc_aluminosilicates_densities.py::test_aluminosilicates_densities[0-anorthite-orb-v3-consv-inf-omat]
  <frozen importlib._bootstrap>:488: DeprecationWarning: Type google._upb._message.ScalarMapContainer uses PyType_Spec with a metaclass that has custom tp_new. This is deprecated and will no longer be allowed in Python 3.14.

ml_peg/calcs/molecular_dynamics/aluminosilicates_densities/calc_aluminosilicates_densities.py::test_aluminosilicates_densities[0-anorthite-orb-v3-consv-inf-omat]
  /leonardo/home/userexternal/mbenass1/ml-peg/.venv/lib/python3.12/site-packages/orb_models/common/training/util.py:20: UserWarning: Setting global torch default dtype to torch.float64.
    warnings.warn(f"Setting global torch default dtype to {torch_dtype}.")

ml_peg/calcs/molecular_dynamics/aluminosilicates_densities/calc_aluminosilicates_densities.py::test_aluminosilicates_densities[0-anorthite-orb-v3-consv-inf-omat]
  /leonardo/home/userexternal/mbenass1/ml-peg/.venv/lib/python3.12/site-packages/orb_models/common/training/util.py:22: UserWarning: Consider passing 'precision=float32-high' for significantly higher (>2x) model throughput if high precision is not required.
    warnings.warn(

-- Docs: https://docs.pytest.org/en/stable/how-to/capture-warnings.html
===== 1 passed, 134 deselected, 4 warnings in 101059.24s (1 day, 4:04:19) ======
Task 102 completato.
Sat Jul 25 13:15:36 CEST 2026
