Task: 65 | Test: 2-albite-mace-mh-1-omol | Nodo: lrdn1839.leonardo.local
GPU: NVIDIA A100-SXM-64GB
Sun Jul 26 19:03:36 CEST 2026
============================= test session starts ==============================
platform linux -- Python 3.12.13, pytest-9.1.0, pluggy-1.6.0 -- /leonardo/home/userexternal/mbenass1/ml-peg/.venv/bin/python
cachedir: .pytest_cache
rootdir: /leonardo/home/userexternal/mbenass1/ml-peg
configfile: pyproject.toml
plugins: anyio-4.14.0, typeguard-4.5.2, cov-4.1.0, dash-4.2.0, hydra-core-1.3.3
collecting ... collected 135 items / 134 deselected / 1 selected

ml_peg/calcs/molecular_dynamics/aluminosilicates_densities/calc_aluminosilicates_densities.py::test_aluminosilicates_densities[2-albite-mace-mh-1-omol] Loading model from /leonardo/home/userexternal/mbenass1/ml-peg/ml_peg/models/models.yml: mace-mh-1-omol
cuequivariance or cuequivariance_torch is not available. Cuequivariance acceleration will be disabled.
Using Materials Project MACE for MACECalculator with /leonardo/home/userexternal/mbenass1/.cache/mace/macemh1model
Using float32 for MACECalculator, which is faster but less accurate. Recommended for MD. Use float64 for geometry optimization.
  density: 2.2361 g/cm3 | vol: 5277.72 A3
  density: 2.2390 g/cm3 | vol: 5271.00 A3
  density: 2.2307 g/cm3 | vol: 5290.60 A3
  density: 2.2216 g/cm3 | vol: 5312.32 A3
  density: 2.2392 g/cm3 | vol: 5270.59 A3
  density: 2.2236 g/cm3 | vol: 5307.48 A3
  density: 2.2231 g/cm3 | vol: 5308.75 A3
  density: 2.2295 g/cm3 | vol: 5293.41 A3
  density: 2.2145 g/cm3 | vol: 5329.21 A3
  density: 2.2223 g/cm3 | vol: 5310.58 A3
  density: 2.2187 g/cm3 | vol: 5319.11 A3
  density: 2.2311 g/cm3 | vol: 5289.53 A3
  density: 2.2332 g/cm3 | vol: 5284.71 A3
  density: 2.2222 g/cm3 | vol: 5310.84 A3
  density: 2.2245 g/cm3 | vol: 5305.28 A3
  density: 2.2238 g/cm3 | vol: 5307.08 A3
  density: 2.2373 g/cm3 | vol: 5274.99 A3
  density: 2.2268 g/cm3 | vol: 5299.89 A3
  density: 2.2264 g/cm3 | vol: 5300.70 A3
  density: 2.2319 g/cm3 | vol: 5287.84 A3
  density: 2.2248 g/cm3 | vol: 5304.59 A3
Final density (mace-mh-1-omol, albite): 2.2276 +/- 0.0066 g/cm3
PASSED

=============================== warnings summary ===============================
ml_peg/calcs/molecular_dynamics/aluminosilicates_densities/calc_aluminosilicates_densities.py::test_aluminosilicates_densities[2-albite-mace-mh-1-omol]
  /leonardo/home/userexternal/mbenass1/ml-peg/.venv/lib/python3.12/site-packages/e3nn/o3/_wigner.py:10: UserWarning: Environment variable TORCH_FORCE_NO_WEIGHTS_ONLY_LOAD detected, since the`weights_only` argument was not explicitly passed to `torch.load`, forcing weights_only=False.
    _Jd, _W3j_flat, _W3j_indices = torch.load(os.path.join(os.path.dirname(__file__), 'constants.pt'))

ml_peg/calcs/molecular_dynamics/aluminosilicates_densities/calc_aluminosilicates_densities.py::test_aluminosilicates_densities[2-albite-mace-mh-1-omol]
  /leonardo/home/userexternal/mbenass1/ml-peg/.venv/lib/python3.12/site-packages/mace/calculators/mace.py:226: UserWarning: Environment variable TORCH_FORCE_NO_WEIGHTS_ONLY_LOAD detected, since the`weights_only` argument was not explicitly passed to `torch.load`, forcing weights_only=False.
    torch.load(f=model_path, map_location=device)

-- Docs: https://docs.pytest.org/en/stable/how-to/capture-warnings.html
===== 1 passed, 134 deselected, 2 warnings in 129504.29s (1 day, 11:58:24) =====
Task 65 completato.
Tue Jul 28 07:02:04 CEST 2026
