Task: 85 | Test: 1-anorthite-mace-polar-1-m | Nodo: lrdn2752.leonardo.local
GPU: NVIDIA A100-SXM-64GB
Sun Jul 26 18:36:47 CEST 2026
============================= test session starts ==============================
platform linux -- Python 3.12.13, pytest-9.1.0, pluggy-1.6.0 -- /leonardo/home/userexternal/mbenass1/ml-peg/.venv/bin/python
cachedir: .pytest_cache
rootdir: /leonardo/home/userexternal/mbenass1/ml-peg
configfile: pyproject.toml
plugins: anyio-4.14.0, typeguard-4.5.2, cov-4.1.0, dash-4.2.0, hydra-core-1.3.3
collecting ... collected 135 items / 134 deselected / 1 selected

ml_peg/calcs/molecular_dynamics/aluminosilicates_densities/calc_aluminosilicates_densities.py::test_aluminosilicates_densities[1-anorthite-mace-polar-1-m] Loading model from /leonardo/home/userexternal/mbenass1/ml-peg/ml_peg/models/models.yml: mace-polar-1-m
cuequivariance or cuequivariance_torch is not available. Cuequivariance acceleration will be disabled.
Using MACE-Polar model for MACECalculator with /leonardo/home/userexternal/mbenass1/.cache/mace/MACEPOLAR1Mmodel
  density: 2.5418 g/cm3 | vol: 4906.29 A3
  density: 2.5411 g/cm3 | vol: 4907.66 A3
  density: 2.5393 g/cm3 | vol: 4911.00 A3
  density: 2.5511 g/cm3 | vol: 4888.41 A3
  density: 2.5420 g/cm3 | vol: 4905.89 A3
  density: 2.5354 g/cm3 | vol: 4918.58 A3
  density: 2.5342 g/cm3 | vol: 4920.87 A3
  density: 2.5460 g/cm3 | vol: 4898.14 A3
  density: 2.5493 g/cm3 | vol: 4891.73 A3
  density: 2.5525 g/cm3 | vol: 4885.72 A3
  density: 2.5460 g/cm3 | vol: 4898.18 A3
  density: 2.5382 g/cm3 | vol: 4913.29 A3
  density: 2.5497 g/cm3 | vol: 4890.99 A3
  density: 2.5335 g/cm3 | vol: 4922.24 A3
  density: 2.5512 g/cm3 | vol: 4888.25 A3
  density: 2.5363 g/cm3 | vol: 4916.89 A3
  density: 2.5330 g/cm3 | vol: 4923.31 A3
  density: 2.5596 g/cm3 | vol: 4872.22 A3
  density: 2.5416 g/cm3 | vol: 4906.66 A3
  density: 2.5314 g/cm3 | vol: 4926.35 A3
  density: 2.5402 g/cm3 | vol: 4909.31 A3
Final density (mace-polar-1-m, anorthite): 2.5425 +/- 0.0074 g/cm3
PASSED

=============================== warnings summary ===============================
ml_peg/calcs/molecular_dynamics/aluminosilicates_densities/calc_aluminosilicates_densities.py::test_aluminosilicates_densities[1-anorthite-mace-polar-1-m]
  /leonardo/home/userexternal/mbenass1/ml-peg/.venv/lib/python3.12/site-packages/e3nn/o3/_wigner.py:10: UserWarning: Environment variable TORCH_FORCE_NO_WEIGHTS_ONLY_LOAD detected, since the`weights_only` argument was not explicitly passed to `torch.load`, forcing weights_only=False.
    _Jd, _W3j_flat, _W3j_indices = torch.load(os.path.join(os.path.dirname(__file__), 'constants.pt'))

ml_peg/calcs/molecular_dynamics/aluminosilicates_densities/calc_aluminosilicates_densities.py::test_aluminosilicates_densities[1-anorthite-mace-polar-1-m]
  /leonardo/home/userexternal/mbenass1/ml-peg/.venv/lib/python3.12/site-packages/mace/calculators/mace.py:226: UserWarning: Environment variable TORCH_FORCE_NO_WEIGHTS_ONLY_LOAD detected, since the`weights_only` argument was not explicitly passed to `torch.load`, forcing weights_only=False.
    torch.load(f=model_path, map_location=device)

-- Docs: https://docs.pytest.org/en/stable/how-to/capture-warnings.html
==== 1 passed, 134 deselected, 2 warnings in 219691.84s (2 days, 13:01:31) =====
Task 85 completato.
Wed Jul 29 07:38:25 CEST 2026
