Task: 3 | Test: 0-anorthite-mattersim-5M | Nodo: lrdn2715.leonardo.local
GPU: NVIDIA A100-SXM-64GB
Sat Jul 18 16:24:14 CEST 2026
============================= test session starts ==============================
platform linux -- Python 3.12.13, pytest-9.1.0, pluggy-1.6.0 -- /leonardo/home/userexternal/mbenass1/ml-peg/.venv_mattersim/bin/python3
cachedir: .pytest_cache
rootdir: /leonardo/home/userexternal/mbenass1/ml-peg
configfile: pyproject.toml
plugins: anyio-4.14.0, typeguard-4.5.2, cov-4.1.0, dash-4.2.0, hydra-core-1.3.3
collecting ... collected 135 items / 134 deselected / 1 selected

ml_peg/calcs/molecular_dynamics/aluminosilicates_densities/calc_aluminosilicates_densities.py::test_aluminosilicates_densities[0-anorthite-mattersim-5M] Loading model from /leonardo/home/userexternal/mbenass1/ml-peg/ml_peg/models/models.yml: mattersim-5M
2026-07-18 16:24:33.201 | INFO     | mattersim.forcefield.potential:from_checkpoint:891 - Loading the pre-trained mattersim-v1.0.0-5M.pth model
  density: 2.4734 g/cm3 | vol: 5041.92 A3
  density: 2.4736 g/cm3 | vol: 5041.50 A3
  density: 2.4734 g/cm3 | vol: 5042.02 A3
  density: 2.4696 g/cm3 | vol: 5049.63 A3
  density: 2.4596 g/cm3 | vol: 5070.23 A3
  density: 2.4711 g/cm3 | vol: 5046.56 A3
  density: 2.4621 g/cm3 | vol: 5065.00 A3
  density: 2.4776 g/cm3 | vol: 5033.37 A3
  density: 2.4607 g/cm3 | vol: 5067.96 A3
  density: 2.4748 g/cm3 | vol: 5039.05 A3
  density: 2.4785 g/cm3 | vol: 5031.47 A3
  density: 2.4705 g/cm3 | vol: 5047.89 A3
  density: 2.4627 g/cm3 | vol: 5063.85 A3
  density: 2.4583 g/cm3 | vol: 5072.84 A3
  density: 2.4619 g/cm3 | vol: 5065.56 A3
  density: 2.4585 g/cm3 | vol: 5072.40 A3
  density: 2.4652 g/cm3 | vol: 5058.68 A3
  density: 2.4692 g/cm3 | vol: 5050.46 A3
  density: 2.4709 g/cm3 | vol: 5046.99 A3
  density: 2.4693 g/cm3 | vol: 5050.25 A3
  density: 2.4736 g/cm3 | vol: 5041.52 A3
Final density (mattersim-5M, anorthite): 2.4683 +/- 0.0062 g/cm3
PASSED

=============================== warnings summary ===============================
ml_peg/calcs/molecular_dynamics/aluminosilicates_densities/calc_aluminosilicates_densities.py::test_aluminosilicates_densities[0-anorthite-mattersim-5M]
  /leonardo/home/userexternal/mbenass1/ml-peg/.venv_mattersim/lib/python3.12/site-packages/mattersim/forcefield/potential.py:896: UserWarning: Environment variable TORCH_FORCE_NO_WEIGHTS_ONLY_LOAD detected, since the`weights_only` argument was not explicitly passed to `torch.load`, forcing weights_only=False.
    checkpoint = torch.load(load_path, map_location=device)

-- Docs: https://docs.pytest.org/en/stable/how-to/capture-warnings.html
========= 1 passed, 134 deselected, 1 warning in 62509.44s (17:21:49) ==========
Task 3 completato.
Sun Jul 19 09:46:09 CEST 2026
