Task: 106 | Test: 1-sanidine-orb-v3-consv-inf-omat | Nodo: lrdn3156.leonardo.local
GPU: NVIDIA A100-SXM-64GB
Fri Jul 24 09:11:11 CEST 2026
============================= test session starts ==============================
platform linux -- Python 3.12.13, pytest-9.1.0, pluggy-1.6.0 -- /leonardo/home/userexternal/mbenass1/ml-peg/.venv/bin/python
cachedir: .pytest_cache
rootdir: /leonardo/home/userexternal/mbenass1/ml-peg
configfile: pyproject.toml
plugins: anyio-4.14.0, typeguard-4.5.2, cov-4.1.0, dash-4.2.0, hydra-core-1.3.3
collecting ... collected 135 items / 134 deselected / 1 selected

ml_peg/calcs/molecular_dynamics/aluminosilicates_densities/calc_aluminosilicates_densities.py::test_aluminosilicates_densities[1-sanidine-orb-v3-consv-inf-omat] Loading model from /leonardo/home/userexternal/mbenass1/ml-peg/ml_peg/models/models.yml: orb-v3-consv-inf-omat
  density: 2.1846 g/cm3 | vol: 5875.71 A3
  density: 2.1773 g/cm3 | vol: 5895.53 A3
  density: 2.1924 g/cm3 | vol: 5854.78 A3
  density: 2.2010 g/cm3 | vol: 5832.04 A3
  density: 2.1784 g/cm3 | vol: 5892.29 A3
  density: 2.2030 g/cm3 | vol: 5826.72 A3
  density: 2.1934 g/cm3 | vol: 5852.12 A3
  density: 2.1910 g/cm3 | vol: 5858.51 A3
  density: 2.2003 g/cm3 | vol: 5833.68 A3
  density: 2.1828 g/cm3 | vol: 5880.56 A3
  density: 2.1957 g/cm3 | vol: 5846.00 A3
  density: 2.1908 g/cm3 | vol: 5859.14 A3
  density: 2.1835 g/cm3 | vol: 5878.67 A3
  density: 2.1834 g/cm3 | vol: 5878.88 A3
  density: 2.1975 g/cm3 | vol: 5841.26 A3
  density: 2.1965 g/cm3 | vol: 5843.91 A3
  density: 2.1982 g/cm3 | vol: 5839.44 A3
  density: 2.1913 g/cm3 | vol: 5857.65 A3
  density: 2.1833 g/cm3 | vol: 5879.32 A3
  density: 2.2005 g/cm3 | vol: 5833.20 A3
  density: 2.1788 g/cm3 | vol: 5891.31 A3
Final density (orb-v3-consv-inf-omat, sanidine): 2.1906 +/- 0.0080 g/cm3
PASSED

=============================== warnings summary ===============================
ml_peg/calcs/molecular_dynamics/aluminosilicates_densities/calc_aluminosilicates_densities.py::test_aluminosilicates_densities[1-sanidine-orb-v3-consv-inf-omat]
  <frozen importlib._bootstrap>:488: DeprecationWarning: Type google._upb._message.MessageMapContainer uses PyType_Spec with a metaclass that has custom tp_new. This is deprecated and will no longer be allowed in Python 3.14.

ml_peg/calcs/molecular_dynamics/aluminosilicates_densities/calc_aluminosilicates_densities.py::test_aluminosilicates_densities[1-sanidine-orb-v3-consv-inf-omat]
  <frozen importlib._bootstrap>:488: DeprecationWarning: Type google._upb._message.ScalarMapContainer uses PyType_Spec with a metaclass that has custom tp_new. This is deprecated and will no longer be allowed in Python 3.14.

ml_peg/calcs/molecular_dynamics/aluminosilicates_densities/calc_aluminosilicates_densities.py::test_aluminosilicates_densities[1-sanidine-orb-v3-consv-inf-omat]
  /leonardo/home/userexternal/mbenass1/ml-peg/.venv/lib/python3.12/site-packages/orb_models/common/training/util.py:20: UserWarning: Setting global torch default dtype to torch.float64.
    warnings.warn(f"Setting global torch default dtype to {torch_dtype}.")

ml_peg/calcs/molecular_dynamics/aluminosilicates_densities/calc_aluminosilicates_densities.py::test_aluminosilicates_densities[1-sanidine-orb-v3-consv-inf-omat]
  /leonardo/home/userexternal/mbenass1/ml-peg/.venv/lib/python3.12/site-packages/orb_models/common/training/util.py:22: UserWarning: Consider passing 'precision=float32-high' for significantly higher (>2x) model throughput if high precision is not required.
    warnings.warn(

-- Docs: https://docs.pytest.org/en/stable/how-to/capture-warnings.html
====== 1 passed, 134 deselected, 4 warnings in 92668.00s (1 day, 1:44:28) ======
Task 106 completato.
Sat Jul 25 10:55:44 CEST 2026
