Task: 9 | Test: 0-albite-mace-mp-0b3 | Nodo: lrdn0972.leonardo.local
GPU: NVIDIA A100-SXM-64GB
Sat Jul 18 22:24:17 CEST 2026
============================= test session starts ==============================
platform linux -- Python 3.12.13, pytest-9.1.0, pluggy-1.6.0 -- /leonardo/home/userexternal/mbenass1/ml-peg/.venv/bin/python
cachedir: .pytest_cache
rootdir: /leonardo/home/userexternal/mbenass1/ml-peg
configfile: pyproject.toml
plugins: anyio-4.14.0, typeguard-4.5.2, cov-4.1.0, dash-4.2.0, hydra-core-1.3.3
collecting ... collected 135 items / 134 deselected / 1 selected

ml_peg/calcs/molecular_dynamics/aluminosilicates_densities/calc_aluminosilicates_densities.py::test_aluminosilicates_densities[0-albite-mace-mp-0b3] Loading model from /leonardo/home/userexternal/mbenass1/ml-peg/ml_peg/models/models.yml: mace-mp-0b3
cuequivariance or cuequivariance_torch is not available. Cuequivariance acceleration will be disabled.
Using Materials Project MACE for MACECalculator with /leonardo/home/userexternal/mbenass1/.cache/mace/macemp0b3mediummodel
Using float32 for MACECalculator, which is faster but less accurate. Recommended for MD. Use float64 for geometry optimization.
  density: 2.1728 g/cm3 | vol: 5431.57 A3
  density: 2.1795 g/cm3 | vol: 5414.78 A3
  density: 2.1762 g/cm3 | vol: 5423.00 A3
  density: 2.1824 g/cm3 | vol: 5407.61 A3
  density: 2.1776 g/cm3 | vol: 5419.67 A3
  density: 2.1774 g/cm3 | vol: 5420.13 A3
  density: 2.1846 g/cm3 | vol: 5402.28 A3
  density: 2.1660 g/cm3 | vol: 5448.63 A3
  density: 2.1701 g/cm3 | vol: 5438.36 A3
  density: 2.1880 g/cm3 | vol: 5393.91 A3
  density: 2.1738 g/cm3 | vol: 5429.00 A3
  density: 2.1867 g/cm3 | vol: 5397.11 A3
  density: 2.1776 g/cm3 | vol: 5419.55 A3
  density: 2.1752 g/cm3 | vol: 5425.52 A3
  density: 2.1770 g/cm3 | vol: 5421.17 A3
  density: 2.1748 g/cm3 | vol: 5426.51 A3
  density: 2.1588 g/cm3 | vol: 5466.79 A3
  density: 2.1826 g/cm3 | vol: 5407.09 A3
  density: 2.1748 g/cm3 | vol: 5426.64 A3
  density: 2.1906 g/cm3 | vol: 5387.49 A3
  density: 2.1737 g/cm3 | vol: 5429.30 A3
Final density (mace-mp-0b3, albite): 2.1771 +/- 0.0072 g/cm3
PASSED

=============================== warnings summary ===============================
ml_peg/calcs/molecular_dynamics/aluminosilicates_densities/calc_aluminosilicates_densities.py::test_aluminosilicates_densities[0-albite-mace-mp-0b3]
  /leonardo/home/userexternal/mbenass1/ml-peg/.venv/lib/python3.12/site-packages/e3nn/o3/_wigner.py:10: UserWarning: Environment variable TORCH_FORCE_NO_WEIGHTS_ONLY_LOAD detected, since the`weights_only` argument was not explicitly passed to `torch.load`, forcing weights_only=False.
    _Jd, _W3j_flat, _W3j_indices = torch.load(os.path.join(os.path.dirname(__file__), 'constants.pt'))

ml_peg/calcs/molecular_dynamics/aluminosilicates_densities/calc_aluminosilicates_densities.py::test_aluminosilicates_densities[0-albite-mace-mp-0b3]
  /leonardo/home/userexternal/mbenass1/ml-peg/.venv/lib/python3.12/site-packages/mace/calculators/mace.py:226: UserWarning: Environment variable TORCH_FORCE_NO_WEIGHTS_ONLY_LOAD detected, since the`weights_only` argument was not explicitly passed to `torch.load`, forcing weights_only=False.
    torch.load(f=model_path, map_location=device)

-- Docs: https://docs.pytest.org/en/stable/how-to/capture-warnings.html
===== 1 passed, 134 deselected, 2 warnings in 100956.89s (1 day, 4:02:36) ======
Task 9 completato.
Mon Jul 20 02:26:58 CEST 2026
