Task: 1 | Test: 1-albite-mattersim-5M | Nodo: lrdn1161.leonardo.local
GPU: NVIDIA A100-SXM-64GB
Sat Jul 18 10:45:40 CEST 2026
============================= test session starts ==============================
platform linux -- Python 3.12.13, pytest-9.1.0, pluggy-1.6.0 -- /leonardo/home/userexternal/mbenass1/ml-peg/.venv_mattersim/bin/python3
cachedir: .pytest_cache
rootdir: /leonardo/home/userexternal/mbenass1/ml-peg
configfile: pyproject.toml
plugins: anyio-4.14.0, typeguard-4.5.2, cov-4.1.0, dash-4.2.0, hydra-core-1.3.3
collecting ... collected 135 items / 134 deselected / 1 selected

ml_peg/calcs/molecular_dynamics/aluminosilicates_densities/calc_aluminosilicates_densities.py::test_aluminosilicates_densities[1-albite-mattersim-5M] Loading model from /leonardo/home/userexternal/mbenass1/ml-peg/ml_peg/models/models.yml: mattersim-5M
2026-07-18 10:45:59.506 | INFO     | mattersim.forcefield.potential:from_checkpoint:891 - Loading the pre-trained mattersim-v1.0.0-5M.pth model
  density: 2.1574 g/cm3 | vol: 5470.39 A3
  density: 2.1660 g/cm3 | vol: 5448.67 A3
  density: 2.1695 g/cm3 | vol: 5439.82 A3
  density: 2.1584 g/cm3 | vol: 5467.76 A3
  density: 2.1511 g/cm3 | vol: 5486.33 A3
  density: 2.1511 g/cm3 | vol: 5486.28 A3
  density: 2.1498 g/cm3 | vol: 5489.76 A3
  density: 2.1645 g/cm3 | vol: 5452.38 A3
  density: 2.1497 g/cm3 | vol: 5490.02 A3
  density: 2.1659 g/cm3 | vol: 5448.76 A3
  density: 2.1644 g/cm3 | vol: 5452.74 A3
  density: 2.1488 g/cm3 | vol: 5492.21 A3
  density: 2.1715 g/cm3 | vol: 5434.82 A3
  density: 2.1508 g/cm3 | vol: 5487.16 A3
  density: 2.1756 g/cm3 | vol: 5424.66 A3
  density: 2.1680 g/cm3 | vol: 5443.70 A3
  density: 2.1634 g/cm3 | vol: 5455.07 A3
  density: 2.1537 g/cm3 | vol: 5479.60 A3
  density: 2.1668 g/cm3 | vol: 5446.48 A3
  density: 2.1612 g/cm3 | vol: 5460.81 A3
  density: 2.1610 g/cm3 | vol: 5461.11 A3
Final density (mattersim-5M, albite): 2.1604 +/- 0.0079 g/cm3
PASSED

=============================== warnings summary ===============================
ml_peg/calcs/molecular_dynamics/aluminosilicates_densities/calc_aluminosilicates_densities.py::test_aluminosilicates_densities[1-albite-mattersim-5M]
  /leonardo/home/userexternal/mbenass1/ml-peg/.venv_mattersim/lib/python3.12/site-packages/mattersim/forcefield/potential.py:896: UserWarning: Environment variable TORCH_FORCE_NO_WEIGHTS_ONLY_LOAD detected, since the`weights_only` argument was not explicitly passed to `torch.load`, forcing weights_only=False.
    checkpoint = torch.load(load_path, map_location=device)

-- Docs: https://docs.pytest.org/en/stable/how-to/capture-warnings.html
========= 1 passed, 134 deselected, 1 warning in 57882.22s (16:04:42) ==========
Task 1 completato.
Sun Jul 19 02:50:28 CEST 2026
