Task: 6 | Test: 0-sanidine-mace-mp-0a | Nodo: lrdn0695.leonardo.local
GPU: NVIDIA A100-SXM-64GB
Fri Jul 17 23:37:42 CEST 2026
============================= test session starts ==============================
platform linux -- Python 3.12.13, pytest-9.1.0, pluggy-1.6.0 -- /leonardo/home/userexternal/mbenass1/ml-peg/.venv/bin/python
cachedir: .pytest_cache
rootdir: /leonardo/home/userexternal/mbenass1/ml-peg
configfile: pyproject.toml
plugins: anyio-4.14.0, typeguard-4.5.2, cov-4.1.0, dash-4.2.0, hydra-core-1.3.3
collecting ... collected 135 items / 134 deselected / 1 selected

ml_peg/calcs/molecular_dynamics/aluminosilicates_densities/calc_aluminosilicates_densities.py::test_aluminosilicates_densities[0-sanidine-mace-mp-0a] Loading model from /leonardo/home/userexternal/mbenass1/ml-peg/ml_peg/models/models.yml: mace-mp-0a
cuequivariance or cuequivariance_torch is not available. Cuequivariance acceleration will be disabled.
Using Materials Project MACE for MACECalculator with /leonardo/home/userexternal/mbenass1/.cache/mace/20231203mace128L1_epoch199model
Using float32 for MACECalculator, which is faster but less accurate. Recommended for MD. Use float64 for geometry optimization.
  density: 2.1631 g/cm3 | vol: 5934.03 A3
  density: 2.1722 g/cm3 | vol: 5909.32 A3
  density: 2.1636 g/cm3 | vol: 5932.80 A3
  density: 2.1864 g/cm3 | vol: 5870.92 A3
  density: 2.1745 g/cm3 | vol: 5903.13 A3
  density: 2.1689 g/cm3 | vol: 5918.27 A3
  density: 2.1420 g/cm3 | vol: 5992.65 A3
  density: 2.1867 g/cm3 | vol: 5870.13 A3
  density: 2.1646 g/cm3 | vol: 5930.05 A3
  density: 2.1747 g/cm3 | vol: 5902.53 A3
  density: 2.1607 g/cm3 | vol: 5940.78 A3
  density: 2.1697 g/cm3 | vol: 5916.05 A3
  density: 2.1685 g/cm3 | vol: 5919.38 A3
  density: 2.1645 g/cm3 | vol: 5930.32 A3
  density: 2.1674 g/cm3 | vol: 5922.41 A3
  density: 2.1574 g/cm3 | vol: 5949.87 A3
  density: 2.1716 g/cm3 | vol: 5910.93 A3
  density: 2.1589 g/cm3 | vol: 5945.56 A3
  density: 2.1535 g/cm3 | vol: 5960.57 A3
  density: 2.1845 g/cm3 | vol: 5876.06 A3
  density: 2.1896 g/cm3 | vol: 5862.37 A3
Final density (mace-mp-0a, sanidine): 2.1687 +/- 0.0114 g/cm3
PASSED

=============================== warnings summary ===============================
ml_peg/calcs/molecular_dynamics/aluminosilicates_densities/calc_aluminosilicates_densities.py::test_aluminosilicates_densities[0-sanidine-mace-mp-0a]
  /leonardo/home/userexternal/mbenass1/ml-peg/.venv/lib/python3.12/site-packages/e3nn/o3/_wigner.py:10: UserWarning: Environment variable TORCH_FORCE_NO_WEIGHTS_ONLY_LOAD detected, since the`weights_only` argument was not explicitly passed to `torch.load`, forcing weights_only=False.
    _Jd, _W3j_flat, _W3j_indices = torch.load(os.path.join(os.path.dirname(__file__), 'constants.pt'))

ml_peg/calcs/molecular_dynamics/aluminosilicates_densities/calc_aluminosilicates_densities.py::test_aluminosilicates_densities[0-sanidine-mace-mp-0a]
  /leonardo/home/userexternal/mbenass1/ml-peg/.venv/lib/python3.12/site-packages/mace/calculators/mace.py:226: UserWarning: Environment variable TORCH_FORCE_NO_WEIGHTS_ONLY_LOAD detected, since the`weights_only` argument was not explicitly passed to `torch.load`, forcing weights_only=False.
    torch.load(f=model_path, map_location=device)

-- Docs: https://docs.pytest.org/en/stable/how-to/capture-warnings.html
====== 1 passed, 134 deselected, 2 warnings in 90993.56s (1 day, 1:16:33) ======
Task 6 completato.
Sun Jul 19 00:54:20 CEST 2026
