Task: 88 | Test: 1-sanidine-mace-polar-1-m | Nodo: lrdn1372.leonardo.local
GPU: NVIDIA A100-SXM-64GB
Sun Jul 26 19:11:47 CEST 2026
============================= test session starts ==============================
platform linux -- Python 3.12.13, pytest-9.1.0, pluggy-1.6.0 -- /leonardo/home/userexternal/mbenass1/ml-peg/.venv/bin/python
cachedir: .pytest_cache
rootdir: /leonardo/home/userexternal/mbenass1/ml-peg
configfile: pyproject.toml
plugins: anyio-4.14.0, typeguard-4.5.2, cov-4.1.0, dash-4.2.0, hydra-core-1.3.3
collecting ... collected 135 items / 134 deselected / 1 selected

ml_peg/calcs/molecular_dynamics/aluminosilicates_densities/calc_aluminosilicates_densities.py::test_aluminosilicates_densities[1-sanidine-mace-polar-1-m] Loading model from /leonardo/home/userexternal/mbenass1/ml-peg/ml_peg/models/models.yml: mace-polar-1-m
cuequivariance or cuequivariance_torch is not available. Cuequivariance acceleration will be disabled.
Using MACE-Polar model for MACECalculator with /leonardo/home/userexternal/mbenass1/.cache/mace/MACEPOLAR1Mmodel
  density: 2.3516 g/cm3 | vol: 5458.54 A3
  density: 2.3277 g/cm3 | vol: 5514.54 A3
  density: 2.3152 g/cm3 | vol: 5544.26 A3
  density: 2.3408 g/cm3 | vol: 5483.73 A3
  density: 2.3133 g/cm3 | vol: 5548.74 A3
  density: 2.3282 g/cm3 | vol: 5513.22 A3
  density: 2.3229 g/cm3 | vol: 5525.83 A3
  density: 2.3337 g/cm3 | vol: 5500.30 A3
  density: 2.3385 g/cm3 | vol: 5489.06 A3
  density: 2.3460 g/cm3 | vol: 5471.41 A3
  density: 2.3167 g/cm3 | vol: 5540.76 A3
  density: 2.3435 g/cm3 | vol: 5477.23 A3
  density: 2.3343 g/cm3 | vol: 5499.01 A3
  density: 2.3150 g/cm3 | vol: 5544.83 A3
  density: 2.3293 g/cm3 | vol: 5510.64 A3
  density: 2.3476 g/cm3 | vol: 5467.78 A3
  density: 2.3451 g/cm3 | vol: 5473.57 A3
  density: 2.3418 g/cm3 | vol: 5481.22 A3
  density: 2.3302 g/cm3 | vol: 5508.54 A3
  density: 2.3411 g/cm3 | vol: 5482.90 A3
  density: 2.3417 g/cm3 | vol: 5481.44 A3
Final density (mace-polar-1-m, sanidine): 2.3335 +/- 0.0115 g/cm3
PASSED

=============================== warnings summary ===============================
ml_peg/calcs/molecular_dynamics/aluminosilicates_densities/calc_aluminosilicates_densities.py::test_aluminosilicates_densities[1-sanidine-mace-polar-1-m]
  /leonardo/home/userexternal/mbenass1/ml-peg/.venv/lib/python3.12/site-packages/e3nn/o3/_wigner.py:10: UserWarning: Environment variable TORCH_FORCE_NO_WEIGHTS_ONLY_LOAD detected, since the`weights_only` argument was not explicitly passed to `torch.load`, forcing weights_only=False.
    _Jd, _W3j_flat, _W3j_indices = torch.load(os.path.join(os.path.dirname(__file__), 'constants.pt'))

ml_peg/calcs/molecular_dynamics/aluminosilicates_densities/calc_aluminosilicates_densities.py::test_aluminosilicates_densities[1-sanidine-mace-polar-1-m]
  /leonardo/home/userexternal/mbenass1/ml-peg/.venv/lib/python3.12/site-packages/mace/calculators/mace.py:226: UserWarning: Environment variable TORCH_FORCE_NO_WEIGHTS_ONLY_LOAD detected, since the`weights_only` argument was not explicitly passed to `torch.load`, forcing weights_only=False.
    torch.load(f=model_path, map_location=device)

-- Docs: https://docs.pytest.org/en/stable/how-to/capture-warnings.html
==== 1 passed, 134 deselected, 2 warnings in 212523.88s (2 days, 11:02:03) =====
Task 88 completato.
Wed Jul 29 06:13:56 CEST 2026
