Task: 38 | Test: 2-albite-mace-matpes-r2scan | Nodo: lrdn0109.leonardo.local
GPU: NVIDIA A100-SXM-64GB
Wed Jul 22 09:57:03 CEST 2026
============================= test session starts ==============================
platform linux -- Python 3.12.13, pytest-9.1.0, pluggy-1.6.0 -- /leonardo/home/userexternal/mbenass1/ml-peg/.venv/bin/python
cachedir: .pytest_cache
rootdir: /leonardo/home/userexternal/mbenass1/ml-peg
configfile: pyproject.toml
plugins: anyio-4.14.0, typeguard-4.5.2, cov-4.1.0, dash-4.2.0, hydra-core-1.3.3
collecting ... collected 135 items / 134 deselected / 1 selected

ml_peg/calcs/molecular_dynamics/aluminosilicates_densities/calc_aluminosilicates_densities.py::test_aluminosilicates_densities[2-albite-mace-matpes-r2scan] Loading model from /leonardo/home/userexternal/mbenass1/ml-peg/ml_peg/models/models.yml: mace-matpes-r2scan
cuequivariance or cuequivariance_torch is not available. Cuequivariance acceleration will be disabled.
Using model under Academic Software License (ASL) license, see https://github.com/gabor1/ASL
 To use this model you accept the terms of the license.
Using Materials Project MACE for MACECalculator with /leonardo/home/userexternal/mbenass1/.cache/mace/MACEmatpesr2scanomatftmodel
Using float32 for MACECalculator, which is faster but less accurate. Recommended for MD. Use float64 for geometry optimization.
  density: 2.3410 g/cm3 | vol: 5041.28 A3
  density: 2.3510 g/cm3 | vol: 5019.93 A3
  density: 2.3376 g/cm3 | vol: 5048.68 A3
  density: 2.3466 g/cm3 | vol: 5029.25 A3
  density: 2.3447 g/cm3 | vol: 5033.31 A3
  density: 2.3450 g/cm3 | vol: 5032.67 A3
  density: 2.3546 g/cm3 | vol: 5012.14 A3
  density: 2.3385 g/cm3 | vol: 5046.77 A3
  density: 2.3465 g/cm3 | vol: 5029.45 A3
  density: 2.3376 g/cm3 | vol: 5048.54 A3
  density: 2.3346 g/cm3 | vol: 5055.22 A3
  density: 2.3556 g/cm3 | vol: 5010.00 A3
  density: 2.3457 g/cm3 | vol: 5031.22 A3
  density: 2.3319 g/cm3 | vol: 5060.90 A3
  density: 2.3693 g/cm3 | vol: 4981.13 A3
  density: 2.3311 g/cm3 | vol: 5062.65 A3
  density: 2.3500 g/cm3 | vol: 5022.00 A3
  density: 2.3399 g/cm3 | vol: 5043.72 A3
  density: 2.3479 g/cm3 | vol: 5026.42 A3
  density: 2.3238 g/cm3 | vol: 5078.64 A3
  density: 2.3338 g/cm3 | vol: 5056.95 A3
Final density (mace-matpes-r2scan, albite): 2.3432 +/- 0.0099 g/cm3
PASSED

=============================== warnings summary ===============================
ml_peg/calcs/molecular_dynamics/aluminosilicates_densities/calc_aluminosilicates_densities.py::test_aluminosilicates_densities[2-albite-mace-matpes-r2scan]
  /leonardo/home/userexternal/mbenass1/ml-peg/.venv/lib/python3.12/site-packages/e3nn/o3/_wigner.py:10: UserWarning: Environment variable TORCH_FORCE_NO_WEIGHTS_ONLY_LOAD detected, since the`weights_only` argument was not explicitly passed to `torch.load`, forcing weights_only=False.
    _Jd, _W3j_flat, _W3j_indices = torch.load(os.path.join(os.path.dirname(__file__), 'constants.pt'))

ml_peg/calcs/molecular_dynamics/aluminosilicates_densities/calc_aluminosilicates_densities.py::test_aluminosilicates_densities[2-albite-mace-matpes-r2scan]
  /leonardo/home/userexternal/mbenass1/ml-peg/.venv/lib/python3.12/site-packages/mace/calculators/mace.py:226: UserWarning: Environment variable TORCH_FORCE_NO_WEIGHTS_ONLY_LOAD detected, since the`weights_only` argument was not explicitly passed to `torch.load`, forcing weights_only=False.
    torch.load(f=model_path, map_location=device)

-- Docs: https://docs.pytest.org/en/stable/how-to/capture-warnings.html
===== 1 passed, 134 deselected, 2 warnings in 102934.83s (1 day, 4:35:34) ======
Task 38 completato.
Thu Jul 23 14:32:42 CEST 2026
