Task: 32 | Test: 2-anorthite-mace-omat-0 | Nodo: lrdn0031.leonardo.local
GPU: NVIDIA A100-SXM-64GB
Tue Jul 21 11:50:51 CEST 2026
============================= test session starts ==============================
platform linux -- Python 3.12.13, pytest-9.1.0, pluggy-1.6.0 -- /leonardo/home/userexternal/mbenass1/ml-peg/.venv/bin/python
cachedir: .pytest_cache
rootdir: /leonardo/home/userexternal/mbenass1/ml-peg
configfile: pyproject.toml
plugins: anyio-4.14.0, typeguard-4.5.2, cov-4.1.0, dash-4.2.0, hydra-core-1.3.3
collecting ... collected 135 items / 134 deselected / 1 selected

ml_peg/calcs/molecular_dynamics/aluminosilicates_densities/calc_aluminosilicates_densities.py::test_aluminosilicates_densities[2-anorthite-mace-omat-0] Loading model from /leonardo/home/userexternal/mbenass1/ml-peg/ml_peg/models/models.yml: mace-omat-0
cuequivariance or cuequivariance_torch is not available. Cuequivariance acceleration will be disabled.
Using model under Academic Software License (ASL) license, see https://github.com/gabor1/ASL
 To use this model you accept the terms of the license.
Using Materials Project MACE for MACECalculator with /leonardo/home/userexternal/mbenass1/.cache/mace/maceomat0mediummodel
Using float32 for MACECalculator, which is faster but less accurate. Recommended for MD. Use float64 for geometry optimization.
  density: 2.4922 g/cm3 | vol: 5003.83 A3
  density: 2.4843 g/cm3 | vol: 5019.78 A3
  density: 2.4773 g/cm3 | vol: 5033.93 A3
  density: 2.4964 g/cm3 | vol: 4995.47 A3
  density: 2.4857 g/cm3 | vol: 5017.03 A3
  density: 2.4953 g/cm3 | vol: 4997.76 A3
  density: 2.4911 g/cm3 | vol: 5006.17 A3
  density: 2.4858 g/cm3 | vol: 5016.88 A3
  density: 2.4853 g/cm3 | vol: 5017.75 A3
  density: 2.4909 g/cm3 | vol: 5006.55 A3
  density: 2.4810 g/cm3 | vol: 5026.40 A3
  density: 2.4797 g/cm3 | vol: 5029.06 A3
  density: 2.4939 g/cm3 | vol: 5000.52 A3
  density: 2.4863 g/cm3 | vol: 5015.84 A3
  density: 2.4889 g/cm3 | vol: 5010.48 A3
  density: 2.4802 g/cm3 | vol: 5028.10 A3
  density: 2.4930 g/cm3 | vol: 5002.20 A3
  density: 2.4905 g/cm3 | vol: 5007.39 A3
  density: 2.4694 g/cm3 | vol: 5050.06 A3
  density: 2.4830 g/cm3 | vol: 5022.40 A3
  density: 2.4895 g/cm3 | vol: 5009.31 A3
Final density (mace-omat-0, anorthite): 2.4867 +/- 0.0065 g/cm3
PASSED

=============================== warnings summary ===============================
ml_peg/calcs/molecular_dynamics/aluminosilicates_densities/calc_aluminosilicates_densities.py::test_aluminosilicates_densities[2-anorthite-mace-omat-0]
  /leonardo/home/userexternal/mbenass1/ml-peg/.venv/lib/python3.12/site-packages/e3nn/o3/_wigner.py:10: UserWarning: Environment variable TORCH_FORCE_NO_WEIGHTS_ONLY_LOAD detected, since the`weights_only` argument was not explicitly passed to `torch.load`, forcing weights_only=False.
    _Jd, _W3j_flat, _W3j_indices = torch.load(os.path.join(os.path.dirname(__file__), 'constants.pt'))

ml_peg/calcs/molecular_dynamics/aluminosilicates_densities/calc_aluminosilicates_densities.py::test_aluminosilicates_densities[2-anorthite-mace-omat-0]
  /leonardo/home/userexternal/mbenass1/ml-peg/.venv/lib/python3.12/site-packages/mace/calculators/mace.py:226: UserWarning: Environment variable TORCH_FORCE_NO_WEIGHTS_ONLY_LOAD detected, since the`weights_only` argument was not explicitly passed to `torch.load`, forcing weights_only=False.
    torch.load(f=model_path, map_location=device)

-- Docs: https://docs.pytest.org/en/stable/how-to/capture-warnings.html
===== 1 passed, 134 deselected, 2 warnings in 103724.76s (1 day, 4:48:44) ======
Task 32 completato.
Wed Jul 22 16:39:42 CEST 2026
