Task: 110 | Test: 2-albite-pet-mad | Nodo: lrdn2491.leonardo.local
GPU: NVIDIA A100-SXM-64GB
Sat Jul 25 02:18:54 CEST 2026
============================= test session starts ==============================
platform linux -- Python 3.12.13, pytest-9.1.0, pluggy-1.6.0 -- /leonardo/home/userexternal/mbenass1/ml-peg/.venv/bin/python
cachedir: .pytest_cache
rootdir: /leonardo/home/userexternal/mbenass1/ml-peg
configfile: pyproject.toml
plugins: anyio-4.14.0, typeguard-4.5.2, cov-4.1.0, dash-4.2.0, hydra-core-1.3.3
collecting ... collected 135 items / 134 deselected / 1 selected

ml_peg/calcs/molecular_dynamics/aluminosilicates_densities/calc_aluminosilicates_densities.py::test_aluminosilicates_densities[2-albite-pet-mad] Loading model from /leonardo/home/userexternal/mbenass1/ml-peg/ml_peg/models/models.yml: pet-mad
  density: 2.3546 g/cm3 | vol: 5012.21 A3
  density: 2.3193 g/cm3 | vol: 5088.49 A3
  density: 2.3376 g/cm3 | vol: 5048.68 A3
  density: 2.3351 g/cm3 | vol: 5054.00 A3
  density: 2.3495 g/cm3 | vol: 5023.04 A3
  density: 2.3416 g/cm3 | vol: 5039.96 A3
  density: 2.3276 g/cm3 | vol: 5070.32 A3
  density: 2.3366 g/cm3 | vol: 5050.83 A3
  density: 2.3440 g/cm3 | vol: 5034.87 A3
  density: 2.3334 g/cm3 | vol: 5057.65 A3
  density: 2.3586 g/cm3 | vol: 5003.63 A3
  density: 2.3349 g/cm3 | vol: 5054.53 A3
  density: 2.3494 g/cm3 | vol: 5023.18 A3
  density: 2.3349 g/cm3 | vol: 5054.53 A3
  density: 2.3222 g/cm3 | vol: 5082.09 A3
  density: 2.3392 g/cm3 | vol: 5045.23 A3
  density: 2.3489 g/cm3 | vol: 5024.34 A3
  density: 2.3380 g/cm3 | vol: 5047.79 A3
  density: 2.3473 g/cm3 | vol: 5027.67 A3
  density: 2.3267 g/cm3 | vol: 5072.37 A3
  density: 2.3433 g/cm3 | vol: 5036.42 A3
Final density (pet-mad, albite): 2.3392 +/- 0.0100 g/cm3
PASSED

=============================== warnings summary ===============================
ml_peg/calcs/molecular_dynamics/aluminosilicates_densities/calc_aluminosilicates_densities.py::test_aluminosilicates_densities[2-albite-pet-mad]
  /leonardo/home/userexternal/mbenass1/ml-peg/.venv/lib/python3.12/site-packages/metatomic/torch/ase_calculator.py:37: DeprecationWarning: The 'nvalchemiops.neighborlist' module has been renamed to 'nvalchemiops.neighbors'. Please update your imports from 'nvalchemiops.neighborlist' to 'nvalchemiops.neighbors'. This backwards-compatible alias will be removed in a future version.
    from nvalchemiops.neighborlist import neighbor_list as nvalchemi_neighbor_list

ml_peg/calcs/molecular_dynamics/aluminosilicates_densities/calc_aluminosilicates_densities.py::test_aluminosilicates_densities[2-albite-pet-mad]
ml_peg/calcs/molecular_dynamics/aluminosilicates_densities/calc_aluminosilicates_densities.py::test_aluminosilicates_densities[2-albite-pet-mad]
  /leonardo/home/userexternal/mbenass1/ml-peg/.venv/lib/python3.12/site-packages/metatomic/torch/ase_calculator.py:37: DeprecationWarning: From version 0.3.0 onwards, PyTorch is now an optional dependency and the `nvalchemiops.neighborlist` namespace is reserved for `warp` kernels directly. For end-users, import from `nvalchemiops.torch.neighbors` instead.
    from nvalchemiops.neighborlist import neighbor_list as nvalchemi_neighbor_list

ml_peg/calcs/molecular_dynamics/aluminosilicates_densities/calc_aluminosilicates_densities.py::test_aluminosilicates_densities[2-albite-pet-mad]
  /leonardo/home/userexternal/mbenass1/ml-peg/.venv/lib/python3.12/site-packages/warp/_src/torch.py:271: UserWarning: The .grad attribute of a Tensor that is not a leaf Tensor is being accessed. Its .grad attribute won't be populated during autograd.backward(). If you indeed want the .grad field to be populated for a non-leaf Tensor, use .retain_grad() on the non-leaf Tensor. If you access the non-leaf Tensor by mistake, make sure you access the leaf Tensor instead. See github.com/pytorch/pytorch/pull/30531 for more informations. (Triggered internally at /pytorch/build/aten/src/ATen/core/TensorBody.h:489.)
    if t.grad is not None:

ml_peg/calcs/molecular_dynamics/aluminosilicates_densities/calc_aluminosilicates_densities.py::test_aluminosilicates_densities[2-albite-pet-mad]
  /leonardo/home/userexternal/mbenass1/ml-peg/.venv/lib/python3.12/site-packages/metatomic/torch/ase_calculator.py:1482: UserWarning: `compute_requested_neighbors_from_options` is deprecated and will be removed in a future version. Please use `neighbor_lists_for_model` to get the calculators and call them directly.
    vesin.metatomic.compute_requested_neighbors_from_options(

ml_peg/calcs/molecular_dynamics/aluminosilicates_densities/calc_aluminosilicates_densities.py::test_aluminosilicates_densities[2-albite-pet-mad]
  /leonardo/home/userexternal/mbenass1/ml-peg/.venv/lib/python3.12/site-packages/pet_mad/calculator.py:200: UserWarning: Some of the atomic energy uncertainties are larger than the threshold of 0.1 eV. The prediction is above the threshold for atoms [ 91  95 100 111 135 264].
    self.calculator.calculate(atoms, properties, system_changes)

ml_peg/calcs/molecular_dynamics/aluminosilicates_densities/calc_aluminosilicates_densities.py::test_aluminosilicates_densities[2-albite-pet-mad]
  /leonardo/home/userexternal/mbenass1/ml-peg/.venv/lib/python3.12/site-packages/pet_mad/calculator.py:200: UserWarning: Some of the atomic energy uncertainties are larger than the threshold of 0.1 eV. The prediction is above the threshold for atoms [ 91  95 100 111 135].
    self.calculator.calculate(atoms, properties, system_changes)

ml_peg/calcs/molecular_dynamics/aluminosilicates_densities/calc_aluminosilicates_densities.py::test_aluminosilicates_densities[2-albite-pet-mad]
  /leonardo/home/userexternal/mbenass1/ml-peg/.venv/lib/python3.12/site-packages/pet_mad/calculator.py:200: UserWarning: Some of the atomic energy uncertainties are larger than the threshold of 0.1 eV. The prediction is above the threshold for atoms [ 95 100 111 135].
    self.calculator.calculate(atoms, properties, system_changes)

ml_peg/calcs/molecular_dynamics/aluminosilicates_densities/calc_aluminosilicates_densities.py::test_aluminosilicates_densities[2-albite-pet-mad]
  /leonardo/home/userexternal/mbenass1/ml-peg/.venv/lib/python3.12/site-packages/pet_mad/calculator.py:200: UserWarning: Some of the atomic energy uncertainties are larger than the threshold of 0.1 eV. The prediction is above the threshold for atoms [ 95 100 111].
    self.calculator.calculate(atoms, properties, system_changes)

ml_peg/calcs/molecular_dynamics/aluminosilicates_densities/calc_aluminosilicates_densities.py::test_aluminosilicates_densities[2-albite-pet-mad]
  /leonardo/home/userexternal/mbenass1/ml-peg/.venv/lib/python3.12/site-packages/pet_mad/calculator.py:200: UserWarning: Some of the atomic energy uncertainties are larger than the threshold of 0.1 eV. The prediction is above the threshold for atoms [ 95 111].
    self.calculator.calculate(atoms, properties, system_changes)

ml_peg/calcs/molecular_dynamics/aluminosilicates_densities/calc_aluminosilicates_densities.py::test_aluminosilicates_densities[2-albite-pet-mad]
  /leonardo/home/userexternal/mbenass1/ml-peg/.venv/lib/python3.12/site-packages/pet_mad/calculator.py:200: UserWarning: Some of the atomic energy uncertainties are larger than the threshold of 0.1 eV. The prediction is above the threshold for atoms [ 95 111 124].
    self.calculator.calculate(atoms, properties, system_changes)

ml_peg/calcs/molecular_dynamics/aluminosilicates_densities/calc_aluminosilicates_densities.py::test_aluminosilicates_densities[2-albite-pet-mad]
  /leonardo/home/userexternal/mbenass1/ml-peg/.venv/lib/python3.12/site-packages/pet_mad/calculator.py:200: UserWarning: Some of the atomic energy uncertainties are larger than the threshold of 0.1 eV. The prediction is above the threshold for atoms [ 79  95 111 124].
    self.calculator.calculate(atoms, properties, system_changes)

ml_peg/calcs/molecular_dynamics/aluminosilicates_densities/calc_aluminosilicates_densities.py::test_aluminosilicates_densities[2-albite-pet-mad]
  /leonardo/home/userexternal/mbenass1/ml-peg/.venv/lib/python3.12/site-packages/pet_mad/calculator.py:200: UserWarning: Some of the atomic energy uncertainties are larger than the threshold of 0.1 eV. The prediction is above the threshold for atoms [ 79  95 124].
    self.calculator.calculate(atoms, properties, system_changes)

ml_peg/calcs/molecular_dynamics/aluminosilicates_densities/calc_aluminosilicates_densities.py::test_aluminosilicates_densities[2-albite-pet-mad]
  /leonardo/home/userexternal/mbenass1/ml-peg/.venv/lib/python3.12/site-packages/pet_mad/calculator.py:200: UserWarning: Some of the atomic energy uncertainties are larger than the threshold of 0.1 eV. The prediction is above the threshold for atoms [ 33  79 124].
    self.calculator.calculate(atoms, properties, system_changes)

ml_peg/calcs/molecular_dynamics/aluminosilicates_densities/calc_aluminosilicates_densities.py::test_aluminosilicates_densities[2-albite-pet-mad]
  /leonardo/home/userexternal/mbenass1/ml-peg/.venv/lib/python3.12/site-packages/pet_mad/calculator.py:200: UserWarning: Some of the atomic energy uncertainties are larger than the threshold of 0.1 eV. The prediction is above the threshold for atoms [ 33  79 124 135].
    self.calculator.calculate(atoms, properties, system_changes)

ml_peg/calcs/molecular_dynamics/aluminosilicates_densities/calc_aluminosilicates_densities.py::test_aluminosilicates_densities[2-albite-pet-mad]
  /leonardo/home/userexternal/mbenass1/ml-peg/.venv/lib/python3.12/site-packages/pet_mad/calculator.py:200: UserWarning: Some of the atomic energy uncertainties are larger than the threshold of 0.1 eV. The prediction is above the threshold for atoms [ 33 124 135].
    self.calculator.calculate(atoms, properties, system_changes)

ml_peg/calcs/molecular_dynamics/aluminosilicates_densities/calc_aluminosilicates_densities.py::test_aluminosilicates_densities[2-albite-pet-mad]
  /leonardo/home/userexternal/mbenass1/ml-peg/.venv/lib/python3.12/site-packages/pet_mad/calculator.py:200: UserWarning: Some of the atomic energy uncertainties are larger than the threshold of 0.1 eV. The prediction is above the threshold for atoms [124 135].
    self.calculator.calculate(atoms, properties, system_changes)

ml_peg/calcs/molecular_dynamics/aluminosilicates_densities/calc_aluminosilicates_densities.py::test_aluminosilicates_densities[2-albite-pet-mad]
  /leonardo/home/userexternal/mbenass1/ml-peg/.venv/lib/python3.12/site-packages/pet_mad/calculator.py:200: UserWarning: Some of the atomic energy uncertainties are larger than the threshold of 0.1 eV. The prediction is above the threshold for atoms [135].
    self.calculator.calculate(atoms, properties, system_changes)

ml_peg/calcs/molecular_dynamics/aluminosilicates_densities/calc_aluminosilicates_densities.py::test_aluminosilicates_densities[2-albite-pet-mad]
  /leonardo/home/userexternal/mbenass1/ml-peg/.venv/lib/python3.12/site-packages/pet_mad/calculator.py:200: UserWarning: Some of the atomic energy uncertainties are larger than the threshold of 0.1 eV. The prediction is above the threshold for atoms [116].
    self.calculator.calculate(atoms, properties, system_changes)

ml_peg/calcs/molecular_dynamics/aluminosilicates_densities/calc_aluminosilicates_densities.py::test_aluminosilicates_densities[2-albite-pet-mad]
  /leonardo/home/userexternal/mbenass1/ml-peg/.venv/lib/python3.12/site-packages/pet_mad/calculator.py:200: UserWarning: Some of the atomic energy uncertainties are larger than the threshold of 0.1 eV. The prediction is above the threshold for atoms [50].
    self.calculator.calculate(atoms, properties, system_changes)

ml_peg/calcs/molecular_dynamics/aluminosilicates_densities/calc_aluminosilicates_densities.py::test_aluminosilicates_densities[2-albite-pet-mad]
  /leonardo/home/userexternal/mbenass1/ml-peg/.venv/lib/python3.12/site-packages/pet_mad/calculator.py:200: UserWarning: Some of the atomic energy uncertainties are larger than the threshold of 0.1 eV. The prediction is above the threshold for atoms [106].
    self.calculator.calculate(atoms, properties, system_changes)

ml_peg/calcs/molecular_dynamics/aluminosilicates_densities/calc_aluminosilicates_densities.py::test_aluminosilicates_densities[2-albite-pet-mad]
  /leonardo/home/userexternal/mbenass1/ml-peg/.venv/lib/python3.12/site-packages/pet_mad/calculator.py:200: UserWarning: Some of the atomic energy uncertainties are larger than the threshold of 0.1 eV. The prediction is above the threshold for atoms [119].
    self.calculator.calculate(atoms, properties, system_changes)

ml_peg/calcs/molecular_dynamics/aluminosilicates_densities/calc_aluminosilicates_densities.py::test_aluminosilicates_densities[2-albite-pet-mad]
  /leonardo/home/userexternal/mbenass1/ml-peg/.venv/lib/python3.12/site-packages/pet_mad/calculator.py:200: UserWarning: Some of the atomic energy uncertainties are larger than the threshold of 0.1 eV. The prediction is above the threshold for atoms [108].
    self.calculator.calculate(atoms, properties, system_changes)

ml_peg/calcs/molecular_dynamics/aluminosilicates_densities/calc_aluminosilicates_densities.py::test_aluminosilicates_densities[2-albite-pet-mad]
  /leonardo/home/userexternal/mbenass1/ml-peg/.venv/lib/python3.12/site-packages/pet_mad/calculator.py:200: UserWarning: Some of the atomic energy uncertainties are larger than the threshold of 0.1 eV. The prediction is above the threshold for atoms [75].
    self.calculator.calculate(atoms, properties, system_changes)

ml_peg/calcs/molecular_dynamics/aluminosilicates_densities/calc_aluminosilicates_densities.py::test_aluminosilicates_densities[2-albite-pet-mad]
  /leonardo/home/userexternal/mbenass1/ml-peg/.venv/lib/python3.12/site-packages/pet_mad/calculator.py:200: UserWarning: Some of the atomic energy uncertainties are larger than the threshold of 0.1 eV. The prediction is above the threshold for atoms [45].
    self.calculator.calculate(atoms, properties, system_changes)

ml_peg/calcs/molecular_dynamics/aluminosilicates_densities/calc_aluminosilicates_densities.py::test_aluminosilicates_densities[2-albite-pet-mad]
  /leonardo/home/userexternal/mbenass1/ml-peg/.venv/lib/python3.12/site-packages/pet_mad/calculator.py:200: UserWarning: Some of the atomic energy uncertainties are larger than the threshold of 0.1 eV. The prediction is above the threshold for atoms [64].
    self.calculator.calculate(atoms, properties, system_changes)

-- Docs: https://docs.pytest.org/en/stable/how-to/capture-warnings.html
========= 1 passed, 134 deselected, 26 warnings in 34080.08s (9:28:00) =========
Task 110 completato.
Sat Jul 25 11:47:01 CEST 2026
