Task: 70 | Test: 1-sanidine-mace-mh-1-omol | Nodo: lrdn2025.leonardo.local
GPU: NVIDIA A100-SXM-64GB
Sun Jul 26 19:03:36 CEST 2026
============================= test session starts ==============================
platform linux -- Python 3.12.13, pytest-9.1.0, pluggy-1.6.0 -- /leonardo/home/userexternal/mbenass1/ml-peg/.venv/bin/python
cachedir: .pytest_cache
rootdir: /leonardo/home/userexternal/mbenass1/ml-peg
configfile: pyproject.toml
plugins: anyio-4.14.0, typeguard-4.5.2, cov-4.1.0, dash-4.2.0, hydra-core-1.3.3
collecting ... collected 135 items / 134 deselected / 1 selected

ml_peg/calcs/molecular_dynamics/aluminosilicates_densities/calc_aluminosilicates_densities.py::test_aluminosilicates_densities[1-sanidine-mace-mh-1-omol] Loading model from /leonardo/home/userexternal/mbenass1/ml-peg/ml_peg/models/models.yml: mace-mh-1-omol
cuequivariance or cuequivariance_torch is not available. Cuequivariance acceleration will be disabled.
Using Materials Project MACE for MACECalculator with /leonardo/home/userexternal/mbenass1/.cache/mace/macemh1model
Using float32 for MACECalculator, which is faster but less accurate. Recommended for MD. Use float64 for geometry optimization.
  density: 2.2680 g/cm3 | vol: 5659.76 A3
  density: 2.2737 g/cm3 | vol: 5645.40 A3
  density: 2.2701 g/cm3 | vol: 5654.42 A3
  density: 2.2739 g/cm3 | vol: 5644.95 A3
  density: 2.2771 g/cm3 | vol: 5637.03 A3
  density: 2.2657 g/cm3 | vol: 5665.41 A3
  density: 2.2677 g/cm3 | vol: 5660.30 A3
  density: 2.2692 g/cm3 | vol: 5656.73 A3
  density: 2.2707 g/cm3 | vol: 5652.99 A3
  density: 2.2687 g/cm3 | vol: 5657.86 A3
  density: 2.2675 g/cm3 | vol: 5660.97 A3
  density: 2.2609 g/cm3 | vol: 5677.46 A3
  density: 2.2754 g/cm3 | vol: 5641.18 A3
  density: 2.2669 g/cm3 | vol: 5662.27 A3
  density: 2.2794 g/cm3 | vol: 5631.42 A3
  density: 2.2736 g/cm3 | vol: 5645.60 A3
  density: 2.2745 g/cm3 | vol: 5643.36 A3
  density: 2.2609 g/cm3 | vol: 5677.32 A3
  density: 2.2582 g/cm3 | vol: 5684.14 A3
  density: 2.2593 g/cm3 | vol: 5681.43 A3
  density: 2.2554 g/cm3 | vol: 5691.24 A3
Final density (mace-mh-1-omol, sanidine): 2.2684 +/- 0.0064 g/cm3
PASSED

=============================== warnings summary ===============================
ml_peg/calcs/molecular_dynamics/aluminosilicates_densities/calc_aluminosilicates_densities.py::test_aluminosilicates_densities[1-sanidine-mace-mh-1-omol]
  /leonardo/home/userexternal/mbenass1/ml-peg/.venv/lib/python3.12/site-packages/e3nn/o3/_wigner.py:10: UserWarning: Environment variable TORCH_FORCE_NO_WEIGHTS_ONLY_LOAD detected, since the`weights_only` argument was not explicitly passed to `torch.load`, forcing weights_only=False.
    _Jd, _W3j_flat, _W3j_indices = torch.load(os.path.join(os.path.dirname(__file__), 'constants.pt'))

ml_peg/calcs/molecular_dynamics/aluminosilicates_densities/calc_aluminosilicates_densities.py::test_aluminosilicates_densities[1-sanidine-mace-mh-1-omol]
  /leonardo/home/userexternal/mbenass1/ml-peg/.venv/lib/python3.12/site-packages/mace/calculators/mace.py:226: UserWarning: Environment variable TORCH_FORCE_NO_WEIGHTS_ONLY_LOAD detected, since the`weights_only` argument was not explicitly passed to `torch.load`, forcing weights_only=False.
    torch.load(f=model_path, map_location=device)

-- Docs: https://docs.pytest.org/en/stable/how-to/capture-warnings.html
===== 1 passed, 134 deselected, 2 warnings in 126364.52s (1 day, 11:06:04) =====
Task 70 completato.
Tue Jul 28 06:09:46 CEST 2026
