Task: 2 | Test: 2-albite-mattersim-5M | Nodo: lrdn3220.leonardo.local
GPU: NVIDIA A100-SXM-64GB
Sat Jul 18 15:01:18 CEST 2026
============================= test session starts ==============================
platform linux -- Python 3.12.13, pytest-9.1.0, pluggy-1.6.0 -- /leonardo/home/userexternal/mbenass1/ml-peg/.venv_mattersim/bin/python3
cachedir: .pytest_cache
rootdir: /leonardo/home/userexternal/mbenass1/ml-peg
configfile: pyproject.toml
plugins: anyio-4.14.0, typeguard-4.5.2, cov-4.1.0, dash-4.2.0, hydra-core-1.3.3
collecting ... collected 135 items / 134 deselected / 1 selected

ml_peg/calcs/molecular_dynamics/aluminosilicates_densities/calc_aluminosilicates_densities.py::test_aluminosilicates_densities[2-albite-mattersim-5M] Loading model from /leonardo/home/userexternal/mbenass1/ml-peg/ml_peg/models/models.yml: mattersim-5M
2026-07-18 15:01:37.622 | INFO     | mattersim.forcefield.potential:from_checkpoint:891 - Loading the pre-trained mattersim-v1.0.0-5M.pth model
  density: 2.1162 g/cm3 | vol: 5576.72 A3
  density: 2.1198 g/cm3 | vol: 5567.48 A3
  density: 2.1059 g/cm3 | vol: 5604.12 A3
  density: 2.1241 g/cm3 | vol: 5556.13 A3
  density: 2.1208 g/cm3 | vol: 5564.63 A3
  density: 2.1355 g/cm3 | vol: 5526.32 A3
  density: 2.1149 g/cm3 | vol: 5580.26 A3
  density: 2.1261 g/cm3 | vol: 5550.76 A3
  density: 2.1136 g/cm3 | vol: 5583.59 A3
  density: 2.1206 g/cm3 | vol: 5565.15 A3
  density: 2.1108 g/cm3 | vol: 5590.97 A3
  density: 2.1181 g/cm3 | vol: 5571.94 A3
  density: 2.1235 g/cm3 | vol: 5557.70 A3
  density: 2.1314 g/cm3 | vol: 5537.04 A3
  density: 2.1129 g/cm3 | vol: 5585.66 A3
  density: 2.1220 g/cm3 | vol: 5561.48 A3
  density: 2.1190 g/cm3 | vol: 5569.34 A3
  density: 2.1147 g/cm3 | vol: 5580.85 A3
  density: 2.1029 g/cm3 | vol: 5612.04 A3
  density: 2.0980 g/cm3 | vol: 5625.17 A3
  density: 2.1257 g/cm3 | vol: 5551.95 A3
Final density (mattersim-5M, albite): 2.1179 +/- 0.0088 g/cm3
PASSED

=============================== warnings summary ===============================
ml_peg/calcs/molecular_dynamics/aluminosilicates_densities/calc_aluminosilicates_densities.py::test_aluminosilicates_densities[2-albite-mattersim-5M]
  /leonardo/home/userexternal/mbenass1/ml-peg/.venv_mattersim/lib/python3.12/site-packages/mattersim/forcefield/potential.py:896: UserWarning: Environment variable TORCH_FORCE_NO_WEIGHTS_ONLY_LOAD detected, since the`weights_only` argument was not explicitly passed to `torch.load`, forcing weights_only=False.
    checkpoint = torch.load(load_path, map_location=device)

-- Docs: https://docs.pytest.org/en/stable/how-to/capture-warnings.html
========= 1 passed, 134 deselected, 1 warning in 59898.21s (16:38:18) ==========
Task 2 completato.
Sun Jul 19 07:39:42 CEST 2026
