Task: 1 | Test: 1-albite-mace-mp-0a | Nodo: lrdn3271.leonardo.local
GPU: NVIDIA A100-SXM-64GB
Fri Jul 17 18:22:24 CEST 2026
============================= test session starts ==============================
platform linux -- Python 3.12.13, pytest-9.1.0, pluggy-1.6.0 -- /leonardo/home/userexternal/mbenass1/ml-peg/.venv/bin/python
cachedir: .pytest_cache
rootdir: /leonardo/home/userexternal/mbenass1/ml-peg
configfile: pyproject.toml
plugins: anyio-4.14.0, typeguard-4.5.2, cov-4.1.0, dash-4.2.0, hydra-core-1.3.3
collecting ... collected 135 items / 134 deselected / 1 selected

ml_peg/calcs/molecular_dynamics/aluminosilicates_densities/calc_aluminosilicates_densities.py::test_aluminosilicates_densities[1-albite-mace-mp-0a] Loading model from /leonardo/home/userexternal/mbenass1/ml-peg/ml_peg/models/models.yml: mace-mp-0a
cuequivariance or cuequivariance_torch is not available. Cuequivariance acceleration will be disabled.
Using Materials Project MACE for MACECalculator with /leonardo/home/userexternal/mbenass1/.cache/mace/20231203mace128L1_epoch199model
Using float32 for MACECalculator, which is faster but less accurate. Recommended for MD. Use float64 for geometry optimization.
  density: 2.2216 g/cm3 | vol: 5312.14 A3
  density: 2.2414 g/cm3 | vol: 5265.39 A3
  density: 2.2365 g/cm3 | vol: 5276.80 A3
  density: 2.2274 g/cm3 | vol: 5298.52 A3
  density: 2.2398 g/cm3 | vol: 5269.08 A3
  density: 2.2307 g/cm3 | vol: 5290.69 A3
  density: 2.2240 g/cm3 | vol: 5306.55 A3
  density: 2.2457 g/cm3 | vol: 5255.23 A3
  density: 2.2349 g/cm3 | vol: 5280.57 A3
  density: 2.2260 g/cm3 | vol: 5301.72 A3
  density: 2.2349 g/cm3 | vol: 5280.66 A3
  density: 2.2304 g/cm3 | vol: 5291.27 A3
  density: 2.2309 g/cm3 | vol: 5290.05 A3
  density: 2.2420 g/cm3 | vol: 5263.85 A3
  density: 2.2309 g/cm3 | vol: 5290.12 A3
  density: 2.2428 g/cm3 | vol: 5262.10 A3
  density: 2.2325 g/cm3 | vol: 5286.37 A3
  density: 2.2497 g/cm3 | vol: 5245.94 A3
  density: 2.2231 g/cm3 | vol: 5308.56 A3
  density: 2.2420 g/cm3 | vol: 5264.00 A3
  density: 2.2385 g/cm3 | vol: 5272.17 A3
Final density (mace-mp-0a, albite): 2.2346 +/- 0.0076 g/cm3
PASSED

=============================== warnings summary ===============================
ml_peg/calcs/molecular_dynamics/aluminosilicates_densities/calc_aluminosilicates_densities.py::test_aluminosilicates_densities[1-albite-mace-mp-0a]
  /leonardo/home/userexternal/mbenass1/ml-peg/.venv/lib/python3.12/site-packages/e3nn/o3/_wigner.py:10: UserWarning: Environment variable TORCH_FORCE_NO_WEIGHTS_ONLY_LOAD detected, since the`weights_only` argument was not explicitly passed to `torch.load`, forcing weights_only=False.
    _Jd, _W3j_flat, _W3j_indices = torch.load(os.path.join(os.path.dirname(__file__), 'constants.pt'))

ml_peg/calcs/molecular_dynamics/aluminosilicates_densities/calc_aluminosilicates_densities.py::test_aluminosilicates_densities[1-albite-mace-mp-0a]
  /leonardo/home/userexternal/mbenass1/ml-peg/.venv/lib/python3.12/site-packages/mace/calculators/mace.py:226: UserWarning: Environment variable TORCH_FORCE_NO_WEIGHTS_ONLY_LOAD detected, since the`weights_only` argument was not explicitly passed to `torch.load`, forcing weights_only=False.
    torch.load(f=model_path, map_location=device)

-- Docs: https://docs.pytest.org/en/stable/how-to/capture-warnings.html
===== 1 passed, 134 deselected, 2 warnings in 101408.23s (1 day, 4:10:08) ======
Task 1 completato.
Sat Jul 18 22:32:38 CEST 2026
