Task: 43 | Test: 1-sanidine-mace-matpes-r2scan | Nodo: lrdn0031.leonardo.local
GPU: NVIDIA A100-SXM-64GB
Wed Jul 22 16:39:48 CEST 2026
============================= test session starts ==============================
platform linux -- Python 3.12.13, pytest-9.1.0, pluggy-1.6.0 -- /leonardo/home/userexternal/mbenass1/ml-peg/.venv/bin/python
cachedir: .pytest_cache
rootdir: /leonardo/home/userexternal/mbenass1/ml-peg
configfile: pyproject.toml
plugins: anyio-4.14.0, typeguard-4.5.2, cov-4.1.0, dash-4.2.0, hydra-core-1.3.3
collecting ... collected 135 items / 134 deselected / 1 selected

ml_peg/calcs/molecular_dynamics/aluminosilicates_densities/calc_aluminosilicates_densities.py::test_aluminosilicates_densities[1-sanidine-mace-matpes-r2scan] Loading model from /leonardo/home/userexternal/mbenass1/ml-peg/ml_peg/models/models.yml: mace-matpes-r2scan
cuequivariance or cuequivariance_torch is not available. Cuequivariance acceleration will be disabled.
Using model under Academic Software License (ASL) license, see https://github.com/gabor1/ASL
 To use this model you accept the terms of the license.
Using Materials Project MACE for MACECalculator with /leonardo/home/userexternal/mbenass1/.cache/mace/MACEmatpesr2scanomatftmodel
Using float32 for MACECalculator, which is faster but less accurate. Recommended for MD. Use float64 for geometry optimization.
  density: 2.2926 g/cm3 | vol: 5598.86 A3
  density: 2.2837 g/cm3 | vol: 5620.80 A3
  density: 2.2949 g/cm3 | vol: 5593.25 A3
  density: 2.2901 g/cm3 | vol: 5604.99 A3
  density: 2.3050 g/cm3 | vol: 5568.85 A3
  density: 2.2896 g/cm3 | vol: 5606.26 A3
  density: 2.2839 g/cm3 | vol: 5620.24 A3
  density: 2.3006 g/cm3 | vol: 5579.49 A3
  density: 2.3001 g/cm3 | vol: 5580.58 A3
  density: 2.3091 g/cm3 | vol: 5558.80 A3
  density: 2.2939 g/cm3 | vol: 5595.83 A3
  density: 2.2997 g/cm3 | vol: 5581.74 A3
  density: 2.2836 g/cm3 | vol: 5621.03 A3
  density: 2.2947 g/cm3 | vol: 5593.67 A3
  density: 2.2812 g/cm3 | vol: 5626.80 A3
  density: 2.2960 g/cm3 | vol: 5590.55 A3
  density: 2.2959 g/cm3 | vol: 5590.97 A3
  density: 2.2822 g/cm3 | vol: 5624.46 A3
  density: 2.2840 g/cm3 | vol: 5619.96 A3
  density: 2.2769 g/cm3 | vol: 5637.59 A3
  density: 2.2957 g/cm3 | vol: 5591.23 A3
Final density (mace-matpes-r2scan, sanidine): 2.2921 +/- 0.0083 g/cm3
PASSED

=============================== warnings summary ===============================
ml_peg/calcs/molecular_dynamics/aluminosilicates_densities/calc_aluminosilicates_densities.py::test_aluminosilicates_densities[1-sanidine-mace-matpes-r2scan]
  /leonardo/home/userexternal/mbenass1/ml-peg/.venv/lib/python3.12/site-packages/e3nn/o3/_wigner.py:10: UserWarning: Environment variable TORCH_FORCE_NO_WEIGHTS_ONLY_LOAD detected, since the`weights_only` argument was not explicitly passed to `torch.load`, forcing weights_only=False.
    _Jd, _W3j_flat, _W3j_indices = torch.load(os.path.join(os.path.dirname(__file__), 'constants.pt'))

ml_peg/calcs/molecular_dynamics/aluminosilicates_densities/calc_aluminosilicates_densities.py::test_aluminosilicates_densities[1-sanidine-mace-matpes-r2scan]
  /leonardo/home/userexternal/mbenass1/ml-peg/.venv/lib/python3.12/site-packages/mace/calculators/mace.py:226: UserWarning: Environment variable TORCH_FORCE_NO_WEIGHTS_ONLY_LOAD detected, since the`weights_only` argument was not explicitly passed to `torch.load`, forcing weights_only=False.
    torch.load(f=model_path, map_location=device)

-- Docs: https://docs.pytest.org/en/stable/how-to/capture-warnings.html
===== 1 passed, 134 deselected, 2 warnings in 100804.76s (1 day, 4:00:04) ======
Task 43 completato.
Thu Jul 23 20:39:59 CEST 2026
