Task: 13 | Test: 1-anorthite-mace-mp-0b3 | Nodo: lrdn3450.leonardo.local
GPU: NVIDIA A100-SXM-64GB
Sun Jul 19 02:19:37 CEST 2026
============================= test session starts ==============================
platform linux -- Python 3.12.13, pytest-9.1.0, pluggy-1.6.0 -- /leonardo/home/userexternal/mbenass1/ml-peg/.venv/bin/python
cachedir: .pytest_cache
rootdir: /leonardo/home/userexternal/mbenass1/ml-peg
configfile: pyproject.toml
plugins: anyio-4.14.0, typeguard-4.5.2, cov-4.1.0, dash-4.2.0, hydra-core-1.3.3
collecting ... collected 135 items / 134 deselected / 1 selected

ml_peg/calcs/molecular_dynamics/aluminosilicates_densities/calc_aluminosilicates_densities.py::test_aluminosilicates_densities[1-anorthite-mace-mp-0b3] Loading model from /leonardo/home/userexternal/mbenass1/ml-peg/ml_peg/models/models.yml: mace-mp-0b3
cuequivariance or cuequivariance_torch is not available. Cuequivariance acceleration will be disabled.
Using Materials Project MACE for MACECalculator with /leonardo/home/userexternal/mbenass1/.cache/mace/macemp0b3mediummodel
Using float32 for MACECalculator, which is faster but less accurate. Recommended for MD. Use float64 for geometry optimization.
  density: 2.4865 g/cm3 | vol: 5015.40 A3
  density: 2.4773 g/cm3 | vol: 5033.91 A3
  density: 2.4769 g/cm3 | vol: 5034.79 A3
  density: 2.4741 g/cm3 | vol: 5040.45 A3
  density: 2.4712 g/cm3 | vol: 5046.42 A3
  density: 2.4628 g/cm3 | vol: 5063.66 A3
  density: 2.4827 g/cm3 | vol: 5023.12 A3
  density: 2.4737 g/cm3 | vol: 5041.24 A3
  density: 2.4814 g/cm3 | vol: 5025.63 A3
  density: 2.4764 g/cm3 | vol: 5035.91 A3
  density: 2.4734 g/cm3 | vol: 5041.91 A3
  density: 2.4767 g/cm3 | vol: 5035.25 A3
  density: 2.4898 g/cm3 | vol: 5008.80 A3
  density: 2.4726 g/cm3 | vol: 5043.49 A3
  density: 2.4689 g/cm3 | vol: 5051.23 A3
  density: 2.4901 g/cm3 | vol: 5008.21 A3
  density: 2.4761 g/cm3 | vol: 5036.37 A3
  density: 2.4749 g/cm3 | vol: 5038.93 A3
  density: 2.4713 g/cm3 | vol: 5046.25 A3
  density: 2.4733 g/cm3 | vol: 5042.08 A3
  density: 2.4765 g/cm3 | vol: 5035.63 A3
Final density (mace-mp-0b3, anorthite): 2.4765 +/- 0.0065 g/cm3
PASSED

=============================== warnings summary ===============================
ml_peg/calcs/molecular_dynamics/aluminosilicates_densities/calc_aluminosilicates_densities.py::test_aluminosilicates_densities[1-anorthite-mace-mp-0b3]
  /leonardo/home/userexternal/mbenass1/ml-peg/.venv/lib/python3.12/site-packages/e3nn/o3/_wigner.py:10: UserWarning: Environment variable TORCH_FORCE_NO_WEIGHTS_ONLY_LOAD detected, since the`weights_only` argument was not explicitly passed to `torch.load`, forcing weights_only=False.
    _Jd, _W3j_flat, _W3j_indices = torch.load(os.path.join(os.path.dirname(__file__), 'constants.pt'))

ml_peg/calcs/molecular_dynamics/aluminosilicates_densities/calc_aluminosilicates_densities.py::test_aluminosilicates_densities[1-anorthite-mace-mp-0b3]
  /leonardo/home/userexternal/mbenass1/ml-peg/.venv/lib/python3.12/site-packages/mace/calculators/mace.py:226: UserWarning: Environment variable TORCH_FORCE_NO_WEIGHTS_ONLY_LOAD detected, since the`weights_only` argument was not explicitly passed to `torch.load`, forcing weights_only=False.
    torch.load(f=model_path, map_location=device)

-- Docs: https://docs.pytest.org/en/stable/how-to/capture-warnings.html
===== 1 passed, 134 deselected, 2 warnings in 103435.76s (1 day, 4:43:55) ======
Task 13 completato.
Mon Jul 20 07:03:38 CEST 2026
