Task: 35 | Test: 2-sanidine-mace-omat-0 | Nodo: lrdn2976.leonardo.local
GPU: NVIDIA A100-SXM-64GB
Wed Jul 22 03:11:40 CEST 2026
============================= test session starts ==============================
platform linux -- Python 3.12.13, pytest-9.1.0, pluggy-1.6.0 -- /leonardo/home/userexternal/mbenass1/ml-peg/.venv/bin/python
cachedir: .pytest_cache
rootdir: /leonardo/home/userexternal/mbenass1/ml-peg
configfile: pyproject.toml
plugins: anyio-4.14.0, typeguard-4.5.2, cov-4.1.0, dash-4.2.0, hydra-core-1.3.3
collecting ... collected 135 items / 134 deselected / 1 selected

ml_peg/calcs/molecular_dynamics/aluminosilicates_densities/calc_aluminosilicates_densities.py::test_aluminosilicates_densities[2-sanidine-mace-omat-0] Loading model from /leonardo/home/userexternal/mbenass1/ml-peg/ml_peg/models/models.yml: mace-omat-0
cuequivariance or cuequivariance_torch is not available. Cuequivariance acceleration will be disabled.
Using model under Academic Software License (ASL) license, see https://github.com/gabor1/ASL
 To use this model you accept the terms of the license.
Using Materials Project MACE for MACECalculator with /leonardo/home/userexternal/mbenass1/.cache/mace/maceomat0mediummodel
Using float32 for MACECalculator, which is faster but less accurate. Recommended for MD. Use float64 for geometry optimization.
  density: 2.0406 g/cm3 | vol: 6290.42 A3
  density: 2.0514 g/cm3 | vol: 6257.34 A3
  density: 2.0278 g/cm3 | vol: 6330.13 A3
  density: 2.0537 g/cm3 | vol: 6250.09 A3
  density: 2.0401 g/cm3 | vol: 6291.96 A3
  density: 2.0409 g/cm3 | vol: 6289.53 A3
  density: 2.0491 g/cm3 | vol: 6264.27 A3
  density: 2.0395 g/cm3 | vol: 6293.75 A3
  density: 2.0351 g/cm3 | vol: 6307.48 A3
  density: 2.0584 g/cm3 | vol: 6235.91 A3
  density: 2.0552 g/cm3 | vol: 6245.51 A3
  density: 2.0518 g/cm3 | vol: 6256.06 A3
  density: 2.0513 g/cm3 | vol: 6257.45 A3
  density: 2.0500 g/cm3 | vol: 6261.41 A3
  density: 2.0454 g/cm3 | vol: 6275.70 A3
  density: 2.0557 g/cm3 | vol: 6244.18 A3
  density: 2.0561 g/cm3 | vol: 6242.83 A3
  density: 2.0516 g/cm3 | vol: 6256.57 A3
  density: 2.0540 g/cm3 | vol: 6249.38 A3
  density: 2.0339 g/cm3 | vol: 6311.13 A3
  density: 2.0436 g/cm3 | vol: 6281.25 A3
Final density (mace-omat-0, sanidine): 2.0469 +/- 0.0082 g/cm3
PASSED

=============================== warnings summary ===============================
ml_peg/calcs/molecular_dynamics/aluminosilicates_densities/calc_aluminosilicates_densities.py::test_aluminosilicates_densities[2-sanidine-mace-omat-0]
  /leonardo/home/userexternal/mbenass1/ml-peg/.venv/lib/python3.12/site-packages/e3nn/o3/_wigner.py:10: UserWarning: Environment variable TORCH_FORCE_NO_WEIGHTS_ONLY_LOAD detected, since the`weights_only` argument was not explicitly passed to `torch.load`, forcing weights_only=False.
    _Jd, _W3j_flat, _W3j_indices = torch.load(os.path.join(os.path.dirname(__file__), 'constants.pt'))

ml_peg/calcs/molecular_dynamics/aluminosilicates_densities/calc_aluminosilicates_densities.py::test_aluminosilicates_densities[2-sanidine-mace-omat-0]
  /leonardo/home/userexternal/mbenass1/ml-peg/.venv/lib/python3.12/site-packages/mace/calculators/mace.py:226: UserWarning: Environment variable TORCH_FORCE_NO_WEIGHTS_ONLY_LOAD detected, since the`weights_only` argument was not explicitly passed to `torch.load`, forcing weights_only=False.
    torch.load(f=model_path, map_location=device)

-- Docs: https://docs.pytest.org/en/stable/how-to/capture-warnings.html
====== 1 passed, 134 deselected, 2 warnings in 92732.18s (1 day, 1:45:32) ======
Task 35 completato.
Thu Jul 23 04:57:17 CEST 2026
