Task: 16 | Test: 1-sanidine-mace-mp-0b3 | Nodo: lrdn0362.leonardo.local
GPU: NVIDIA A100-SXM-64GB
Mon Jul 20 02:27:03 CEST 2026
============================= test session starts ==============================
platform linux -- Python 3.12.13, pytest-9.1.0, pluggy-1.6.0 -- /leonardo/home/userexternal/mbenass1/ml-peg/.venv/bin/python
cachedir: .pytest_cache
rootdir: /leonardo/home/userexternal/mbenass1/ml-peg
configfile: pyproject.toml
plugins: anyio-4.14.0, typeguard-4.5.2, cov-4.1.0, dash-4.2.0, hydra-core-1.3.3
collecting ... collected 135 items / 134 deselected / 1 selected

ml_peg/calcs/molecular_dynamics/aluminosilicates_densities/calc_aluminosilicates_densities.py::test_aluminosilicates_densities[1-sanidine-mace-mp-0b3] Loading model from /leonardo/home/userexternal/mbenass1/ml-peg/ml_peg/models/models.yml: mace-mp-0b3
cuequivariance or cuequivariance_torch is not available. Cuequivariance acceleration will be disabled.
Using Materials Project MACE for MACECalculator with /leonardo/home/userexternal/mbenass1/.cache/mace/macemp0b3mediummodel
Using float32 for MACECalculator, which is faster but less accurate. Recommended for MD. Use float64 for geometry optimization.
  density: 2.1951 g/cm3 | vol: 5847.55 A3
  density: 2.1837 g/cm3 | vol: 5878.01 A3
  density: 2.1870 g/cm3 | vol: 5869.28 A3
  density: 2.1923 g/cm3 | vol: 5855.05 A3
  density: 2.2016 g/cm3 | vol: 5830.36 A3
  density: 2.1946 g/cm3 | vol: 5848.92 A3
  density: 2.1943 g/cm3 | vol: 5849.75 A3
  density: 2.1756 g/cm3 | vol: 5900.04 A3
  density: 2.1839 g/cm3 | vol: 5877.68 A3
  density: 2.1902 g/cm3 | vol: 5860.79 A3
  density: 2.1874 g/cm3 | vol: 5868.19 A3
  density: 2.1920 g/cm3 | vol: 5855.97 A3
  density: 2.1958 g/cm3 | vol: 5845.62 A3
  density: 2.1988 g/cm3 | vol: 5837.81 A3
  density: 2.1937 g/cm3 | vol: 5851.35 A3
  density: 2.2008 g/cm3 | vol: 5832.47 A3
  density: 2.2000 g/cm3 | vol: 5834.61 A3
  density: 2.2101 g/cm3 | vol: 5807.95 A3
  density: 2.2010 g/cm3 | vol: 5831.88 A3
  density: 2.1919 g/cm3 | vol: 5856.22 A3
  density: 2.2000 g/cm3 | vol: 5834.45 A3
Final density (mace-mp-0b3, sanidine): 2.1938 +/- 0.0075 g/cm3
PASSED

=============================== warnings summary ===============================
ml_peg/calcs/molecular_dynamics/aluminosilicates_densities/calc_aluminosilicates_densities.py::test_aluminosilicates_densities[1-sanidine-mace-mp-0b3]
  /leonardo/home/userexternal/mbenass1/ml-peg/.venv/lib/python3.12/site-packages/e3nn/o3/_wigner.py:10: UserWarning: Environment variable TORCH_FORCE_NO_WEIGHTS_ONLY_LOAD detected, since the`weights_only` argument was not explicitly passed to `torch.load`, forcing weights_only=False.
    _Jd, _W3j_flat, _W3j_indices = torch.load(os.path.join(os.path.dirname(__file__), 'constants.pt'))

ml_peg/calcs/molecular_dynamics/aluminosilicates_densities/calc_aluminosilicates_densities.py::test_aluminosilicates_densities[1-sanidine-mace-mp-0b3]
  /leonardo/home/userexternal/mbenass1/ml-peg/.venv/lib/python3.12/site-packages/mace/calculators/mace.py:226: UserWarning: Environment variable TORCH_FORCE_NO_WEIGHTS_ONLY_LOAD detected, since the`weights_only` argument was not explicitly passed to `torch.load`, forcing weights_only=False.
    torch.load(f=model_path, map_location=device)

-- Docs: https://docs.pytest.org/en/stable/how-to/capture-warnings.html
====== 1 passed, 134 deselected, 2 warnings in 93984.92s (1 day, 2:06:24) ======
Task 16 completato.
Tue Jul 21 04:33:32 CEST 2026
