Task: 24 | Test: 0-sanidine-mace-mpa-0 | Nodo: lrdn0636.leonardo.local
GPU: NVIDIA A100-SXM-64GB
Mon Jul 20 11:39:06 CEST 2026
============================= test session starts ==============================
platform linux -- Python 3.12.13, pytest-9.1.0, pluggy-1.6.0 -- /leonardo/home/userexternal/mbenass1/ml-peg/.venv/bin/python
cachedir: .pytest_cache
rootdir: /leonardo/home/userexternal/mbenass1/ml-peg
configfile: pyproject.toml
plugins: anyio-4.14.0, typeguard-4.5.2, cov-4.1.0, dash-4.2.0, hydra-core-1.3.3
collecting ... collected 135 items / 134 deselected / 1 selected

ml_peg/calcs/molecular_dynamics/aluminosilicates_densities/calc_aluminosilicates_densities.py::test_aluminosilicates_densities[0-sanidine-mace-mpa-0] Loading model from /leonardo/home/userexternal/mbenass1/ml-peg/ml_peg/models/models.yml: mace-mpa-0
cuequivariance or cuequivariance_torch is not available. Cuequivariance acceleration will be disabled.
Using medium MPA-0 model as default MACE-MP model, to use previous (before 3.10) default model please specify 'medium' as model argument
Using Materials Project MACE for MACECalculator with /leonardo/home/userexternal/mbenass1/.cache/mace/macempa0mediummodel
Using float32 for MACECalculator, which is faster but less accurate. Recommended for MD. Use float64 for geometry optimization.
  density: 2.1114 g/cm3 | vol: 6079.51 A3
  density: 2.1064 g/cm3 | vol: 6093.85 A3
  density: 2.1102 g/cm3 | vol: 6082.90 A3
  density: 2.1009 g/cm3 | vol: 6109.80 A3
  density: 2.1143 g/cm3 | vol: 6070.97 A3
  density: 2.1012 g/cm3 | vol: 6109.04 A3
  density: 2.1016 g/cm3 | vol: 6107.68 A3
  density: 2.0810 g/cm3 | vol: 6168.27 A3
  density: 2.0892 g/cm3 | vol: 6144.07 A3
  density: 2.0878 g/cm3 | vol: 6148.09 A3
  density: 2.0955 g/cm3 | vol: 6125.66 A3
  density: 2.1017 g/cm3 | vol: 6107.35 A3
  density: 2.0963 g/cm3 | vol: 6123.11 A3
  density: 2.1049 g/cm3 | vol: 6098.14 A3
  density: 2.0992 g/cm3 | vol: 6114.73 A3
  density: 2.0983 g/cm3 | vol: 6117.38 A3
  density: 2.0985 g/cm3 | vol: 6116.78 A3
  density: 2.0985 g/cm3 | vol: 6116.84 A3
  density: 2.0922 g/cm3 | vol: 6135.32 A3
  density: 2.0933 g/cm3 | vol: 6132.08 A3
  density: 2.0995 g/cm3 | vol: 6113.82 A3
Final density (mace-mpa-0, sanidine): 2.0991 +/- 0.0078 g/cm3
PASSED

=============================== warnings summary ===============================
ml_peg/calcs/molecular_dynamics/aluminosilicates_densities/calc_aluminosilicates_densities.py::test_aluminosilicates_densities[0-sanidine-mace-mpa-0]
  /leonardo/home/userexternal/mbenass1/ml-peg/.venv/lib/python3.12/site-packages/e3nn/o3/_wigner.py:10: UserWarning: Environment variable TORCH_FORCE_NO_WEIGHTS_ONLY_LOAD detected, since the`weights_only` argument was not explicitly passed to `torch.load`, forcing weights_only=False.
    _Jd, _W3j_flat, _W3j_indices = torch.load(os.path.join(os.path.dirname(__file__), 'constants.pt'))

ml_peg/calcs/molecular_dynamics/aluminosilicates_densities/calc_aluminosilicates_densities.py::test_aluminosilicates_densities[0-sanidine-mace-mpa-0]
  /leonardo/home/userexternal/mbenass1/ml-peg/.venv/lib/python3.12/site-packages/mace/calculators/mace.py:226: UserWarning: Environment variable TORCH_FORCE_NO_WEIGHTS_ONLY_LOAD detected, since the`weights_only` argument was not explicitly passed to `torch.load`, forcing weights_only=False.
    torch.load(f=model_path, map_location=device)

-- Docs: https://docs.pytest.org/en/stable/how-to/capture-warnings.html
====== 1 passed, 134 deselected, 2 warnings in 92715.03s (1 day, 1:45:15) ======
Task 24 completato.
Tue Jul 21 13:24:26 CEST 2026
