Task: 39 | Test: 0-anorthite-mace-matpes-r2scan | Nodo: lrdn0053.leonardo.local
GPU: NVIDIA A100-SXM-64GB
Wed Jul 22 11:08:31 CEST 2026
============================= test session starts ==============================
platform linux -- Python 3.12.13, pytest-9.1.0, pluggy-1.6.0 -- /leonardo/home/userexternal/mbenass1/ml-peg/.venv/bin/python
cachedir: .pytest_cache
rootdir: /leonardo/home/userexternal/mbenass1/ml-peg
configfile: pyproject.toml
plugins: anyio-4.14.0, typeguard-4.5.2, cov-4.1.0, dash-4.2.0, hydra-core-1.3.3
collecting ... collected 135 items / 134 deselected / 1 selected

ml_peg/calcs/molecular_dynamics/aluminosilicates_densities/calc_aluminosilicates_densities.py::test_aluminosilicates_densities[0-anorthite-mace-matpes-r2scan] Loading model from /leonardo/home/userexternal/mbenass1/ml-peg/ml_peg/models/models.yml: mace-matpes-r2scan
cuequivariance or cuequivariance_torch is not available. Cuequivariance acceleration will be disabled.
Using model under Academic Software License (ASL) license, see https://github.com/gabor1/ASL
 To use this model you accept the terms of the license.
Using Materials Project MACE for MACECalculator with /leonardo/home/userexternal/mbenass1/.cache/mace/MACEmatpesr2scanomatftmodel
Using float32 for MACECalculator, which is faster but less accurate. Recommended for MD. Use float64 for geometry optimization.
  density: 2.6540 g/cm3 | vol: 4698.85 A3
  density: 2.6412 g/cm3 | vol: 4721.64 A3
  density: 2.6313 g/cm3 | vol: 4739.35 A3
  density: 2.6359 g/cm3 | vol: 4731.09 A3
  density: 2.6336 g/cm3 | vol: 4735.23 A3
  density: 2.6352 g/cm3 | vol: 4732.29 A3
  density: 2.6518 g/cm3 | vol: 4702.77 A3
  density: 2.6400 g/cm3 | vol: 4723.78 A3
  density: 2.6502 g/cm3 | vol: 4705.61 A3
  density: 2.6516 g/cm3 | vol: 4703.08 A3
  density: 2.6429 g/cm3 | vol: 4718.53 A3
  density: 2.6452 g/cm3 | vol: 4714.51 A3
  density: 2.6478 g/cm3 | vol: 4709.78 A3
  density: 2.6428 g/cm3 | vol: 4718.74 A3
  density: 2.6518 g/cm3 | vol: 4702.78 A3
  density: 2.6393 g/cm3 | vol: 4724.94 A3
  density: 2.6372 g/cm3 | vol: 4728.71 A3
  density: 2.6423 g/cm3 | vol: 4719.66 A3
  density: 2.6336 g/cm3 | vol: 4735.30 A3
  density: 2.6390 g/cm3 | vol: 4725.50 A3
  density: 2.6537 g/cm3 | vol: 4699.37 A3
Final density (mace-matpes-r2scan, anorthite): 2.6429 +/- 0.0070 g/cm3
PASSED

=============================== warnings summary ===============================
ml_peg/calcs/molecular_dynamics/aluminosilicates_densities/calc_aluminosilicates_densities.py::test_aluminosilicates_densities[0-anorthite-mace-matpes-r2scan]
  /leonardo/home/userexternal/mbenass1/ml-peg/.venv/lib/python3.12/site-packages/e3nn/o3/_wigner.py:10: UserWarning: Environment variable TORCH_FORCE_NO_WEIGHTS_ONLY_LOAD detected, since the`weights_only` argument was not explicitly passed to `torch.load`, forcing weights_only=False.
    _Jd, _W3j_flat, _W3j_indices = torch.load(os.path.join(os.path.dirname(__file__), 'constants.pt'))

ml_peg/calcs/molecular_dynamics/aluminosilicates_densities/calc_aluminosilicates_densities.py::test_aluminosilicates_densities[0-anorthite-mace-matpes-r2scan]
  /leonardo/home/userexternal/mbenass1/ml-peg/.venv/lib/python3.12/site-packages/mace/calculators/mace.py:226: UserWarning: Environment variable TORCH_FORCE_NO_WEIGHTS_ONLY_LOAD detected, since the`weights_only` argument was not explicitly passed to `torch.load`, forcing weights_only=False.
    torch.load(f=model_path, map_location=device)

-- Docs: https://docs.pytest.org/en/stable/how-to/capture-warnings.html
===== 1 passed, 134 deselected, 2 warnings in 105171.49s (1 day, 5:12:51) ======
Task 39 completato.
Thu Jul 23 16:21:26 CEST 2026
