Task: 76 | Test: 1-anorthite-mace-polar-1-s | Nodo: lrdn2002.leonardo.local
GPU: NVIDIA A100-SXM-64GB
Tue Jul 28 07:02:12 CEST 2026
============================= test session starts ==============================
platform linux -- Python 3.12.13, pytest-9.1.0, pluggy-1.6.0 -- /leonardo/home/userexternal/mbenass1/ml-peg/.venv/bin/python
cachedir: .pytest_cache
rootdir: /leonardo/home/userexternal/mbenass1/ml-peg
configfile: pyproject.toml
plugins: anyio-4.14.0, typeguard-4.5.2, cov-4.1.0, dash-4.2.0, hydra-core-1.3.3
collecting ... collected 135 items / 134 deselected / 1 selected

ml_peg/calcs/molecular_dynamics/aluminosilicates_densities/calc_aluminosilicates_densities.py::test_aluminosilicates_densities[1-anorthite-mace-polar-1-s] Loading model from /leonardo/home/userexternal/mbenass1/ml-peg/ml_peg/models/models.yml: mace-polar-1-s
cuequivariance or cuequivariance_torch is not available. Cuequivariance acceleration will be disabled.
Using MACE-Polar model for MACECalculator with /leonardo/home/userexternal/mbenass1/.cache/mace/MACEPOLAR1Smodel
  density: 0.3906 g/cm3 | vol: 31925.25 A3
  density: 0.3885 g/cm3 | vol: 32101.79 A3
  density: 0.3905 g/cm3 | vol: 31938.19 A3
  density: 0.3902 g/cm3 | vol: 31957.07 A3
  density: 0.3884 g/cm3 | vol: 32106.45 A3
  density: 0.3905 g/cm3 | vol: 31934.11 A3
  density: 0.3901 g/cm3 | vol: 31971.12 A3
  density: 0.3885 g/cm3 | vol: 32099.21 A3
  density: 0.3904 g/cm3 | vol: 31946.04 A3
  density: 0.3902 g/cm3 | vol: 31960.08 A3
  density: 0.3887 g/cm3 | vol: 32085.19 A3
  density: 0.3907 g/cm3 | vol: 31917.48 A3
  density: 0.3895 g/cm3 | vol: 32018.22 A3
  density: 0.3886 g/cm3 | vol: 32095.21 A3
  density: 0.3905 g/cm3 | vol: 31938.53 A3
  density: 0.3893 g/cm3 | vol: 32034.21 A3
  density: 0.3885 g/cm3 | vol: 32095.53 A3
  density: 0.3907 g/cm3 | vol: 31920.05 A3
  density: 0.3889 g/cm3 | vol: 32064.86 A3
  density: 0.3889 g/cm3 | vol: 32066.79 A3
  density: 0.3906 g/cm3 | vol: 31925.31 A3
Final density (mace-polar-1-s, anorthite): 0.3897 +/- 0.0009 g/cm3
PASSED

=============================== warnings summary ===============================
ml_peg/calcs/molecular_dynamics/aluminosilicates_densities/calc_aluminosilicates_densities.py::test_aluminosilicates_densities[1-anorthite-mace-polar-1-s]
  /leonardo/home/userexternal/mbenass1/ml-peg/.venv/lib/python3.12/site-packages/e3nn/o3/_wigner.py:10: UserWarning: Environment variable TORCH_FORCE_NO_WEIGHTS_ONLY_LOAD detected, since the`weights_only` argument was not explicitly passed to `torch.load`, forcing weights_only=False.
    _Jd, _W3j_flat, _W3j_indices = torch.load(os.path.join(os.path.dirname(__file__), 'constants.pt'))

ml_peg/calcs/molecular_dynamics/aluminosilicates_densities/calc_aluminosilicates_densities.py::test_aluminosilicates_densities[1-anorthite-mace-polar-1-s]
  /leonardo/home/userexternal/mbenass1/ml-peg/.venv/lib/python3.12/site-packages/mace/calculators/mace.py:226: UserWarning: Environment variable TORCH_FORCE_NO_WEIGHTS_ONLY_LOAD detected, since the`weights_only` argument was not explicitly passed to `torch.load`, forcing weights_only=False.
    torch.load(f=model_path, map_location=device)

-- Docs: https://docs.pytest.org/en/stable/how-to/capture-warnings.html
===== 1 passed, 134 deselected, 2 warnings in 121627.48s (1 day, 9:47:07) ======
Task 76 completato.
Wed Jul 29 16:49:25 CEST 2026
