Task: 23 | Test: 2-anorthite-mace-mpa-0 | Nodo: lrdn0048.leonardo.local
GPU: NVIDIA A100-SXM-64GB
Mon Jul 20 07:03:44 CEST 2026
============================= test session starts ==============================
platform linux -- Python 3.12.13, pytest-9.1.0, pluggy-1.6.0 -- /leonardo/home/userexternal/mbenass1/ml-peg/.venv/bin/python
cachedir: .pytest_cache
rootdir: /leonardo/home/userexternal/mbenass1/ml-peg
configfile: pyproject.toml
plugins: anyio-4.14.0, typeguard-4.5.2, cov-4.1.0, dash-4.2.0, hydra-core-1.3.3
collecting ... collected 135 items / 134 deselected / 1 selected

ml_peg/calcs/molecular_dynamics/aluminosilicates_densities/calc_aluminosilicates_densities.py::test_aluminosilicates_densities[2-anorthite-mace-mpa-0] Loading model from /leonardo/home/userexternal/mbenass1/ml-peg/ml_peg/models/models.yml: mace-mpa-0
cuequivariance or cuequivariance_torch is not available. Cuequivariance acceleration will be disabled.
Using medium MPA-0 model as default MACE-MP model, to use previous (before 3.10) default model please specify 'medium' as model argument
Using Materials Project MACE for MACECalculator with /leonardo/home/userexternal/mbenass1/.cache/mace/macempa0mediummodel
Using float32 for MACECalculator, which is faster but less accurate. Recommended for MD. Use float64 for geometry optimization.
  density: 2.4818 g/cm3 | vol: 5024.83 A3
  density: 2.4710 g/cm3 | vol: 5046.85 A3
  density: 2.4668 g/cm3 | vol: 5055.46 A3
  density: 2.4599 g/cm3 | vol: 5069.69 A3
  density: 2.4629 g/cm3 | vol: 5063.33 A3
  density: 2.4715 g/cm3 | vol: 5045.87 A3
  density: 2.4649 g/cm3 | vol: 5059.24 A3
  density: 2.4737 g/cm3 | vol: 5041.25 A3
  density: 2.4773 g/cm3 | vol: 5033.99 A3
  density: 2.4770 g/cm3 | vol: 5034.59 A3
  density: 2.4679 g/cm3 | vol: 5053.19 A3
  density: 2.4468 g/cm3 | vol: 5096.69 A3
  density: 2.4737 g/cm3 | vol: 5041.23 A3
  density: 2.4709 g/cm3 | vol: 5047.11 A3
  density: 2.4581 g/cm3 | vol: 5073.36 A3
  density: 2.4718 g/cm3 | vol: 5045.17 A3
  density: 2.4856 g/cm3 | vol: 5017.20 A3
  density: 2.4790 g/cm3 | vol: 5030.52 A3
  density: 2.4881 g/cm3 | vol: 5012.18 A3
  density: 2.4703 g/cm3 | vol: 5048.23 A3
  density: 2.4730 g/cm3 | vol: 5042.76 A3
Final density (mace-mpa-0, anorthite): 2.4711 +/- 0.0092 g/cm3
PASSED

=============================== warnings summary ===============================
ml_peg/calcs/molecular_dynamics/aluminosilicates_densities/calc_aluminosilicates_densities.py::test_aluminosilicates_densities[2-anorthite-mace-mpa-0]
  /leonardo/home/userexternal/mbenass1/ml-peg/.venv/lib/python3.12/site-packages/e3nn/o3/_wigner.py:10: UserWarning: Environment variable TORCH_FORCE_NO_WEIGHTS_ONLY_LOAD detected, since the`weights_only` argument was not explicitly passed to `torch.load`, forcing weights_only=False.
    _Jd, _W3j_flat, _W3j_indices = torch.load(os.path.join(os.path.dirname(__file__), 'constants.pt'))

ml_peg/calcs/molecular_dynamics/aluminosilicates_densities/calc_aluminosilicates_densities.py::test_aluminosilicates_densities[2-anorthite-mace-mpa-0]
  /leonardo/home/userexternal/mbenass1/ml-peg/.venv/lib/python3.12/site-packages/mace/calculators/mace.py:226: UserWarning: Environment variable TORCH_FORCE_NO_WEIGHTS_ONLY_LOAD detected, since the`weights_only` argument was not explicitly passed to `torch.load`, forcing weights_only=False.
    torch.load(f=model_path, map_location=device)

-- Docs: https://docs.pytest.org/en/stable/how-to/capture-warnings.html
===== 1 passed, 134 deselected, 2 warnings in 103615.30s (1 day, 4:46:55) ======
Task 23 completato.
Tue Jul 21 11:50:45 CEST 2026
