Task: 17 | Test: 2-sanidine-mace-mp-0b3 | Nodo: lrdn3445.leonardo.local
GPU: NVIDIA A100-SXM-64GB
Mon Jul 20 02:53:49 CEST 2026
============================= test session starts ==============================
platform linux -- Python 3.12.13, pytest-9.1.0, pluggy-1.6.0 -- /leonardo/home/userexternal/mbenass1/ml-peg/.venv/bin/python
cachedir: .pytest_cache
rootdir: /leonardo/home/userexternal/mbenass1/ml-peg
configfile: pyproject.toml
plugins: anyio-4.14.0, typeguard-4.5.2, cov-4.1.0, dash-4.2.0, hydra-core-1.3.3
collecting ... collected 135 items / 134 deselected / 1 selected

ml_peg/calcs/molecular_dynamics/aluminosilicates_densities/calc_aluminosilicates_densities.py::test_aluminosilicates_densities[2-sanidine-mace-mp-0b3] Loading model from /leonardo/home/userexternal/mbenass1/ml-peg/ml_peg/models/models.yml: mace-mp-0b3
cuequivariance or cuequivariance_torch is not available. Cuequivariance acceleration will be disabled.
Using Materials Project MACE for MACECalculator with /leonardo/home/userexternal/mbenass1/.cache/mace/macemp0b3mediummodel
Using float32 for MACECalculator, which is faster but less accurate. Recommended for MD. Use float64 for geometry optimization.
  density: 2.1789 g/cm3 | vol: 5891.13 A3
  density: 2.1842 g/cm3 | vol: 5876.78 A3
  density: 2.1805 g/cm3 | vol: 5886.75 A3
  density: 2.1930 g/cm3 | vol: 5853.25 A3
  density: 2.1881 g/cm3 | vol: 5866.37 A3
  density: 2.1835 g/cm3 | vol: 5878.76 A3
  density: 2.1907 g/cm3 | vol: 5859.38 A3
  density: 2.1757 g/cm3 | vol: 5899.68 A3
  density: 2.1760 g/cm3 | vol: 5898.86 A3
  density: 2.1734 g/cm3 | vol: 5905.89 A3
  density: 2.1885 g/cm3 | vol: 5865.32 A3
  density: 2.1871 g/cm3 | vol: 5869.01 A3
  density: 2.1889 g/cm3 | vol: 5864.09 A3
  density: 2.1782 g/cm3 | vol: 5892.98 A3
  density: 2.1999 g/cm3 | vol: 5834.81 A3
  density: 2.1940 g/cm3 | vol: 5850.52 A3
  density: 2.1844 g/cm3 | vol: 5876.18 A3
  density: 2.1919 g/cm3 | vol: 5856.22 A3
  density: 2.1884 g/cm3 | vol: 5865.55 A3
  density: 2.1866 g/cm3 | vol: 5870.21 A3
  density: 2.1897 g/cm3 | vol: 5861.97 A3
Final density (mace-mp-0b3, sanidine): 2.1858 +/- 0.0066 g/cm3
PASSED

=============================== warnings summary ===============================
ml_peg/calcs/molecular_dynamics/aluminosilicates_densities/calc_aluminosilicates_densities.py::test_aluminosilicates_densities[2-sanidine-mace-mp-0b3]
  /leonardo/home/userexternal/mbenass1/ml-peg/.venv/lib/python3.12/site-packages/e3nn/o3/_wigner.py:10: UserWarning: Environment variable TORCH_FORCE_NO_WEIGHTS_ONLY_LOAD detected, since the`weights_only` argument was not explicitly passed to `torch.load`, forcing weights_only=False.
    _Jd, _W3j_flat, _W3j_indices = torch.load(os.path.join(os.path.dirname(__file__), 'constants.pt'))

ml_peg/calcs/molecular_dynamics/aluminosilicates_densities/calc_aluminosilicates_densities.py::test_aluminosilicates_densities[2-sanidine-mace-mp-0b3]
  /leonardo/home/userexternal/mbenass1/ml-peg/.venv/lib/python3.12/site-packages/mace/calculators/mace.py:226: UserWarning: Environment variable TORCH_FORCE_NO_WEIGHTS_ONLY_LOAD detected, since the`weights_only` argument was not explicitly passed to `torch.load`, forcing weights_only=False.
    torch.load(f=model_path, map_location=device)

-- Docs: https://docs.pytest.org/en/stable/how-to/capture-warnings.html
====== 1 passed, 134 deselected, 2 warnings in 93952.86s (1 day, 2:05:52) ======
Task 17 completato.
Tue Jul 21 04:59:48 CEST 2026
