Task: 28 | Test: 1-albite-mace-omat-0 | Nodo: lrdn3445.leonardo.local
GPU: NVIDIA A100-SXM-64GB
Tue Jul 21 04:59:52 CEST 2026
============================= test session starts ==============================
platform linux -- Python 3.12.13, pytest-9.1.0, pluggy-1.6.0 -- /leonardo/home/userexternal/mbenass1/ml-peg/.venv/bin/python
cachedir: .pytest_cache
rootdir: /leonardo/home/userexternal/mbenass1/ml-peg
configfile: pyproject.toml
plugins: anyio-4.14.0, typeguard-4.5.2, cov-4.1.0, dash-4.2.0, hydra-core-1.3.3
collecting ... collected 135 items / 134 deselected / 1 selected

ml_peg/calcs/molecular_dynamics/aluminosilicates_densities/calc_aluminosilicates_densities.py::test_aluminosilicates_densities[1-albite-mace-omat-0] Loading model from /leonardo/home/userexternal/mbenass1/ml-peg/ml_peg/models/models.yml: mace-omat-0
cuequivariance or cuequivariance_torch is not available. Cuequivariance acceleration will be disabled.
Using model under Academic Software License (ASL) license, see https://github.com/gabor1/ASL
 To use this model you accept the terms of the license.
Using Materials Project MACE for MACECalculator with /leonardo/home/userexternal/mbenass1/.cache/mace/maceomat0mediummodel
Using float32 for MACECalculator, which is faster but less accurate. Recommended for MD. Use float64 for geometry optimization.
  density: 2.2643 g/cm3 | vol: 5212.07 A3
  density: 2.2700 g/cm3 | vol: 5199.09 A3
  density: 2.2749 g/cm3 | vol: 5187.68 A3
  density: 2.2621 g/cm3 | vol: 5217.23 A3
  density: 2.2677 g/cm3 | vol: 5204.17 A3
  density: 2.2674 g/cm3 | vol: 5204.99 A3
  density: 2.2707 g/cm3 | vol: 5197.42 A3
  density: 2.2756 g/cm3 | vol: 5186.15 A3
  density: 2.2744 g/cm3 | vol: 5188.93 A3
  density: 2.2779 g/cm3 | vol: 5180.88 A3
  density: 2.2546 g/cm3 | vol: 5234.39 A3
  density: 2.2507 g/cm3 | vol: 5243.54 A3
  density: 2.2773 g/cm3 | vol: 5182.30 A3
  density: 2.2766 g/cm3 | vol: 5183.84 A3
  density: 2.2705 g/cm3 | vol: 5197.94 A3
  density: 2.2778 g/cm3 | vol: 5181.17 A3
  density: 2.2729 g/cm3 | vol: 5192.36 A3
  density: 2.2694 g/cm3 | vol: 5200.45 A3
  density: 2.2712 g/cm3 | vol: 5196.31 A3
  density: 2.2701 g/cm3 | vol: 5198.68 A3
  density: 2.2741 g/cm3 | vol: 5189.62 A3
Final density (mace-omat-0, albite): 2.2700 +/- 0.0070 g/cm3
PASSED

=============================== warnings summary ===============================
ml_peg/calcs/molecular_dynamics/aluminosilicates_densities/calc_aluminosilicates_densities.py::test_aluminosilicates_densities[1-albite-mace-omat-0]
  /leonardo/home/userexternal/mbenass1/ml-peg/.venv/lib/python3.12/site-packages/e3nn/o3/_wigner.py:10: UserWarning: Environment variable TORCH_FORCE_NO_WEIGHTS_ONLY_LOAD detected, since the`weights_only` argument was not explicitly passed to `torch.load`, forcing weights_only=False.
    _Jd, _W3j_flat, _W3j_indices = torch.load(os.path.join(os.path.dirname(__file__), 'constants.pt'))

ml_peg/calcs/molecular_dynamics/aluminosilicates_densities/calc_aluminosilicates_densities.py::test_aluminosilicates_densities[1-albite-mace-omat-0]
  /leonardo/home/userexternal/mbenass1/ml-peg/.venv/lib/python3.12/site-packages/mace/calculators/mace.py:226: UserWarning: Environment variable TORCH_FORCE_NO_WEIGHTS_ONLY_LOAD detected, since the`weights_only` argument was not explicitly passed to `torch.load`, forcing weights_only=False.
    torch.load(f=model_path, map_location=device)

-- Docs: https://docs.pytest.org/en/stable/how-to/capture-warnings.html
===== 1 passed, 134 deselected, 2 warnings in 101622.30s (1 day, 4:13:42) ======
Task 28 completato.
Wed Jul 22 09:13:39 CEST 2026
