Task: 107 | Test: 2-sanidine-orb-v3-consv-inf-omat | Nodo: lrdn3156.leonardo.local
GPU: NVIDIA A100-SXM-64GB
Fri Jul 24 09:11:11 CEST 2026
============================= test session starts ==============================
platform linux -- Python 3.12.13, pytest-9.1.0, pluggy-1.6.0 -- /leonardo/home/userexternal/mbenass1/ml-peg/.venv/bin/python
cachedir: .pytest_cache
rootdir: /leonardo/home/userexternal/mbenass1/ml-peg
configfile: pyproject.toml
plugins: anyio-4.14.0, typeguard-4.5.2, cov-4.1.0, dash-4.2.0, hydra-core-1.3.3
collecting ... collected 135 items / 134 deselected / 1 selected

ml_peg/calcs/molecular_dynamics/aluminosilicates_densities/calc_aluminosilicates_densities.py::test_aluminosilicates_densities[2-sanidine-orb-v3-consv-inf-omat] Loading model from /leonardo/home/userexternal/mbenass1/ml-peg/ml_peg/models/models.yml: orb-v3-consv-inf-omat
  density: 2.1907 g/cm3 | vol: 5859.34 A3
  density: 2.1741 g/cm3 | vol: 5903.98 A3
  density: 2.1751 g/cm3 | vol: 5901.39 A3
  density: 2.1838 g/cm3 | vol: 5877.86 A3
  density: 2.1653 g/cm3 | vol: 5928.00 A3
  density: 2.1571 g/cm3 | vol: 5950.61 A3
  density: 2.1614 g/cm3 | vol: 5938.69 A3
  density: 2.1591 g/cm3 | vol: 5945.21 A3
  density: 2.1536 g/cm3 | vol: 5960.16 A3
  density: 2.1552 g/cm3 | vol: 5955.78 A3
  density: 2.1578 g/cm3 | vol: 5948.68 A3
  density: 2.1551 g/cm3 | vol: 5956.22 A3
  density: 2.1681 g/cm3 | vol: 5920.35 A3
  density: 2.1634 g/cm3 | vol: 5933.24 A3
  density: 2.1418 g/cm3 | vol: 5993.24 A3
  density: 2.1661 g/cm3 | vol: 5925.82 A3
  density: 2.1468 g/cm3 | vol: 5979.23 A3
  density: 2.1607 g/cm3 | vol: 5940.65 A3
  density: 2.1661 g/cm3 | vol: 5925.78 A3
  density: 2.1539 g/cm3 | vol: 5959.36 A3
  density: 2.1793 g/cm3 | vol: 5889.92 A3
Final density (orb-v3-consv-inf-omat, sanidine): 2.1636 +/- 0.0117 g/cm3
PASSED

=============================== warnings summary ===============================
ml_peg/calcs/molecular_dynamics/aluminosilicates_densities/calc_aluminosilicates_densities.py::test_aluminosilicates_densities[2-sanidine-orb-v3-consv-inf-omat]
  <frozen importlib._bootstrap>:488: DeprecationWarning: Type google._upb._message.MessageMapContainer uses PyType_Spec with a metaclass that has custom tp_new. This is deprecated and will no longer be allowed in Python 3.14.

ml_peg/calcs/molecular_dynamics/aluminosilicates_densities/calc_aluminosilicates_densities.py::test_aluminosilicates_densities[2-sanidine-orb-v3-consv-inf-omat]
  <frozen importlib._bootstrap>:488: DeprecationWarning: Type google._upb._message.ScalarMapContainer uses PyType_Spec with a metaclass that has custom tp_new. This is deprecated and will no longer be allowed in Python 3.14.

ml_peg/calcs/molecular_dynamics/aluminosilicates_densities/calc_aluminosilicates_densities.py::test_aluminosilicates_densities[2-sanidine-orb-v3-consv-inf-omat]
  /leonardo/home/userexternal/mbenass1/ml-peg/.venv/lib/python3.12/site-packages/orb_models/common/training/util.py:20: UserWarning: Setting global torch default dtype to torch.float64.
    warnings.warn(f"Setting global torch default dtype to {torch_dtype}.")

ml_peg/calcs/molecular_dynamics/aluminosilicates_densities/calc_aluminosilicates_densities.py::test_aluminosilicates_densities[2-sanidine-orb-v3-consv-inf-omat]
  /leonardo/home/userexternal/mbenass1/ml-peg/.venv/lib/python3.12/site-packages/orb_models/common/training/util.py:22: UserWarning: Consider passing 'precision=float32-high' for significantly higher (>2x) model throughput if high precision is not required.
    warnings.warn(

-- Docs: https://docs.pytest.org/en/stable/how-to/capture-warnings.html
====== 1 passed, 134 deselected, 4 warnings in 91857.35s (1 day, 1:30:57) ======
Task 107 completato.
Sat Jul 25 10:42:14 CEST 2026
