Task: 19 | Test: 1-albite-mace-mpa-0 | Nodo: lrdn0636.leonardo.local
GPU: NVIDIA A100-SXM-64GB
Mon Jul 20 04:04:12 CEST 2026
============================= test session starts ==============================
platform linux -- Python 3.12.13, pytest-9.1.0, pluggy-1.6.0 -- /leonardo/home/userexternal/mbenass1/ml-peg/.venv/bin/python
cachedir: .pytest_cache
rootdir: /leonardo/home/userexternal/mbenass1/ml-peg
configfile: pyproject.toml
plugins: anyio-4.14.0, typeguard-4.5.2, cov-4.1.0, dash-4.2.0, hydra-core-1.3.3
collecting ... collected 135 items / 134 deselected / 1 selected

ml_peg/calcs/molecular_dynamics/aluminosilicates_densities/calc_aluminosilicates_densities.py::test_aluminosilicates_densities[1-albite-mace-mpa-0] Loading model from /leonardo/home/userexternal/mbenass1/ml-peg/ml_peg/models/models.yml: mace-mpa-0
cuequivariance or cuequivariance_torch is not available. Cuequivariance acceleration will be disabled.
Using medium MPA-0 model as default MACE-MP model, to use previous (before 3.10) default model please specify 'medium' as model argument
Using Materials Project MACE for MACECalculator with /leonardo/home/userexternal/mbenass1/.cache/mace/macempa0mediummodel
Using float32 for MACECalculator, which is faster but less accurate. Recommended for MD. Use float64 for geometry optimization.
  density: 2.1560 g/cm3 | vol: 5473.86 A3
  density: 2.1670 g/cm3 | vol: 5446.17 A3
  density: 2.1758 g/cm3 | vol: 5424.04 A3
  density: 2.1559 g/cm3 | vol: 5474.18 A3
  density: 2.1612 g/cm3 | vol: 5460.71 A3
  density: 2.1647 g/cm3 | vol: 5451.81 A3
  density: 2.1667 g/cm3 | vol: 5446.85 A3
  density: 2.1578 g/cm3 | vol: 5469.22 A3
  density: 2.1576 g/cm3 | vol: 5469.92 A3
  density: 2.1681 g/cm3 | vol: 5443.39 A3
  density: 2.1561 g/cm3 | vol: 5473.67 A3
  density: 2.1669 g/cm3 | vol: 5446.32 A3
  density: 2.1624 g/cm3 | vol: 5457.74 A3
  density: 2.1532 g/cm3 | vol: 5480.97 A3
  density: 2.1559 g/cm3 | vol: 5474.08 A3
  density: 2.1643 g/cm3 | vol: 5452.97 A3
  density: 2.1427 g/cm3 | vol: 5507.75 A3
  density: 2.1440 g/cm3 | vol: 5504.56 A3
  density: 2.1545 g/cm3 | vol: 5477.73 A3
  density: 2.1563 g/cm3 | vol: 5473.01 A3
  density: 2.1519 g/cm3 | vol: 5484.40 A3
Final density (mace-mpa-0, albite): 2.1590 +/- 0.0078 g/cm3
PASSED

=============================== warnings summary ===============================
ml_peg/calcs/molecular_dynamics/aluminosilicates_densities/calc_aluminosilicates_densities.py::test_aluminosilicates_densities[1-albite-mace-mpa-0]
  /leonardo/home/userexternal/mbenass1/ml-peg/.venv/lib/python3.12/site-packages/e3nn/o3/_wigner.py:10: UserWarning: Environment variable TORCH_FORCE_NO_WEIGHTS_ONLY_LOAD detected, since the`weights_only` argument was not explicitly passed to `torch.load`, forcing weights_only=False.
    _Jd, _W3j_flat, _W3j_indices = torch.load(os.path.join(os.path.dirname(__file__), 'constants.pt'))

ml_peg/calcs/molecular_dynamics/aluminosilicates_densities/calc_aluminosilicates_densities.py::test_aluminosilicates_densities[1-albite-mace-mpa-0]
  /leonardo/home/userexternal/mbenass1/ml-peg/.venv/lib/python3.12/site-packages/mace/calculators/mace.py:226: UserWarning: Environment variable TORCH_FORCE_NO_WEIGHTS_ONLY_LOAD detected, since the`weights_only` argument was not explicitly passed to `torch.load`, forcing weights_only=False.
    torch.load(f=model_path, map_location=device)

-- Docs: https://docs.pytest.org/en/stable/how-to/capture-warnings.html
===== 1 passed, 134 deselected, 2 warnings in 100936.33s (1 day, 4:02:16) ======
Task 19 completato.
Tue Jul 21 08:06:33 CEST 2026
