Task: 86 | Test: 2-anorthite-mace-polar-1-m | Nodo: lrdn2784.leonardo.local
GPU: NVIDIA A100-SXM-64GB
Sun Jul 26 18:36:47 CEST 2026
============================= test session starts ==============================
platform linux -- Python 3.12.13, pytest-9.1.0, pluggy-1.6.0 -- /leonardo/home/userexternal/mbenass1/ml-peg/.venv/bin/python
cachedir: .pytest_cache
rootdir: /leonardo/home/userexternal/mbenass1/ml-peg
configfile: pyproject.toml
plugins: anyio-4.14.0, typeguard-4.5.2, cov-4.1.0, dash-4.2.0, hydra-core-1.3.3
collecting ... collected 135 items / 134 deselected / 1 selected

ml_peg/calcs/molecular_dynamics/aluminosilicates_densities/calc_aluminosilicates_densities.py::test_aluminosilicates_densities[2-anorthite-mace-polar-1-m] Loading model from /leonardo/home/userexternal/mbenass1/ml-peg/ml_peg/models/models.yml: mace-polar-1-m
cuequivariance or cuequivariance_torch is not available. Cuequivariance acceleration will be disabled.
Using MACE-Polar model for MACECalculator with /leonardo/home/userexternal/mbenass1/.cache/mace/MACEPOLAR1Mmodel
  density: 2.5751 g/cm3 | vol: 4842.73 A3
  density: 2.5702 g/cm3 | vol: 4851.95 A3
  density: 2.5775 g/cm3 | vol: 4838.29 A3
  density: 2.5744 g/cm3 | vol: 4844.10 A3
  density: 2.5777 g/cm3 | vol: 4837.88 A3
  density: 2.5837 g/cm3 | vol: 4826.68 A3
  density: 2.5718 g/cm3 | vol: 4848.97 A3
  density: 2.5713 g/cm3 | vol: 4849.98 A3
  density: 2.5807 g/cm3 | vol: 4832.34 A3
  density: 2.5748 g/cm3 | vol: 4843.46 A3
  density: 2.5776 g/cm3 | vol: 4838.10 A3
  density: 2.5660 g/cm3 | vol: 4859.94 A3
  density: 2.5722 g/cm3 | vol: 4848.27 A3
  density: 2.5775 g/cm3 | vol: 4838.24 A3
  density: 2.5783 g/cm3 | vol: 4836.87 A3
  density: 2.5692 g/cm3 | vol: 4853.96 A3
  density: 2.5781 g/cm3 | vol: 4837.11 A3
  density: 2.5706 g/cm3 | vol: 4851.23 A3
  density: 2.5751 g/cm3 | vol: 4842.79 A3
  density: 2.5831 g/cm3 | vol: 4827.80 A3
  density: 2.5847 g/cm3 | vol: 4824.89 A3
Final density (mace-polar-1-m, anorthite): 2.5757 +/- 0.0048 g/cm3
PASSED

=============================== warnings summary ===============================
ml_peg/calcs/molecular_dynamics/aluminosilicates_densities/calc_aluminosilicates_densities.py::test_aluminosilicates_densities[2-anorthite-mace-polar-1-m]
  /leonardo/home/userexternal/mbenass1/ml-peg/.venv/lib/python3.12/site-packages/e3nn/o3/_wigner.py:10: UserWarning: Environment variable TORCH_FORCE_NO_WEIGHTS_ONLY_LOAD detected, since the`weights_only` argument was not explicitly passed to `torch.load`, forcing weights_only=False.
    _Jd, _W3j_flat, _W3j_indices = torch.load(os.path.join(os.path.dirname(__file__), 'constants.pt'))

ml_peg/calcs/molecular_dynamics/aluminosilicates_densities/calc_aluminosilicates_densities.py::test_aluminosilicates_densities[2-anorthite-mace-polar-1-m]
  /leonardo/home/userexternal/mbenass1/ml-peg/.venv/lib/python3.12/site-packages/mace/calculators/mace.py:226: UserWarning: Environment variable TORCH_FORCE_NO_WEIGHTS_ONLY_LOAD detected, since the`weights_only` argument was not explicitly passed to `torch.load`, forcing weights_only=False.
    torch.load(f=model_path, map_location=device)

-- Docs: https://docs.pytest.org/en/stable/how-to/capture-warnings.html
==== 1 passed, 134 deselected, 2 warnings in 217829.72s (2 days, 12:30:29) =====
Task 86 completato.
Wed Jul 29 07:07:22 CEST 2026
