Task: 40 | Test: 1-anorthite-mace-matpes-r2scan | Nodo: lrdn0053.leonardo.local
GPU: NVIDIA A100-SXM-64GB
Wed Jul 22 13:15:14 CEST 2026
============================= test session starts ==============================
platform linux -- Python 3.12.13, pytest-9.1.0, pluggy-1.6.0 -- /leonardo/home/userexternal/mbenass1/ml-peg/.venv/bin/python
cachedir: .pytest_cache
rootdir: /leonardo/home/userexternal/mbenass1/ml-peg
configfile: pyproject.toml
plugins: anyio-4.14.0, typeguard-4.5.2, cov-4.1.0, dash-4.2.0, hydra-core-1.3.3
collecting ... collected 135 items / 134 deselected / 1 selected

ml_peg/calcs/molecular_dynamics/aluminosilicates_densities/calc_aluminosilicates_densities.py::test_aluminosilicates_densities[1-anorthite-mace-matpes-r2scan] Loading model from /leonardo/home/userexternal/mbenass1/ml-peg/ml_peg/models/models.yml: mace-matpes-r2scan
cuequivariance or cuequivariance_torch is not available. Cuequivariance acceleration will be disabled.
Using model under Academic Software License (ASL) license, see https://github.com/gabor1/ASL
 To use this model you accept the terms of the license.
Using Materials Project MACE for MACECalculator with /leonardo/home/userexternal/mbenass1/.cache/mace/MACEmatpesr2scanomatftmodel
Using float32 for MACECalculator, which is faster but less accurate. Recommended for MD. Use float64 for geometry optimization.
  density: 2.6582 g/cm3 | vol: 4691.37 A3
  density: 2.6627 g/cm3 | vol: 4683.46 A3
  density: 2.6729 g/cm3 | vol: 4665.68 A3
  density: 2.6648 g/cm3 | vol: 4679.73 A3
  density: 2.6508 g/cm3 | vol: 4704.46 A3
  density: 2.6712 g/cm3 | vol: 4668.66 A3
  density: 2.6496 g/cm3 | vol: 4706.63 A3
  density: 2.6566 g/cm3 | vol: 4694.22 A3
  density: 2.6621 g/cm3 | vol: 4684.57 A3
  density: 2.6698 g/cm3 | vol: 4670.96 A3
  density: 2.6669 g/cm3 | vol: 4676.13 A3
  density: 2.6534 g/cm3 | vol: 4699.89 A3
  density: 2.6606 g/cm3 | vol: 4687.12 A3
  density: 2.6611 g/cm3 | vol: 4686.35 A3
  density: 2.6635 g/cm3 | vol: 4682.16 A3
  density: 2.6556 g/cm3 | vol: 4695.93 A3
  density: 2.6573 g/cm3 | vol: 4692.94 A3
  density: 2.6548 g/cm3 | vol: 4697.47 A3
  density: 2.6601 g/cm3 | vol: 4688.00 A3
  density: 2.6627 g/cm3 | vol: 4683.49 A3
  density: 2.6561 g/cm3 | vol: 4695.15 A3
Final density (mace-matpes-r2scan, anorthite): 2.6605 +/- 0.0062 g/cm3
PASSED

=============================== warnings summary ===============================
ml_peg/calcs/molecular_dynamics/aluminosilicates_densities/calc_aluminosilicates_densities.py::test_aluminosilicates_densities[1-anorthite-mace-matpes-r2scan]
  /leonardo/home/userexternal/mbenass1/ml-peg/.venv/lib/python3.12/site-packages/e3nn/o3/_wigner.py:10: UserWarning: Environment variable TORCH_FORCE_NO_WEIGHTS_ONLY_LOAD detected, since the`weights_only` argument was not explicitly passed to `torch.load`, forcing weights_only=False.
    _Jd, _W3j_flat, _W3j_indices = torch.load(os.path.join(os.path.dirname(__file__), 'constants.pt'))

ml_peg/calcs/molecular_dynamics/aluminosilicates_densities/calc_aluminosilicates_densities.py::test_aluminosilicates_densities[1-anorthite-mace-matpes-r2scan]
  /leonardo/home/userexternal/mbenass1/ml-peg/.venv/lib/python3.12/site-packages/mace/calculators/mace.py:226: UserWarning: Environment variable TORCH_FORCE_NO_WEIGHTS_ONLY_LOAD detected, since the`weights_only` argument was not explicitly passed to `torch.load`, forcing weights_only=False.
    torch.load(f=model_path, map_location=device)

-- Docs: https://docs.pytest.org/en/stable/how-to/capture-warnings.html
===== 1 passed, 134 deselected, 2 warnings in 105143.58s (1 day, 5:12:23) ======
Task 40 completato.
Thu Jul 23 18:27:40 CEST 2026
