Task: 3 | Test: 0-anorthite-mace-mp-0a | Nodo: lrdn3450.leonardo.local
GPU: NVIDIA A100-SXM-64GB
Fri Jul 17 18:22:23 CEST 2026
============================= test session starts ==============================
platform linux -- Python 3.12.13, pytest-9.1.0, pluggy-1.6.0 -- /leonardo/home/userexternal/mbenass1/ml-peg/.venv/bin/python
cachedir: .pytest_cache
rootdir: /leonardo/home/userexternal/mbenass1/ml-peg
configfile: pyproject.toml
plugins: anyio-4.14.0, typeguard-4.5.2, cov-4.1.0, dash-4.2.0, hydra-core-1.3.3
collecting ... collected 135 items / 134 deselected / 1 selected

ml_peg/calcs/molecular_dynamics/aluminosilicates_densities/calc_aluminosilicates_densities.py::test_aluminosilicates_densities[0-anorthite-mace-mp-0a] Loading model from /leonardo/home/userexternal/mbenass1/ml-peg/ml_peg/models/models.yml: mace-mp-0a
cuequivariance or cuequivariance_torch is not available. Cuequivariance acceleration will be disabled.
Using Materials Project MACE for MACECalculator with /leonardo/home/userexternal/mbenass1/.cache/mace/20231203mace128L1_epoch199model
Using float32 for MACECalculator, which is faster but less accurate. Recommended for MD. Use float64 for geometry optimization.
  density: 2.5102 g/cm3 | vol: 4967.99 A3
  density: 2.5134 g/cm3 | vol: 4961.78 A3
  density: 2.5181 g/cm3 | vol: 4952.39 A3
  density: 2.5140 g/cm3 | vol: 4960.56 A3
  density: 2.5237 g/cm3 | vol: 4941.44 A3
  density: 2.5241 g/cm3 | vol: 4940.57 A3
  density: 2.5096 g/cm3 | vol: 4969.17 A3
  density: 2.5124 g/cm3 | vol: 4963.60 A3
  density: 2.5176 g/cm3 | vol: 4953.38 A3
  density: 2.5119 g/cm3 | vol: 4964.64 A3
  density: 2.5018 g/cm3 | vol: 4984.78 A3
  density: 2.5198 g/cm3 | vol: 4949.07 A3
  density: 2.5127 g/cm3 | vol: 4963.05 A3
  density: 2.5288 g/cm3 | vol: 4931.57 A3
  density: 2.5187 g/cm3 | vol: 4951.30 A3
  density: 2.5034 g/cm3 | vol: 4981.44 A3
  density: 2.5192 g/cm3 | vol: 4950.18 A3
  density: 2.5191 g/cm3 | vol: 4950.46 A3
  density: 2.5396 g/cm3 | vol: 4910.50 A3
  density: 2.5145 g/cm3 | vol: 4959.60 A3
  density: 2.5315 g/cm3 | vol: 4926.17 A3
Final density (mace-mp-0a, anorthite): 2.5173 +/- 0.0087 g/cm3
PASSED

=============================== warnings summary ===============================
ml_peg/calcs/molecular_dynamics/aluminosilicates_densities/calc_aluminosilicates_densities.py::test_aluminosilicates_densities[0-anorthite-mace-mp-0a]
  /leonardo/home/userexternal/mbenass1/ml-peg/.venv/lib/python3.12/site-packages/e3nn/o3/_wigner.py:10: UserWarning: Environment variable TORCH_FORCE_NO_WEIGHTS_ONLY_LOAD detected, since the`weights_only` argument was not explicitly passed to `torch.load`, forcing weights_only=False.
    _Jd, _W3j_flat, _W3j_indices = torch.load(os.path.join(os.path.dirname(__file__), 'constants.pt'))

ml_peg/calcs/molecular_dynamics/aluminosilicates_densities/calc_aluminosilicates_densities.py::test_aluminosilicates_densities[0-anorthite-mace-mp-0a]
  /leonardo/home/userexternal/mbenass1/ml-peg/.venv/lib/python3.12/site-packages/mace/calculators/mace.py:226: UserWarning: Environment variable TORCH_FORCE_NO_WEIGHTS_ONLY_LOAD detected, since the`weights_only` argument was not explicitly passed to `torch.load`, forcing weights_only=False.
    torch.load(f=model_path, map_location=device)

-- Docs: https://docs.pytest.org/en/stable/how-to/capture-warnings.html
===== 1 passed, 134 deselected, 2 warnings in 101253.07s (1 day, 4:07:33) ======
Task 3 completato.
Sat Jul 18 22:30:00 CEST 2026
