Task: 4 | Test: 1-anorthite-mace-mp-0a | Nodo: lrdn0695.leonardo.local
GPU: NVIDIA A100-SXM-64GB
Fri Jul 17 18:22:23 CEST 2026
============================= test session starts ==============================
platform linux -- Python 3.12.13, pytest-9.1.0, pluggy-1.6.0 -- /leonardo/home/userexternal/mbenass1/ml-peg/.venv/bin/python
cachedir: .pytest_cache
rootdir: /leonardo/home/userexternal/mbenass1/ml-peg
configfile: pyproject.toml
plugins: anyio-4.14.0, typeguard-4.5.2, cov-4.1.0, dash-4.2.0, hydra-core-1.3.3
collecting ... collected 135 items / 134 deselected / 1 selected

ml_peg/calcs/molecular_dynamics/aluminosilicates_densities/calc_aluminosilicates_densities.py::test_aluminosilicates_densities[1-anorthite-mace-mp-0a] Loading model from /leonardo/home/userexternal/mbenass1/ml-peg/ml_peg/models/models.yml: mace-mp-0a
cuequivariance or cuequivariance_torch is not available. Cuequivariance acceleration will be disabled.
Using Materials Project MACE for MACECalculator with /leonardo/home/userexternal/mbenass1/.cache/mace/20231203mace128L1_epoch199model
Using float32 for MACECalculator, which is faster but less accurate. Recommended for MD. Use float64 for geometry optimization.
  density: 2.5239 g/cm3 | vol: 4941.05 A3
  density: 2.5261 g/cm3 | vol: 4936.71 A3
  density: 2.5114 g/cm3 | vol: 4965.56 A3
  density: 2.5057 g/cm3 | vol: 4976.85 A3
  density: 2.5215 g/cm3 | vol: 4945.73 A3
  density: 2.5233 g/cm3 | vol: 4942.26 A3
  density: 2.5023 g/cm3 | vol: 4983.63 A3
  density: 2.5260 g/cm3 | vol: 4936.86 A3
  density: 2.5098 g/cm3 | vol: 4968.77 A3
  density: 2.5112 g/cm3 | vol: 4966.02 A3
  density: 2.5348 g/cm3 | vol: 4919.73 A3
  density: 2.5256 g/cm3 | vol: 4937.73 A3
  density: 2.5165 g/cm3 | vol: 4955.60 A3
  density: 2.5216 g/cm3 | vol: 4945.58 A3
  density: 2.5234 g/cm3 | vol: 4941.99 A3
  density: 2.5173 g/cm3 | vol: 4954.05 A3
  density: 2.5131 g/cm3 | vol: 4962.31 A3
  density: 2.5231 g/cm3 | vol: 4942.56 A3
  density: 2.5171 g/cm3 | vol: 4954.37 A3
  density: 2.5120 g/cm3 | vol: 4964.50 A3
  density: 2.5163 g/cm3 | vol: 4955.95 A3
Final density (mace-mp-0a, anorthite): 2.5182 +/- 0.0077 g/cm3
PASSED

=============================== warnings summary ===============================
ml_peg/calcs/molecular_dynamics/aluminosilicates_densities/calc_aluminosilicates_densities.py::test_aluminosilicates_densities[1-anorthite-mace-mp-0a]
  /leonardo/home/userexternal/mbenass1/ml-peg/.venv/lib/python3.12/site-packages/e3nn/o3/_wigner.py:10: UserWarning: Environment variable TORCH_FORCE_NO_WEIGHTS_ONLY_LOAD detected, since the`weights_only` argument was not explicitly passed to `torch.load`, forcing weights_only=False.
    _Jd, _W3j_flat, _W3j_indices = torch.load(os.path.join(os.path.dirname(__file__), 'constants.pt'))

ml_peg/calcs/molecular_dynamics/aluminosilicates_densities/calc_aluminosilicates_densities.py::test_aluminosilicates_densities[1-anorthite-mace-mp-0a]
  /leonardo/home/userexternal/mbenass1/ml-peg/.venv/lib/python3.12/site-packages/mace/calculators/mace.py:226: UserWarning: Environment variable TORCH_FORCE_NO_WEIGHTS_ONLY_LOAD detected, since the`weights_only` argument was not explicitly passed to `torch.load`, forcing weights_only=False.
    torch.load(f=model_path, map_location=device)

-- Docs: https://docs.pytest.org/en/stable/how-to/capture-warnings.html
===== 1 passed, 134 deselected, 2 warnings in 101757.12s (1 day, 4:15:57) ======
Task 4 completato.
Sat Jul 18 22:38:24 CEST 2026
