Task: 10 | Test: 1-albite-mace-mp-0b3 | Nodo: lrdn1305.leonardo.local
GPU: NVIDIA A100-SXM-64GB
Sat Jul 18 22:32:52 CEST 2026
============================= test session starts ==============================
platform linux -- Python 3.12.13, pytest-9.1.0, pluggy-1.6.0 -- /leonardo/home/userexternal/mbenass1/ml-peg/.venv/bin/python
cachedir: .pytest_cache
rootdir: /leonardo/home/userexternal/mbenass1/ml-peg
configfile: pyproject.toml
plugins: anyio-4.14.0, typeguard-4.5.2, cov-4.1.0, dash-4.2.0, hydra-core-1.3.3
collecting ... collected 135 items / 134 deselected / 1 selected

ml_peg/calcs/molecular_dynamics/aluminosilicates_densities/calc_aluminosilicates_densities.py::test_aluminosilicates_densities[1-albite-mace-mp-0b3] Loading model from /leonardo/home/userexternal/mbenass1/ml-peg/ml_peg/models/models.yml: mace-mp-0b3
cuequivariance or cuequivariance_torch is not available. Cuequivariance acceleration will be disabled.
Using Materials Project MACE for MACECalculator with /leonardo/home/userexternal/mbenass1/.cache/mace/macemp0b3mediummodel
Using float32 for MACECalculator, which is faster but less accurate. Recommended for MD. Use float64 for geometry optimization.
  density: 2.2080 g/cm3 | vol: 5345.06 A3
  density: 2.2059 g/cm3 | vol: 5350.17 A3
  density: 2.2103 g/cm3 | vol: 5339.32 A3
  density: 2.2045 g/cm3 | vol: 5353.54 A3
  density: 2.1996 g/cm3 | vol: 5365.37 A3
  density: 2.1954 g/cm3 | vol: 5375.62 A3
  density: 2.2056 g/cm3 | vol: 5350.89 A3
  density: 2.2019 g/cm3 | vol: 5359.81 A3
  density: 2.1941 g/cm3 | vol: 5378.79 A3
  density: 2.1999 g/cm3 | vol: 5364.72 A3
  density: 2.1922 g/cm3 | vol: 5383.39 A3
  density: 2.1994 g/cm3 | vol: 5365.92 A3
  density: 2.2113 g/cm3 | vol: 5336.88 A3
  density: 2.1959 g/cm3 | vol: 5374.32 A3
  density: 2.2012 g/cm3 | vol: 5361.47 A3
  density: 2.1908 g/cm3 | vol: 5386.96 A3
  density: 2.1905 g/cm3 | vol: 5387.76 A3
  density: 2.1989 g/cm3 | vol: 5366.96 A3
  density: 2.1982 g/cm3 | vol: 5368.85 A3
  density: 2.2014 g/cm3 | vol: 5360.99 A3
  density: 2.2044 g/cm3 | vol: 5353.64 A3
Final density (mace-mp-0b3, albite): 2.2004 +/- 0.0059 g/cm3
PASSED

=============================== warnings summary ===============================
ml_peg/calcs/molecular_dynamics/aluminosilicates_densities/calc_aluminosilicates_densities.py::test_aluminosilicates_densities[1-albite-mace-mp-0b3]
  /leonardo/home/userexternal/mbenass1/ml-peg/.venv/lib/python3.12/site-packages/e3nn/o3/_wigner.py:10: UserWarning: Environment variable TORCH_FORCE_NO_WEIGHTS_ONLY_LOAD detected, since the`weights_only` argument was not explicitly passed to `torch.load`, forcing weights_only=False.
    _Jd, _W3j_flat, _W3j_indices = torch.load(os.path.join(os.path.dirname(__file__), 'constants.pt'))

ml_peg/calcs/molecular_dynamics/aluminosilicates_densities/calc_aluminosilicates_densities.py::test_aluminosilicates_densities[1-albite-mace-mp-0b3]
  /leonardo/home/userexternal/mbenass1/ml-peg/.venv/lib/python3.12/site-packages/mace/calculators/mace.py:226: UserWarning: Environment variable TORCH_FORCE_NO_WEIGHTS_ONLY_LOAD detected, since the`weights_only` argument was not explicitly passed to `torch.load`, forcing weights_only=False.
    torch.load(f=model_path, map_location=device)

-- Docs: https://docs.pytest.org/en/stable/how-to/capture-warnings.html
===== 1 passed, 134 deselected, 2 warnings in 101107.07s (1 day, 4:05:07) ======
Task 10 completato.
Mon Jul 20 02:38:03 CEST 2026
