Task: 7 | Test: 1-sanidine-mace-mp-0a | Nodo: lrdn1343.leonardo.local
GPU: NVIDIA A100-SXM-64GB
Sat Jul 18 09:28:41 CEST 2026
============================= test session starts ==============================
platform linux -- Python 3.12.13, pytest-9.1.0, pluggy-1.6.0 -- /leonardo/home/userexternal/mbenass1/ml-peg/.venv/bin/python
cachedir: .pytest_cache
rootdir: /leonardo/home/userexternal/mbenass1/ml-peg
configfile: pyproject.toml
plugins: anyio-4.14.0, typeguard-4.5.2, cov-4.1.0, dash-4.2.0, hydra-core-1.3.3
collecting ... collected 135 items / 134 deselected / 1 selected

ml_peg/calcs/molecular_dynamics/aluminosilicates_densities/calc_aluminosilicates_densities.py::test_aluminosilicates_densities[1-sanidine-mace-mp-0a] Loading model from /leonardo/home/userexternal/mbenass1/ml-peg/ml_peg/models/models.yml: mace-mp-0a
cuequivariance or cuequivariance_torch is not available. Cuequivariance acceleration will be disabled.
Using Materials Project MACE for MACECalculator with /leonardo/home/userexternal/mbenass1/.cache/mace/20231203mace128L1_epoch199model
Using float32 for MACECalculator, which is faster but less accurate. Recommended for MD. Use float64 for geometry optimization.
  density: 2.1721 g/cm3 | vol: 5909.58 A3
  density: 2.1996 g/cm3 | vol: 5835.51 A3
  density: 2.1832 g/cm3 | vol: 5879.44 A3
  density: 2.1814 g/cm3 | vol: 5884.39 A3
  density: 2.1701 g/cm3 | vol: 5915.08 A3
  density: 2.1866 g/cm3 | vol: 5870.44 A3
  density: 2.1759 g/cm3 | vol: 5899.28 A3
  density: 2.1727 g/cm3 | vol: 5907.94 A3
  density: 2.1822 g/cm3 | vol: 5882.08 A3
  density: 2.1786 g/cm3 | vol: 5891.98 A3
  density: 2.1680 g/cm3 | vol: 5920.78 A3
  density: 2.1741 g/cm3 | vol: 5903.98 A3
  density: 2.1832 g/cm3 | vol: 5879.36 A3
  density: 2.1889 g/cm3 | vol: 5864.19 A3
  density: 2.1855 g/cm3 | vol: 5873.19 A3
  density: 2.1781 g/cm3 | vol: 5893.37 A3
  density: 2.1930 g/cm3 | vol: 5853.26 A3
  density: 2.1738 g/cm3 | vol: 5905.01 A3
  density: 2.1960 g/cm3 | vol: 5845.23 A3
  density: 2.2011 g/cm3 | vol: 5831.66 A3
  density: 2.1850 g/cm3 | vol: 5874.63 A3
Final density (mace-mp-0a, sanidine): 2.1823 +/- 0.0093 g/cm3
PASSED

=============================== warnings summary ===============================
ml_peg/calcs/molecular_dynamics/aluminosilicates_densities/calc_aluminosilicates_densities.py::test_aluminosilicates_densities[1-sanidine-mace-mp-0a]
  /leonardo/home/userexternal/mbenass1/ml-peg/.venv/lib/python3.12/site-packages/e3nn/o3/_wigner.py:10: UserWarning: Environment variable TORCH_FORCE_NO_WEIGHTS_ONLY_LOAD detected, since the`weights_only` argument was not explicitly passed to `torch.load`, forcing weights_only=False.
    _Jd, _W3j_flat, _W3j_indices = torch.load(os.path.join(os.path.dirname(__file__), 'constants.pt'))

ml_peg/calcs/molecular_dynamics/aluminosilicates_densities/calc_aluminosilicates_densities.py::test_aluminosilicates_densities[1-sanidine-mace-mp-0a]
  /leonardo/home/userexternal/mbenass1/ml-peg/.venv/lib/python3.12/site-packages/mace/calculators/mace.py:226: UserWarning: Environment variable TORCH_FORCE_NO_WEIGHTS_ONLY_LOAD detected, since the`weights_only` argument was not explicitly passed to `torch.load`, forcing weights_only=False.
    torch.load(f=model_path, map_location=device)

-- Docs: https://docs.pytest.org/en/stable/how-to/capture-warnings.html
====== 1 passed, 134 deselected, 2 warnings in 92832.32s (1 day, 1:47:12) ======
Task 7 completato.
Sun Jul 19 11:15:59 CEST 2026
