Task: 72 | Test: 0-albite-mace-polar-1-s | Nodo: lrdn2042.leonardo.local
GPU: NVIDIA A100-SXM-64GB
Sun Jul 26 19:03:36 CEST 2026
============================= test session starts ==============================
platform linux -- Python 3.12.13, pytest-9.1.0, pluggy-1.6.0 -- /leonardo/home/userexternal/mbenass1/ml-peg/.venv/bin/python
cachedir: .pytest_cache
rootdir: /leonardo/home/userexternal/mbenass1/ml-peg
configfile: pyproject.toml
plugins: anyio-4.14.0, typeguard-4.5.2, cov-4.1.0, dash-4.2.0, hydra-core-1.3.3
collecting ... collected 135 items / 134 deselected / 1 selected

ml_peg/calcs/molecular_dynamics/aluminosilicates_densities/calc_aluminosilicates_densities.py::test_aluminosilicates_densities[0-albite-mace-polar-1-s] Loading model from /leonardo/home/userexternal/mbenass1/ml-peg/ml_peg/models/models.yml: mace-polar-1-s
cuequivariance or cuequivariance_torch is not available. Cuequivariance acceleration will be disabled.
Using MACE-Polar model for MACECalculator with /leonardo/home/userexternal/mbenass1/.cache/mace/MACEPOLAR1Smodel
  density: 2.1050 g/cm3 | vol: 5606.41 A3
  density: 2.1835 g/cm3 | vol: 5404.84 A3
  density: 2.1859 g/cm3 | vol: 5399.07 A3
  density: 2.1826 g/cm3 | vol: 5407.11 A3
  density: 2.1897 g/cm3 | vol: 5389.60 A3
  density: 2.1505 g/cm3 | vol: 5487.79 A3
  density: 2.1144 g/cm3 | vol: 5581.59 A3
  density: 2.1359 g/cm3 | vol: 5525.33 A3
  density: 2.1150 g/cm3 | vol: 5580.10 A3
  density: 2.1848 g/cm3 | vol: 5401.68 A3
  density: 2.1820 g/cm3 | vol: 5408.59 A3
  density: 2.1954 g/cm3 | vol: 5375.64 A3
  density: 2.1884 g/cm3 | vol: 5392.80 A3
  density: 2.1537 g/cm3 | vol: 5479.66 A3
  density: 2.1775 g/cm3 | vol: 5419.96 A3
  density: 2.1803 g/cm3 | vol: 5412.90 A3
  density: 2.1873 g/cm3 | vol: 5395.51 A3
  density: 2.1563 g/cm3 | vol: 5473.14 A3
  density: 2.1314 g/cm3 | vol: 5536.98 A3
  density: 2.1791 g/cm3 | vol: 5415.76 A3
  density: 2.1032 g/cm3 | vol: 5611.25 A3
Final density (mace-polar-1-s, albite): 2.1611 +/- 0.0305 g/cm3
PASSED

=============================== warnings summary ===============================
ml_peg/calcs/molecular_dynamics/aluminosilicates_densities/calc_aluminosilicates_densities.py::test_aluminosilicates_densities[0-albite-mace-polar-1-s]
  /leonardo/home/userexternal/mbenass1/ml-peg/.venv/lib/python3.12/site-packages/e3nn/o3/_wigner.py:10: UserWarning: Environment variable TORCH_FORCE_NO_WEIGHTS_ONLY_LOAD detected, since the`weights_only` argument was not explicitly passed to `torch.load`, forcing weights_only=False.
    _Jd, _W3j_flat, _W3j_indices = torch.load(os.path.join(os.path.dirname(__file__), 'constants.pt'))

ml_peg/calcs/molecular_dynamics/aluminosilicates_densities/calc_aluminosilicates_densities.py::test_aluminosilicates_densities[0-albite-mace-polar-1-s]
  /leonardo/home/userexternal/mbenass1/ml-peg/.venv/lib/python3.12/site-packages/mace/calculators/mace.py:226: UserWarning: Environment variable TORCH_FORCE_NO_WEIGHTS_ONLY_LOAD detected, since the`weights_only` argument was not explicitly passed to `torch.load`, forcing weights_only=False.
    torch.load(f=model_path, map_location=device)

-- Docs: https://docs.pytest.org/en/stable/how-to/capture-warnings.html
===== 1 passed, 134 deselected, 2 warnings in 127481.02s (1 day, 11:24:41) =====
Task 72 completato.
Tue Jul 28 06:28:22 CEST 2026
