Task: 89 | Test: 2-sanidine-mace-polar-1-m | Nodo: lrdn1372.leonardo.local
GPU: NVIDIA A100-SXM-64GB
Sun Jul 26 19:20:32 CEST 2026
============================= test session starts ==============================
platform linux -- Python 3.12.13, pytest-9.1.0, pluggy-1.6.0 -- /leonardo/home/userexternal/mbenass1/ml-peg/.venv/bin/python
cachedir: .pytest_cache
rootdir: /leonardo/home/userexternal/mbenass1/ml-peg
configfile: pyproject.toml
plugins: anyio-4.14.0, typeguard-4.5.2, cov-4.1.0, dash-4.2.0, hydra-core-1.3.3
collecting ... collected 135 items / 134 deselected / 1 selected

ml_peg/calcs/molecular_dynamics/aluminosilicates_densities/calc_aluminosilicates_densities.py::test_aluminosilicates_densities[2-sanidine-mace-polar-1-m] Loading model from /leonardo/home/userexternal/mbenass1/ml-peg/ml_peg/models/models.yml: mace-polar-1-m
cuequivariance or cuequivariance_torch is not available. Cuequivariance acceleration will be disabled.
Using MACE-Polar model for MACECalculator with /leonardo/home/userexternal/mbenass1/.cache/mace/MACEPOLAR1Mmodel
  density: 2.2325 g/cm3 | vol: 5749.54 A3
  density: 2.2301 g/cm3 | vol: 5755.72 A3
  density: 2.2471 g/cm3 | vol: 5712.33 A3
  density: 2.2366 g/cm3 | vol: 5739.06 A3
  density: 2.2474 g/cm3 | vol: 5711.58 A3
  density: 2.2319 g/cm3 | vol: 5751.09 A3
  density: 2.2462 g/cm3 | vol: 5714.60 A3
  density: 2.2212 g/cm3 | vol: 5778.79 A3
  density: 2.2484 g/cm3 | vol: 5709.09 A3
  density: 2.2522 g/cm3 | vol: 5699.23 A3
  density: 2.2453 g/cm3 | vol: 5716.82 A3
  density: 2.2420 g/cm3 | vol: 5725.32 A3
  density: 2.2387 g/cm3 | vol: 5733.76 A3
  density: 2.2469 g/cm3 | vol: 5712.86 A3
  density: 2.2404 g/cm3 | vol: 5729.36 A3
  density: 2.2424 g/cm3 | vol: 5724.34 A3
  density: 2.2497 g/cm3 | vol: 5705.64 A3
  density: 2.2557 g/cm3 | vol: 5690.60 A3
  density: 2.2338 g/cm3 | vol: 5746.16 A3
  density: 2.2390 g/cm3 | vol: 5733.00 A3
  density: 2.2351 g/cm3 | vol: 5743.03 A3
Final density (mace-polar-1-m, sanidine): 2.2411 +/- 0.0082 g/cm3
PASSED

=============================== warnings summary ===============================
ml_peg/calcs/molecular_dynamics/aluminosilicates_densities/calc_aluminosilicates_densities.py::test_aluminosilicates_densities[2-sanidine-mace-polar-1-m]
  /leonardo/home/userexternal/mbenass1/ml-peg/.venv/lib/python3.12/site-packages/e3nn/o3/_wigner.py:10: UserWarning: Environment variable TORCH_FORCE_NO_WEIGHTS_ONLY_LOAD detected, since the`weights_only` argument was not explicitly passed to `torch.load`, forcing weights_only=False.
    _Jd, _W3j_flat, _W3j_indices = torch.load(os.path.join(os.path.dirname(__file__), 'constants.pt'))

ml_peg/calcs/molecular_dynamics/aluminosilicates_densities/calc_aluminosilicates_densities.py::test_aluminosilicates_densities[2-sanidine-mace-polar-1-m]
  /leonardo/home/userexternal/mbenass1/ml-peg/.venv/lib/python3.12/site-packages/mace/calculators/mace.py:226: UserWarning: Environment variable TORCH_FORCE_NO_WEIGHTS_ONLY_LOAD detected, since the`weights_only` argument was not explicitly passed to `torch.load`, forcing weights_only=False.
    torch.load(f=model_path, map_location=device)

-- Docs: https://docs.pytest.org/en/stable/how-to/capture-warnings.html
==== 1 passed, 134 deselected, 2 warnings in 208861.07s (2 days, 10:01:01) =====
Task 89 completato.
Wed Jul 29 05:21:37 CEST 2026
