Task: 69 | Test: 0-sanidine-mace-mh-1-omol | Nodo: lrdn2016.leonardo.local
GPU: NVIDIA A100-SXM-64GB
Sun Jul 26 19:03:36 CEST 2026
============================= test session starts ==============================
platform linux -- Python 3.12.13, pytest-9.1.0, pluggy-1.6.0 -- /leonardo/home/userexternal/mbenass1/ml-peg/.venv/bin/python
cachedir: .pytest_cache
rootdir: /leonardo/home/userexternal/mbenass1/ml-peg
configfile: pyproject.toml
plugins: anyio-4.14.0, typeguard-4.5.2, cov-4.1.0, dash-4.2.0, hydra-core-1.3.3
collecting ... collected 135 items / 134 deselected / 1 selected

ml_peg/calcs/molecular_dynamics/aluminosilicates_densities/calc_aluminosilicates_densities.py::test_aluminosilicates_densities[0-sanidine-mace-mh-1-omol] Loading model from /leonardo/home/userexternal/mbenass1/ml-peg/ml_peg/models/models.yml: mace-mh-1-omol
cuequivariance or cuequivariance_torch is not available. Cuequivariance acceleration will be disabled.
Using Materials Project MACE for MACECalculator with /leonardo/home/userexternal/mbenass1/.cache/mace/macemh1model
Using float32 for MACECalculator, which is faster but less accurate. Recommended for MD. Use float64 for geometry optimization.
  density: 2.1209 g/cm3 | vol: 6052.10 A3
  density: 2.1298 g/cm3 | vol: 6026.76 A3
  density: 2.1423 g/cm3 | vol: 5991.67 A3
  density: 2.1240 g/cm3 | vol: 6043.42 A3
  density: 2.1405 g/cm3 | vol: 5996.76 A3
  density: 2.1226 g/cm3 | vol: 6047.26 A3
  density: 2.1241 g/cm3 | vol: 6043.08 A3
  density: 2.1322 g/cm3 | vol: 6020.07 A3
  density: 2.1410 g/cm3 | vol: 5995.31 A3
  density: 2.1271 g/cm3 | vol: 6034.50 A3
  density: 2.1309 g/cm3 | vol: 6023.64 A3
  density: 2.1253 g/cm3 | vol: 6039.74 A3
  density: 2.1227 g/cm3 | vol: 6047.07 A3
  density: 2.1413 g/cm3 | vol: 5994.56 A3
  density: 2.1301 g/cm3 | vol: 6026.10 A3
  density: 2.1418 g/cm3 | vol: 5993.03 A3
  density: 2.1402 g/cm3 | vol: 5997.50 A3
  density: 2.1418 g/cm3 | vol: 5993.09 A3
  density: 2.1520 g/cm3 | vol: 5964.61 A3
  density: 2.1222 g/cm3 | vol: 6048.35 A3
  density: 2.1218 g/cm3 | vol: 6049.73 A3
Final density (mace-mh-1-omol, sanidine): 2.1321 +/- 0.0090 g/cm3
PASSED

=============================== warnings summary ===============================
ml_peg/calcs/molecular_dynamics/aluminosilicates_densities/calc_aluminosilicates_densities.py::test_aluminosilicates_densities[0-sanidine-mace-mh-1-omol]
  /leonardo/home/userexternal/mbenass1/ml-peg/.venv/lib/python3.12/site-packages/e3nn/o3/_wigner.py:10: UserWarning: Environment variable TORCH_FORCE_NO_WEIGHTS_ONLY_LOAD detected, since the`weights_only` argument was not explicitly passed to `torch.load`, forcing weights_only=False.
    _Jd, _W3j_flat, _W3j_indices = torch.load(os.path.join(os.path.dirname(__file__), 'constants.pt'))

ml_peg/calcs/molecular_dynamics/aluminosilicates_densities/calc_aluminosilicates_densities.py::test_aluminosilicates_densities[0-sanidine-mace-mh-1-omol]
  /leonardo/home/userexternal/mbenass1/ml-peg/.venv/lib/python3.12/site-packages/mace/calculators/mace.py:226: UserWarning: Environment variable TORCH_FORCE_NO_WEIGHTS_ONLY_LOAD detected, since the`weights_only` argument was not explicitly passed to `torch.load`, forcing weights_only=False.
    torch.load(f=model_path, map_location=device)

-- Docs: https://docs.pytest.org/en/stable/how-to/capture-warnings.html
===== 1 passed, 134 deselected, 2 warnings in 120699.62s (1 day, 9:31:39) ======
Task 69 completato.
Tue Jul 28 04:35:20 CEST 2026
