Task: 36 | Test: 0-albite-mace-matpes-r2scan | Nodo: lrdn3441.leonardo.local
GPU: NVIDIA A100-SXM-64GB
Wed Jul 22 05:31:36 CEST 2026
============================= test session starts ==============================
platform linux -- Python 3.12.13, pytest-9.1.0, pluggy-1.6.0 -- /leonardo/home/userexternal/mbenass1/ml-peg/.venv/bin/python
cachedir: .pytest_cache
rootdir: /leonardo/home/userexternal/mbenass1/ml-peg
configfile: pyproject.toml
plugins: anyio-4.14.0, typeguard-4.5.2, cov-4.1.0, dash-4.2.0, hydra-core-1.3.3
collecting ... collected 135 items / 134 deselected / 1 selected

ml_peg/calcs/molecular_dynamics/aluminosilicates_densities/calc_aluminosilicates_densities.py::test_aluminosilicates_densities[0-albite-mace-matpes-r2scan] Loading model from /leonardo/home/userexternal/mbenass1/ml-peg/ml_peg/models/models.yml: mace-matpes-r2scan
cuequivariance or cuequivariance_torch is not available. Cuequivariance acceleration will be disabled.
Using model under Academic Software License (ASL) license, see https://github.com/gabor1/ASL
 To use this model you accept the terms of the license.
Using Materials Project MACE for MACECalculator with /leonardo/home/userexternal/mbenass1/.cache/mace/MACEmatpesr2scanomatftmodel
Using float32 for MACECalculator, which is faster but less accurate. Recommended for MD. Use float64 for geometry optimization.
  density: 2.3589 g/cm3 | vol: 5003.09 A3
  density: 2.3558 g/cm3 | vol: 5009.73 A3
  density: 2.3438 g/cm3 | vol: 5035.38 A3
  density: 2.3468 g/cm3 | vol: 5028.89 A3
  density: 2.3398 g/cm3 | vol: 5043.84 A3
  density: 2.3614 g/cm3 | vol: 4997.77 A3
  density: 2.3590 g/cm3 | vol: 5002.78 A3
  density: 2.3545 g/cm3 | vol: 5012.44 A3
  density: 2.3569 g/cm3 | vol: 5007.23 A3
  density: 2.3621 g/cm3 | vol: 4996.28 A3
  density: 2.3532 g/cm3 | vol: 5015.16 A3
  density: 2.3620 g/cm3 | vol: 4996.49 A3
  density: 2.3595 g/cm3 | vol: 5001.76 A3
  density: 2.3549 g/cm3 | vol: 5011.60 A3
  density: 2.3541 g/cm3 | vol: 5013.16 A3
  density: 2.3587 g/cm3 | vol: 5003.39 A3
  density: 2.3498 g/cm3 | vol: 5022.48 A3
  density: 2.3580 g/cm3 | vol: 5004.85 A3
  density: 2.3633 g/cm3 | vol: 4993.63 A3
  density: 2.3610 g/cm3 | vol: 4998.68 A3
  density: 2.3556 g/cm3 | vol: 5010.10 A3
Final density (mace-matpes-r2scan, albite): 2.3557 +/- 0.0061 g/cm3
PASSED

=============================== warnings summary ===============================
ml_peg/calcs/molecular_dynamics/aluminosilicates_densities/calc_aluminosilicates_densities.py::test_aluminosilicates_densities[0-albite-mace-matpes-r2scan]
  /leonardo/home/userexternal/mbenass1/ml-peg/.venv/lib/python3.12/site-packages/e3nn/o3/_wigner.py:10: UserWarning: Environment variable TORCH_FORCE_NO_WEIGHTS_ONLY_LOAD detected, since the`weights_only` argument was not explicitly passed to `torch.load`, forcing weights_only=False.
    _Jd, _W3j_flat, _W3j_indices = torch.load(os.path.join(os.path.dirname(__file__), 'constants.pt'))

ml_peg/calcs/molecular_dynamics/aluminosilicates_densities/calc_aluminosilicates_densities.py::test_aluminosilicates_densities[0-albite-mace-matpes-r2scan]
  /leonardo/home/userexternal/mbenass1/ml-peg/.venv/lib/python3.12/site-packages/mace/calculators/mace.py:226: UserWarning: Environment variable TORCH_FORCE_NO_WEIGHTS_ONLY_LOAD detected, since the`weights_only` argument was not explicitly passed to `torch.load`, forcing weights_only=False.
    torch.load(f=model_path, map_location=device)

-- Docs: https://docs.pytest.org/en/stable/how-to/capture-warnings.html
===== 1 passed, 134 deselected, 2 warnings in 103321.26s (1 day, 4:42:01) ======
Task 36 completato.
Thu Jul 23 10:13:42 CEST 2026
