Task: 26 | Test: 2-sanidine-mace-mpa-0 | Nodo: lrdn0362.leonardo.local
GPU: NVIDIA A100-SXM-64GB
Tue Jul 21 01:26:09 CEST 2026
============================= test session starts ==============================
platform linux -- Python 3.12.13, pytest-9.1.0, pluggy-1.6.0 -- /leonardo/home/userexternal/mbenass1/ml-peg/.venv/bin/python
cachedir: .pytest_cache
rootdir: /leonardo/home/userexternal/mbenass1/ml-peg
configfile: pyproject.toml
plugins: anyio-4.14.0, typeguard-4.5.2, cov-4.1.0, dash-4.2.0, hydra-core-1.3.3
collecting ... collected 135 items / 134 deselected / 1 selected

ml_peg/calcs/molecular_dynamics/aluminosilicates_densities/calc_aluminosilicates_densities.py::test_aluminosilicates_densities[2-sanidine-mace-mpa-0] Loading model from /leonardo/home/userexternal/mbenass1/ml-peg/ml_peg/models/models.yml: mace-mpa-0
cuequivariance or cuequivariance_torch is not available. Cuequivariance acceleration will be disabled.
Using medium MPA-0 model as default MACE-MP model, to use previous (before 3.10) default model please specify 'medium' as model argument
Using Materials Project MACE for MACECalculator with /leonardo/home/userexternal/mbenass1/.cache/mace/macempa0mediummodel
Using float32 for MACECalculator, which is faster but less accurate. Recommended for MD. Use float64 for geometry optimization.
  density: 2.1185 g/cm3 | vol: 6058.90 A3
  density: 2.0977 g/cm3 | vol: 6119.25 A3
  density: 2.1095 g/cm3 | vol: 6084.99 A3
  density: 2.1011 g/cm3 | vol: 6109.22 A3
  density: 2.1058 g/cm3 | vol: 6095.45 A3
  density: 2.1040 g/cm3 | vol: 6100.86 A3
  density: 2.0928 g/cm3 | vol: 6133.58 A3
  density: 2.1037 g/cm3 | vol: 6101.60 A3
  density: 2.0966 g/cm3 | vol: 6122.46 A3
  density: 2.0970 g/cm3 | vol: 6121.13 A3
  density: 2.1126 g/cm3 | vol: 6075.98 A3
  density: 2.1186 g/cm3 | vol: 6058.73 A3
  density: 2.0979 g/cm3 | vol: 6118.40 A3
  density: 2.1123 g/cm3 | vol: 6076.82 A3
  density: 2.1089 g/cm3 | vol: 6086.71 A3
  density: 2.1011 g/cm3 | vol: 6109.19 A3
  density: 2.1020 g/cm3 | vol: 6106.47 A3
  density: 2.1028 g/cm3 | vol: 6104.26 A3
  density: 2.1058 g/cm3 | vol: 6095.58 A3
  density: 2.0889 g/cm3 | vol: 6144.95 A3
  density: 2.1018 g/cm3 | vol: 6107.09 A3
Final density (mace-mpa-0, sanidine): 2.1038 +/- 0.0075 g/cm3
PASSED

=============================== warnings summary ===============================
ml_peg/calcs/molecular_dynamics/aluminosilicates_densities/calc_aluminosilicates_densities.py::test_aluminosilicates_densities[2-sanidine-mace-mpa-0]
  /leonardo/home/userexternal/mbenass1/ml-peg/.venv/lib/python3.12/site-packages/e3nn/o3/_wigner.py:10: UserWarning: Environment variable TORCH_FORCE_NO_WEIGHTS_ONLY_LOAD detected, since the`weights_only` argument was not explicitly passed to `torch.load`, forcing weights_only=False.
    _Jd, _W3j_flat, _W3j_indices = torch.load(os.path.join(os.path.dirname(__file__), 'constants.pt'))

ml_peg/calcs/molecular_dynamics/aluminosilicates_densities/calc_aluminosilicates_densities.py::test_aluminosilicates_densities[2-sanidine-mace-mpa-0]
  /leonardo/home/userexternal/mbenass1/ml-peg/.venv/lib/python3.12/site-packages/mace/calculators/mace.py:226: UserWarning: Environment variable TORCH_FORCE_NO_WEIGHTS_ONLY_LOAD detected, since the`weights_only` argument was not explicitly passed to `torch.load`, forcing weights_only=False.
    torch.load(f=model_path, map_location=device)

-- Docs: https://docs.pytest.org/en/stable/how-to/capture-warnings.html
====== 1 passed, 134 deselected, 2 warnings in 92715.08s (1 day, 1:45:15) ======
Task 26 completato.
Wed Jul 22 03:11:29 CEST 2026
