Task: 8 | Test: 2-sanidine-mace-mp-0a | Nodo: lrdn0715.leonardo.local
GPU: NVIDIA A100-SXM-64GB
Wed Jul 29 13:55:25 CEST 2026
============================= test session starts ==============================
platform linux -- Python 3.12.13, pytest-9.1.0, pluggy-1.6.0 -- /leonardo/home/userexternal/mbenass1/ml-peg/.venv/bin/python
cachedir: .pytest_cache
rootdir: /leonardo/home/userexternal/mbenass1/ml-peg
configfile: pyproject.toml
plugins: anyio-4.14.0, typeguard-4.5.2, cov-4.1.0, dash-4.2.0, hydra-core-1.3.3
collecting ... collected 135 items / 134 deselected / 1 selected

ml_peg/calcs/molecular_dynamics/aluminosilicates_densities/calc_aluminosilicates_densities.py::test_aluminosilicates_densities[2-sanidine-mace-mp-0a] Loading model from /leonardo/home/userexternal/mbenass1/ml-peg/ml_peg/models/models.yml: mace-mp-0a
cuequivariance or cuequivariance_torch is not available. Cuequivariance acceleration will be disabled.
Using Materials Project MACE for MACECalculator with /leonardo/home/userexternal/mbenass1/.cache/mace/20231203mace128L1_epoch199model
Using float32 for MACECalculator, which is faster but less accurate. Recommended for MD. Use float64 for geometry optimization.
  density: 2.1747 g/cm3 | vol: 5902.42 A3
  density: 2.1973 g/cm3 | vol: 5841.61 A3
  density: 2.1872 g/cm3 | vol: 5868.78 A3
  density: 2.1827 g/cm3 | vol: 5880.70 A3
  density: 2.1837 g/cm3 | vol: 5878.12 A3
  density: 2.1667 g/cm3 | vol: 5924.37 A3
  density: 2.1817 g/cm3 | vol: 5883.58 A3
  density: 2.1927 g/cm3 | vol: 5853.96 A3
  density: 2.1827 g/cm3 | vol: 5880.75 A3
  density: 2.1852 g/cm3 | vol: 5874.20 A3
  density: 2.1851 g/cm3 | vol: 5874.41 A3
  density: 2.1871 g/cm3 | vol: 5868.95 A3
  density: 2.1772 g/cm3 | vol: 5895.63 A3
  density: 2.1896 g/cm3 | vol: 5862.39 A3
  density: 2.1851 g/cm3 | vol: 5874.34 A3
  density: 2.1911 g/cm3 | vol: 5858.17 A3
  density: 2.2067 g/cm3 | vol: 5816.74 A3
  density: 2.1830 g/cm3 | vol: 5879.93 A3
  density: 2.1853 g/cm3 | vol: 5873.90 A3
  density: 2.1858 g/cm3 | vol: 5872.57 A3
  density: 2.1779 g/cm3 | vol: 5893.78 A3
Final density (mace-mp-0a, sanidine): 2.1852 +/- 0.0080 g/cm3
PASSED

=============================== warnings summary ===============================
ml_peg/calcs/molecular_dynamics/aluminosilicates_densities/calc_aluminosilicates_densities.py::test_aluminosilicates_densities[2-sanidine-mace-mp-0a]
  /leonardo/home/userexternal/mbenass1/ml-peg/.venv/lib/python3.12/site-packages/e3nn/o3/_wigner.py:10: UserWarning: Environment variable TORCH_FORCE_NO_WEIGHTS_ONLY_LOAD detected, since the`weights_only` argument was not explicitly passed to `torch.load`, forcing weights_only=False.
    _Jd, _W3j_flat, _W3j_indices = torch.load(os.path.join(os.path.dirname(__file__), 'constants.pt'))

ml_peg/calcs/molecular_dynamics/aluminosilicates_densities/calc_aluminosilicates_densities.py::test_aluminosilicates_densities[2-sanidine-mace-mp-0a]
  /leonardo/home/userexternal/mbenass1/ml-peg/.venv/lib/python3.12/site-packages/mace/calculators/mace.py:226: UserWarning: Environment variable TORCH_FORCE_NO_WEIGHTS_ONLY_LOAD detected, since the`weights_only` argument was not explicitly passed to `torch.load`, forcing weights_only=False.
    torch.load(f=model_path, map_location=device)

-- Docs: https://docs.pytest.org/en/stable/how-to/capture-warnings.html
====== 1 passed, 134 deselected, 2 warnings in 91459.10s (1 day, 1:24:19) ======
Task 8 completato.
Thu Jul 30 15:19:50 CEST 2026
