Task: 47 | Test: 2-albite-mace-mh-1-omat | Nodo: lrdn0123.leonardo.local
GPU: NVIDIA A100-SXM-64GB
Thu Jul 23 10:13:46 CEST 2026
============================= test session starts ==============================
platform linux -- Python 3.12.13, pytest-9.1.0, pluggy-1.6.0 -- /leonardo/home/userexternal/mbenass1/ml-peg/.venv/bin/python
cachedir: .pytest_cache
rootdir: /leonardo/home/userexternal/mbenass1/ml-peg
configfile: pyproject.toml
plugins: anyio-4.14.0, typeguard-4.5.2, cov-4.1.0, dash-4.2.0, hydra-core-1.3.3
collecting ... collected 135 items / 134 deselected / 1 selected

ml_peg/calcs/molecular_dynamics/aluminosilicates_densities/calc_aluminosilicates_densities.py::test_aluminosilicates_densities[2-albite-mace-mh-1-omat] Loading model from /leonardo/home/userexternal/mbenass1/ml-peg/ml_peg/models/models.yml: mace-mh-1-omat
cuequivariance or cuequivariance_torch is not available. Cuequivariance acceleration will be disabled.
Using Materials Project MACE for MACECalculator with /leonardo/home/userexternal/mbenass1/.cache/mace/macemh1model
Using float32 for MACECalculator, which is faster but less accurate. Recommended for MD. Use float64 for geometry optimization.
  density: 2.1226 g/cm3 | vol: 5559.95 A3
  density: 2.1238 g/cm3 | vol: 5556.95 A3
  density: 2.1072 g/cm3 | vol: 5600.54 A3
  density: 2.1080 g/cm3 | vol: 5598.44 A3
  density: 2.1184 g/cm3 | vol: 5571.05 A3
  density: 2.1260 g/cm3 | vol: 5551.12 A3
  density: 2.1284 g/cm3 | vol: 5544.82 A3
  density: 2.1183 g/cm3 | vol: 5571.23 A3
  density: 2.1139 g/cm3 | vol: 5583.01 A3
  density: 2.1104 g/cm3 | vol: 5592.18 A3
  density: 2.1389 g/cm3 | vol: 5517.58 A3
  density: 2.1091 g/cm3 | vol: 5595.69 A3
  density: 2.1159 g/cm3 | vol: 5577.59 A3
  density: 2.1199 g/cm3 | vol: 5566.98 A3
  density: 2.1231 g/cm3 | vol: 5558.68 A3
  density: 2.1173 g/cm3 | vol: 5573.98 A3
  density: 2.1241 g/cm3 | vol: 5556.09 A3
  density: 2.1251 g/cm3 | vol: 5553.60 A3
  density: 2.1125 g/cm3 | vol: 5586.52 A3
  density: 2.1143 g/cm3 | vol: 5581.82 A3
  density: 2.1194 g/cm3 | vol: 5568.51 A3
Final density (mace-mh-1-omat, albite): 2.1189 +/- 0.0075 g/cm3
PASSED

=============================== warnings summary ===============================
ml_peg/calcs/molecular_dynamics/aluminosilicates_densities/calc_aluminosilicates_densities.py::test_aluminosilicates_densities[2-albite-mace-mh-1-omat]
  /leonardo/home/userexternal/mbenass1/ml-peg/.venv/lib/python3.12/site-packages/e3nn/o3/_wigner.py:10: UserWarning: Environment variable TORCH_FORCE_NO_WEIGHTS_ONLY_LOAD detected, since the`weights_only` argument was not explicitly passed to `torch.load`, forcing weights_only=False.
    _Jd, _W3j_flat, _W3j_indices = torch.load(os.path.join(os.path.dirname(__file__), 'constants.pt'))

ml_peg/calcs/molecular_dynamics/aluminosilicates_densities/calc_aluminosilicates_densities.py::test_aluminosilicates_densities[2-albite-mace-mh-1-omat]
  /leonardo/home/userexternal/mbenass1/ml-peg/.venv/lib/python3.12/site-packages/mace/calculators/mace.py:226: UserWarning: Environment variable TORCH_FORCE_NO_WEIGHTS_ONLY_LOAD detected, since the`weights_only` argument was not explicitly passed to `torch.load`, forcing weights_only=False.
    torch.load(f=model_path, map_location=device)

-- Docs: https://docs.pytest.org/en/stable/how-to/capture-warnings.html
===== 1 passed, 134 deselected, 2 warnings in 127499.74s (1 day, 11:24:59) =====
Task 47 completato.
Fri Jul 24 21:38:50 CEST 2026
