Task: 12 | Test: 0-anorthite-mace-mp-0b3 | Nodo: lrdn1179.leonardo.local
GPU: NVIDIA A100-SXM-64GB
Sun Jul 19 00:54:24 CEST 2026
============================= test session starts ==============================
platform linux -- Python 3.12.13, pytest-9.1.0, pluggy-1.6.0 -- /leonardo/home/userexternal/mbenass1/ml-peg/.venv/bin/python
cachedir: .pytest_cache
rootdir: /leonardo/home/userexternal/mbenass1/ml-peg
configfile: pyproject.toml
plugins: anyio-4.14.0, typeguard-4.5.2, cov-4.1.0, dash-4.2.0, hydra-core-1.3.3
collecting ... collected 135 items / 134 deselected / 1 selected

ml_peg/calcs/molecular_dynamics/aluminosilicates_densities/calc_aluminosilicates_densities.py::test_aluminosilicates_densities[0-anorthite-mace-mp-0b3] Loading model from /leonardo/home/userexternal/mbenass1/ml-peg/ml_peg/models/models.yml: mace-mp-0b3
cuequivariance or cuequivariance_torch is not available. Cuequivariance acceleration will be disabled.
Using Materials Project MACE for MACECalculator with /leonardo/home/userexternal/mbenass1/.cache/mace/macemp0b3mediummodel
Using float32 for MACECalculator, which is faster but less accurate. Recommended for MD. Use float64 for geometry optimization.
  density: 2.5220 g/cm3 | vol: 4944.71 A3
  density: 2.5034 g/cm3 | vol: 4981.54 A3
  density: 2.5241 g/cm3 | vol: 4940.73 A3
  density: 2.5085 g/cm3 | vol: 4971.46 A3
  density: 2.5095 g/cm3 | vol: 4969.44 A3
  density: 2.5257 g/cm3 | vol: 4937.48 A3
  density: 2.5075 g/cm3 | vol: 4973.36 A3
  density: 2.5137 g/cm3 | vol: 4961.03 A3
  density: 2.5247 g/cm3 | vol: 4939.41 A3
  density: 2.5215 g/cm3 | vol: 4945.76 A3
  density: 2.5193 g/cm3 | vol: 4950.07 A3
  density: 2.5354 g/cm3 | vol: 4918.73 A3
  density: 2.5161 g/cm3 | vol: 4956.36 A3
  density: 2.5052 g/cm3 | vol: 4977.98 A3
  density: 2.5276 g/cm3 | vol: 4933.81 A3
  density: 2.5057 g/cm3 | vol: 4976.97 A3
  density: 2.5029 g/cm3 | vol: 4982.53 A3
  density: 2.4995 g/cm3 | vol: 4989.38 A3
  density: 2.5193 g/cm3 | vol: 4950.12 A3
  density: 2.5129 g/cm3 | vol: 4962.60 A3
  density: 2.5190 g/cm3 | vol: 4950.67 A3
Final density (mace-mp-0b3, anorthite): 2.5154 +/- 0.0094 g/cm3
PASSED

=============================== warnings summary ===============================
ml_peg/calcs/molecular_dynamics/aluminosilicates_densities/calc_aluminosilicates_densities.py::test_aluminosilicates_densities[0-anorthite-mace-mp-0b3]
  /leonardo/home/userexternal/mbenass1/ml-peg/.venv/lib/python3.12/site-packages/e3nn/o3/_wigner.py:10: UserWarning: Environment variable TORCH_FORCE_NO_WEIGHTS_ONLY_LOAD detected, since the`weights_only` argument was not explicitly passed to `torch.load`, forcing weights_only=False.
    _Jd, _W3j_flat, _W3j_indices = torch.load(os.path.join(os.path.dirname(__file__), 'constants.pt'))

ml_peg/calcs/molecular_dynamics/aluminosilicates_densities/calc_aluminosilicates_densities.py::test_aluminosilicates_densities[0-anorthite-mace-mp-0b3]
  /leonardo/home/userexternal/mbenass1/ml-peg/.venv/lib/python3.12/site-packages/mace/calculators/mace.py:226: UserWarning: Environment variable TORCH_FORCE_NO_WEIGHTS_ONLY_LOAD detected, since the`weights_only` argument was not explicitly passed to `torch.load`, forcing weights_only=False.
    torch.load(f=model_path, map_location=device)

-- Docs: https://docs.pytest.org/en/stable/how-to/capture-warnings.html
===== 1 passed, 134 deselected, 2 warnings in 104169.91s (1 day, 4:56:09) ======
Task 12 completato.
Mon Jul 20 05:50:39 CEST 2026
