Task: 5 | Test: 2-anorthite-mace-mp-0a | Nodo: lrdn3450.leonardo.local
GPU: NVIDIA A100-SXM-64GB
Fri Jul 17 22:10:41 CEST 2026
============================= test session starts ==============================
platform linux -- Python 3.12.13, pytest-9.1.0, pluggy-1.6.0 -- /leonardo/home/userexternal/mbenass1/ml-peg/.venv/bin/python
cachedir: .pytest_cache
rootdir: /leonardo/home/userexternal/mbenass1/ml-peg
configfile: pyproject.toml
plugins: anyio-4.14.0, typeguard-4.5.2, cov-4.1.0, dash-4.2.0, hydra-core-1.3.3
collecting ... collected 135 items / 134 deselected / 1 selected

ml_peg/calcs/molecular_dynamics/aluminosilicates_densities/calc_aluminosilicates_densities.py::test_aluminosilicates_densities[2-anorthite-mace-mp-0a] Loading model from /leonardo/home/userexternal/mbenass1/ml-peg/ml_peg/models/models.yml: mace-mp-0a
cuequivariance or cuequivariance_torch is not available. Cuequivariance acceleration will be disabled.
Using Materials Project MACE for MACECalculator with /leonardo/home/userexternal/mbenass1/.cache/mace/20231203mace128L1_epoch199model
Using float32 for MACECalculator, which is faster but less accurate. Recommended for MD. Use float64 for geometry optimization.
  density: 2.4772 g/cm3 | vol: 5034.15 A3
  density: 2.4860 g/cm3 | vol: 5016.35 A3
  density: 2.4752 g/cm3 | vol: 5038.34 A3
  density: 2.4847 g/cm3 | vol: 5019.08 A3
  density: 2.4750 g/cm3 | vol: 5038.77 A3
  density: 2.4874 g/cm3 | vol: 5013.57 A3
  density: 2.4778 g/cm3 | vol: 5033.04 A3
  density: 2.4685 g/cm3 | vol: 5051.95 A3
  density: 2.4962 g/cm3 | vol: 4995.87 A3
  density: 2.4759 g/cm3 | vol: 5036.91 A3
  density: 2.4784 g/cm3 | vol: 5031.79 A3
  density: 2.4795 g/cm3 | vol: 5029.56 A3
  density: 2.4716 g/cm3 | vol: 5045.63 A3
  density: 2.4802 g/cm3 | vol: 5028.14 A3
  density: 2.4700 g/cm3 | vol: 5048.98 A3
  density: 2.4801 g/cm3 | vol: 5028.38 A3
  density: 2.4725 g/cm3 | vol: 5043.83 A3
  density: 2.4853 g/cm3 | vol: 5017.84 A3
  density: 2.4846 g/cm3 | vol: 5019.14 A3
  density: 2.4840 g/cm3 | vol: 5020.45 A3
  density: 2.4784 g/cm3 | vol: 5031.84 A3
Final density (mace-mp-0a, anorthite): 2.4794 +/- 0.0065 g/cm3
PASSED

=============================== warnings summary ===============================
ml_peg/calcs/molecular_dynamics/aluminosilicates_densities/calc_aluminosilicates_densities.py::test_aluminosilicates_densities[2-anorthite-mace-mp-0a]
  /leonardo/home/userexternal/mbenass1/ml-peg/.venv/lib/python3.12/site-packages/e3nn/o3/_wigner.py:10: UserWarning: Environment variable TORCH_FORCE_NO_WEIGHTS_ONLY_LOAD detected, since the`weights_only` argument was not explicitly passed to `torch.load`, forcing weights_only=False.
    _Jd, _W3j_flat, _W3j_indices = torch.load(os.path.join(os.path.dirname(__file__), 'constants.pt'))

ml_peg/calcs/molecular_dynamics/aluminosilicates_densities/calc_aluminosilicates_densities.py::test_aluminosilicates_densities[2-anorthite-mace-mp-0a]
  /leonardo/home/userexternal/mbenass1/ml-peg/.venv/lib/python3.12/site-packages/mace/calculators/mace.py:226: UserWarning: Environment variable TORCH_FORCE_NO_WEIGHTS_ONLY_LOAD detected, since the`weights_only` argument was not explicitly passed to `torch.load`, forcing weights_only=False.
    torch.load(f=model_path, map_location=device)

-- Docs: https://docs.pytest.org/en/stable/how-to/capture-warnings.html
===== 1 passed, 134 deselected, 2 warnings in 101322.95s (1 day, 4:08:42) ======
Task 5 completato.
Sun Jul 19 02:19:29 CEST 2026
