Task: 34 | Test: 1-sanidine-mace-omat-0 | Nodo: lrdn0012.leonardo.local
GPU: NVIDIA A100-SXM-64GB
Tue Jul 21 17:48:35 CEST 2026
============================= test session starts ==============================
platform linux -- Python 3.12.13, pytest-9.1.0, pluggy-1.6.0 -- /leonardo/home/userexternal/mbenass1/ml-peg/.venv/bin/python
cachedir: .pytest_cache
rootdir: /leonardo/home/userexternal/mbenass1/ml-peg
configfile: pyproject.toml
plugins: anyio-4.14.0, typeguard-4.5.2, cov-4.1.0, dash-4.2.0, hydra-core-1.3.3
collecting ... collected 135 items / 134 deselected / 1 selected

ml_peg/calcs/molecular_dynamics/aluminosilicates_densities/calc_aluminosilicates_densities.py::test_aluminosilicates_densities[1-sanidine-mace-omat-0] Loading model from /leonardo/home/userexternal/mbenass1/ml-peg/ml_peg/models/models.yml: mace-omat-0
cuequivariance or cuequivariance_torch is not available. Cuequivariance acceleration will be disabled.
Using model under Academic Software License (ASL) license, see https://github.com/gabor1/ASL
 To use this model you accept the terms of the license.
Using Materials Project MACE for MACECalculator with /leonardo/home/userexternal/mbenass1/.cache/mace/maceomat0mediummodel
Using float32 for MACECalculator, which is faster but less accurate. Recommended for MD. Use float64 for geometry optimization.
  density: 2.1847 g/cm3 | vol: 5875.52 A3
  density: 2.1898 g/cm3 | vol: 5861.78 A3
  density: 2.2007 g/cm3 | vol: 5832.70 A3
  density: 2.1998 g/cm3 | vol: 5835.22 A3
  density: 2.1808 g/cm3 | vol: 5886.05 A3
  density: 2.2080 g/cm3 | vol: 5813.51 A3
  density: 2.1897 g/cm3 | vol: 5861.99 A3
  density: 2.1858 g/cm3 | vol: 5872.46 A3
  density: 2.1780 g/cm3 | vol: 5893.39 A3
  density: 2.1780 g/cm3 | vol: 5893.62 A3
  density: 2.1808 g/cm3 | vol: 5885.96 A3
  density: 2.1842 g/cm3 | vol: 5876.76 A3
  density: 2.1925 g/cm3 | vol: 5854.51 A3
  density: 2.1854 g/cm3 | vol: 5873.49 A3
  density: 2.1866 g/cm3 | vol: 5870.27 A3
  density: 2.1857 g/cm3 | vol: 5872.87 A3
  density: 2.1958 g/cm3 | vol: 5845.76 A3
  density: 2.1837 g/cm3 | vol: 5878.18 A3
  density: 2.1777 g/cm3 | vol: 5894.42 A3
  density: 2.1865 g/cm3 | vol: 5870.53 A3
  density: 2.1923 g/cm3 | vol: 5855.14 A3
Final density (mace-omat-0, sanidine): 2.1879 +/- 0.0078 g/cm3
PASSED

=============================== warnings summary ===============================
ml_peg/calcs/molecular_dynamics/aluminosilicates_densities/calc_aluminosilicates_densities.py::test_aluminosilicates_densities[1-sanidine-mace-omat-0]
  /leonardo/home/userexternal/mbenass1/ml-peg/.venv/lib/python3.12/site-packages/e3nn/o3/_wigner.py:10: UserWarning: Environment variable TORCH_FORCE_NO_WEIGHTS_ONLY_LOAD detected, since the`weights_only` argument was not explicitly passed to `torch.load`, forcing weights_only=False.
    _Jd, _W3j_flat, _W3j_indices = torch.load(os.path.join(os.path.dirname(__file__), 'constants.pt'))

ml_peg/calcs/molecular_dynamics/aluminosilicates_densities/calc_aluminosilicates_densities.py::test_aluminosilicates_densities[1-sanidine-mace-omat-0]
  /leonardo/home/userexternal/mbenass1/ml-peg/.venv/lib/python3.12/site-packages/mace/calculators/mace.py:226: UserWarning: Environment variable TORCH_FORCE_NO_WEIGHTS_ONLY_LOAD detected, since the`weights_only` argument was not explicitly passed to `torch.load`, forcing weights_only=False.
    torch.load(f=model_path, map_location=device)

-- Docs: https://docs.pytest.org/en/stable/how-to/capture-warnings.html
====== 1 passed, 134 deselected, 2 warnings in 96487.22s (1 day, 2:48:07) ======
Task 34 completato.
Wed Jul 22 20:36:48 CEST 2026
