Task: 83 | Test: 2-albite-mace-polar-1-m | Nodo: lrdn2686.leonardo.local
GPU: NVIDIA A100-SXM-64GB
Sun Jul 26 18:36:47 CEST 2026
============================= test session starts ==============================
platform linux -- Python 3.12.13, pytest-9.1.0, pluggy-1.6.0 -- /leonardo/home/userexternal/mbenass1/ml-peg/.venv/bin/python
cachedir: .pytest_cache
rootdir: /leonardo/home/userexternal/mbenass1/ml-peg
configfile: pyproject.toml
plugins: anyio-4.14.0, typeguard-4.5.2, cov-4.1.0, dash-4.2.0, hydra-core-1.3.3
collecting ... collected 135 items / 134 deselected / 1 selected

ml_peg/calcs/molecular_dynamics/aluminosilicates_densities/calc_aluminosilicates_densities.py::test_aluminosilicates_densities[2-albite-mace-polar-1-m] Loading model from /leonardo/home/userexternal/mbenass1/ml-peg/ml_peg/models/models.yml: mace-polar-1-m
cuequivariance or cuequivariance_torch is not available. Cuequivariance acceleration will be disabled.
Using MACE-Polar model for MACECalculator with /leonardo/home/userexternal/mbenass1/.cache/mace/MACEPOLAR1Mmodel
  density: 2.3003 g/cm3 | vol: 5130.40 A3
  density: 2.3190 g/cm3 | vol: 5089.03 A3
  density: 2.3106 g/cm3 | vol: 5107.62 A3
  density: 2.3251 g/cm3 | vol: 5075.88 A3
  density: 2.3315 g/cm3 | vol: 5061.74 A3
  density: 2.3156 g/cm3 | vol: 5096.64 A3
  density: 2.3363 g/cm3 | vol: 5051.42 A3
  density: 2.3260 g/cm3 | vol: 5073.81 A3
  density: 2.3170 g/cm3 | vol: 5093.42 A3
  density: 2.3100 g/cm3 | vol: 5108.86 A3
  density: 2.3168 g/cm3 | vol: 5094.04 A3
  density: 2.3157 g/cm3 | vol: 5096.46 A3
  density: 2.3194 g/cm3 | vol: 5088.24 A3
  density: 2.3023 g/cm3 | vol: 5126.09 A3
  density: 2.3290 g/cm3 | vol: 5067.26 A3
  density: 2.3072 g/cm3 | vol: 5115.11 A3
  density: 2.3177 g/cm3 | vol: 5092.03 A3
  density: 2.3265 g/cm3 | vol: 5072.78 A3
  density: 2.2909 g/cm3 | vol: 5151.64 A3
  density: 2.3085 g/cm3 | vol: 5112.21 A3
  density: 2.3185 g/cm3 | vol: 5090.28 A3
Final density (mace-polar-1-m, albite): 2.3164 +/- 0.0107 g/cm3
PASSED

=============================== warnings summary ===============================
ml_peg/calcs/molecular_dynamics/aluminosilicates_densities/calc_aluminosilicates_densities.py::test_aluminosilicates_densities[2-albite-mace-polar-1-m]
  /leonardo/home/userexternal/mbenass1/ml-peg/.venv/lib/python3.12/site-packages/e3nn/o3/_wigner.py:10: UserWarning: Environment variable TORCH_FORCE_NO_WEIGHTS_ONLY_LOAD detected, since the`weights_only` argument was not explicitly passed to `torch.load`, forcing weights_only=False.
    _Jd, _W3j_flat, _W3j_indices = torch.load(os.path.join(os.path.dirname(__file__), 'constants.pt'))

ml_peg/calcs/molecular_dynamics/aluminosilicates_densities/calc_aluminosilicates_densities.py::test_aluminosilicates_densities[2-albite-mace-polar-1-m]
  /leonardo/home/userexternal/mbenass1/ml-peg/.venv/lib/python3.12/site-packages/mace/calculators/mace.py:226: UserWarning: Environment variable TORCH_FORCE_NO_WEIGHTS_ONLY_LOAD detected, since the`weights_only` argument was not explicitly passed to `torch.load`, forcing weights_only=False.
    torch.load(f=model_path, map_location=device)

-- Docs: https://docs.pytest.org/en/stable/how-to/capture-warnings.html
==== 1 passed, 134 deselected, 2 warnings in 214568.95s (2 days, 11:36:08) =====
Task 83 completato.
Wed Jul 29 06:13:01 CEST 2026
