Task: 8 | Test: 2-sanidine-mattersim-5M | Nodo: lrdn0005.leonardo.local
GPU: NVIDIA A100-SXM-64GB
Sun Jul 19 09:46:23 CEST 2026
============================= test session starts ==============================
platform linux -- Python 3.12.13, pytest-9.1.0, pluggy-1.6.0 -- /leonardo/home/userexternal/mbenass1/ml-peg/.venv_mattersim/bin/python3
cachedir: .pytest_cache
rootdir: /leonardo/home/userexternal/mbenass1/ml-peg
configfile: pyproject.toml
plugins: anyio-4.14.0, typeguard-4.5.2, cov-4.1.0, dash-4.2.0, hydra-core-1.3.3
collecting ... collected 135 items / 134 deselected / 1 selected

ml_peg/calcs/molecular_dynamics/aluminosilicates_densities/calc_aluminosilicates_densities.py::test_aluminosilicates_densities[2-sanidine-mattersim-5M] Loading model from /leonardo/home/userexternal/mbenass1/ml-peg/ml_peg/models/models.yml: mattersim-5M
2026-07-19 09:46:42.254 | INFO     | mattersim.forcefield.potential:from_checkpoint:891 - Loading the pre-trained mattersim-v1.0.0-5M.pth model
  density: 2.2216 g/cm3 | vol: 5777.84 A3
  density: 2.2158 g/cm3 | vol: 5792.88 A3
  density: 2.2088 g/cm3 | vol: 5811.43 A3
  density: 2.2140 g/cm3 | vol: 5797.60 A3
  density: 2.2074 g/cm3 | vol: 5814.94 A3
  density: 2.2035 g/cm3 | vol: 5825.34 A3
  density: 2.2007 g/cm3 | vol: 5832.67 A3
  density: 2.1879 g/cm3 | vol: 5866.80 A3
  density: 2.2124 g/cm3 | vol: 5801.88 A3
  density: 2.2034 g/cm3 | vol: 5825.67 A3
  density: 2.2128 g/cm3 | vol: 5800.82 A3
  density: 2.2044 g/cm3 | vol: 5822.83 A3
  density: 2.2285 g/cm3 | vol: 5759.96 A3
  density: 2.2002 g/cm3 | vol: 5833.94 A3
  density: 2.2049 g/cm3 | vol: 5821.69 A3
  density: 2.2056 g/cm3 | vol: 5819.83 A3
  density: 2.2007 g/cm3 | vol: 5832.67 A3
  density: 2.2067 g/cm3 | vol: 5816.74 A3
  density: 2.1948 g/cm3 | vol: 5848.51 A3
  density: 2.2004 g/cm3 | vol: 5833.52 A3
  density: 2.2117 g/cm3 | vol: 5803.64 A3
Final density (mattersim-5M, sanidine): 2.2070 +/- 0.0088 g/cm3
PASSED

=============================== warnings summary ===============================
ml_peg/calcs/molecular_dynamics/aluminosilicates_densities/calc_aluminosilicates_densities.py::test_aluminosilicates_densities[2-sanidine-mattersim-5M]
  /leonardo/home/userexternal/mbenass1/ml-peg/.venv_mattersim/lib/python3.12/site-packages/mattersim/forcefield/potential.py:896: UserWarning: Environment variable TORCH_FORCE_NO_WEIGHTS_ONLY_LOAD detected, since the`weights_only` argument was not explicitly passed to `torch.load`, forcing weights_only=False.
    checkpoint = torch.load(load_path, map_location=device)

-- Docs: https://docs.pytest.org/en/stable/how-to/capture-warnings.html
========= 1 passed, 134 deselected, 1 warning in 55013.15s (15:16:53) ==========
Task 8 completato.
Mon Jul 20 01:03:21 CEST 2026
