Task: 53 | Test: 2-sanidine-mace-mh-1-omat | Nodo: lrdn0285.leonardo.local
GPU: NVIDIA A100-SXM-64GB
Thu Jul 23 18:27:42 CEST 2026
============================= test session starts ==============================
platform linux -- Python 3.12.13, pytest-9.1.0, pluggy-1.6.0 -- /leonardo/home/userexternal/mbenass1/ml-peg/.venv/bin/python
cachedir: .pytest_cache
rootdir: /leonardo/home/userexternal/mbenass1/ml-peg
configfile: pyproject.toml
plugins: anyio-4.14.0, typeguard-4.5.2, cov-4.1.0, dash-4.2.0, hydra-core-1.3.3
collecting ... collected 135 items / 134 deselected / 1 selected

ml_peg/calcs/molecular_dynamics/aluminosilicates_densities/calc_aluminosilicates_densities.py::test_aluminosilicates_densities[2-sanidine-mace-mh-1-omat] Loading model from /leonardo/home/userexternal/mbenass1/ml-peg/ml_peg/models/models.yml: mace-mh-1-omat
cuequivariance or cuequivariance_torch is not available. Cuequivariance acceleration will be disabled.
Using Materials Project MACE for MACECalculator with /leonardo/home/userexternal/mbenass1/.cache/mace/macemh1model
Using float32 for MACECalculator, which is faster but less accurate. Recommended for MD. Use float64 for geometry optimization.
  density: 2.1899 g/cm3 | vol: 5861.60 A3
  density: 2.2089 g/cm3 | vol: 5810.96 A3
  density: 2.1990 g/cm3 | vol: 5837.27 A3
  density: 2.1987 g/cm3 | vol: 5837.95 A3
  density: 2.2171 g/cm3 | vol: 5789.48 A3
  density: 2.2006 g/cm3 | vol: 5833.03 A3
  density: 2.1979 g/cm3 | vol: 5840.02 A3
  density: 2.2091 g/cm3 | vol: 5810.60 A3
  density: 2.2028 g/cm3 | vol: 5827.23 A3
  density: 2.2132 g/cm3 | vol: 5799.81 A3
  density: 2.2066 g/cm3 | vol: 5817.10 A3
  density: 2.1966 g/cm3 | vol: 5843.49 A3
  density: 2.2157 g/cm3 | vol: 5793.18 A3
  density: 2.1992 g/cm3 | vol: 5836.79 A3
  density: 2.1887 g/cm3 | vol: 5864.76 A3
  density: 2.1993 g/cm3 | vol: 5836.37 A3
  density: 2.2089 g/cm3 | vol: 5811.19 A3
  density: 2.2050 g/cm3 | vol: 5821.22 A3
  density: 2.1976 g/cm3 | vol: 5840.88 A3
  density: 2.2043 g/cm3 | vol: 5823.20 A3
  density: 2.2002 g/cm3 | vol: 5834.09 A3
Final density (mace-mh-1-omat, sanidine): 2.2028 +/- 0.0074 g/cm3
PASSED

=============================== warnings summary ===============================
ml_peg/calcs/molecular_dynamics/aluminosilicates_densities/calc_aluminosilicates_densities.py::test_aluminosilicates_densities[2-sanidine-mace-mh-1-omat]
  /leonardo/home/userexternal/mbenass1/ml-peg/.venv/lib/python3.12/site-packages/e3nn/o3/_wigner.py:10: UserWarning: Environment variable TORCH_FORCE_NO_WEIGHTS_ONLY_LOAD detected, since the`weights_only` argument was not explicitly passed to `torch.load`, forcing weights_only=False.
    _Jd, _W3j_flat, _W3j_indices = torch.load(os.path.join(os.path.dirname(__file__), 'constants.pt'))

ml_peg/calcs/molecular_dynamics/aluminosilicates_densities/calc_aluminosilicates_densities.py::test_aluminosilicates_densities[2-sanidine-mace-mh-1-omat]
  /leonardo/home/userexternal/mbenass1/ml-peg/.venv/lib/python3.12/site-packages/mace/calculators/mace.py:226: UserWarning: Environment variable TORCH_FORCE_NO_WEIGHTS_ONLY_LOAD detected, since the`weights_only` argument was not explicitly passed to `torch.load`, forcing weights_only=False.
    torch.load(f=model_path, map_location=device)

-- Docs: https://docs.pytest.org/en/stable/how-to/capture-warnings.html
===== 1 passed, 134 deselected, 2 warnings in 122048.34s (1 day, 9:54:08) ======
Task 53 completato.
Sat Jul 25 04:21:55 CEST 2026
