Task: 31 | Test: 1-anorthite-mace-omat-0 | Nodo: lrdn0085.leonardo.local
GPU: NVIDIA A100-SXM-64GB
Tue Jul 21 10:29:37 CEST 2026
============================= test session starts ==============================
platform linux -- Python 3.12.13, pytest-9.1.0, pluggy-1.6.0 -- /leonardo/home/userexternal/mbenass1/ml-peg/.venv/bin/python
cachedir: .pytest_cache
rootdir: /leonardo/home/userexternal/mbenass1/ml-peg
configfile: pyproject.toml
plugins: anyio-4.14.0, typeguard-4.5.2, cov-4.1.0, dash-4.2.0, hydra-core-1.3.3
collecting ... collected 135 items / 134 deselected / 1 selected

ml_peg/calcs/molecular_dynamics/aluminosilicates_densities/calc_aluminosilicates_densities.py::test_aluminosilicates_densities[1-anorthite-mace-omat-0] Loading model from /leonardo/home/userexternal/mbenass1/ml-peg/ml_peg/models/models.yml: mace-omat-0
cuequivariance or cuequivariance_torch is not available. Cuequivariance acceleration will be disabled.
Using model under Academic Software License (ASL) license, see https://github.com/gabor1/ASL
 To use this model you accept the terms of the license.
Using Materials Project MACE for MACECalculator with /leonardo/home/userexternal/mbenass1/.cache/mace/maceomat0mediummodel
Using float32 for MACECalculator, which is faster but less accurate. Recommended for MD. Use float64 for geometry optimization.
  density: 2.4403 g/cm3 | vol: 5110.30 A3
  density: 2.4232 g/cm3 | vol: 5146.30 A3
  density: 2.4421 g/cm3 | vol: 5106.51 A3
  density: 2.4453 g/cm3 | vol: 5099.89 A3
  density: 2.4358 g/cm3 | vol: 5119.74 A3
  density: 2.4347 g/cm3 | vol: 5122.06 A3
  density: 2.4468 g/cm3 | vol: 5096.84 A3
  density: 2.4274 g/cm3 | vol: 5137.58 A3
  density: 2.4224 g/cm3 | vol: 5148.03 A3
  density: 2.4302 g/cm3 | vol: 5131.50 A3
  density: 2.4382 g/cm3 | vol: 5114.78 A3
  density: 2.4391 g/cm3 | vol: 5112.75 A3
  density: 2.4527 g/cm3 | vol: 5084.46 A3
  density: 2.4394 g/cm3 | vol: 5112.30 A3
  density: 2.4421 g/cm3 | vol: 5106.66 A3
  density: 2.4367 g/cm3 | vol: 5117.83 A3
  density: 2.4259 g/cm3 | vol: 5140.57 A3
  density: 2.4444 g/cm3 | vol: 5101.79 A3
  density: 2.4392 g/cm3 | vol: 5112.53 A3
  density: 2.4372 g/cm3 | vol: 5116.79 A3
  density: 2.4464 g/cm3 | vol: 5097.68 A3
Final density (mace-omat-0, anorthite): 2.4376 +/- 0.0079 g/cm3
PASSED

=============================== warnings summary ===============================
ml_peg/calcs/molecular_dynamics/aluminosilicates_densities/calc_aluminosilicates_densities.py::test_aluminosilicates_densities[1-anorthite-mace-omat-0]
  /leonardo/home/userexternal/mbenass1/ml-peg/.venv/lib/python3.12/site-packages/e3nn/o3/_wigner.py:10: UserWarning: Environment variable TORCH_FORCE_NO_WEIGHTS_ONLY_LOAD detected, since the`weights_only` argument was not explicitly passed to `torch.load`, forcing weights_only=False.
    _Jd, _W3j_flat, _W3j_indices = torch.load(os.path.join(os.path.dirname(__file__), 'constants.pt'))

ml_peg/calcs/molecular_dynamics/aluminosilicates_densities/calc_aluminosilicates_densities.py::test_aluminosilicates_densities[1-anorthite-mace-omat-0]
  /leonardo/home/userexternal/mbenass1/ml-peg/.venv/lib/python3.12/site-packages/mace/calculators/mace.py:226: UserWarning: Environment variable TORCH_FORCE_NO_WEIGHTS_ONLY_LOAD detected, since the`weights_only` argument was not explicitly passed to `torch.load`, forcing weights_only=False.
    torch.load(f=model_path, map_location=device)

-- Docs: https://docs.pytest.org/en/stable/how-to/capture-warnings.html
===== 1 passed, 134 deselected, 2 warnings in 103075.47s (1 day, 4:37:55) ======
Task 31 completato.
Wed Jul 22 15:07:37 CEST 2026
