Task: 42 | Test: 0-sanidine-mace-matpes-r2scan | Nodo: lrdn0109.leonardo.local
GPU: NVIDIA A100-SXM-64GB
Wed Jul 22 15:21:09 CEST 2026
============================= test session starts ==============================
platform linux -- Python 3.12.13, pytest-9.1.0, pluggy-1.6.0 -- /leonardo/home/userexternal/mbenass1/ml-peg/.venv/bin/python
cachedir: .pytest_cache
rootdir: /leonardo/home/userexternal/mbenass1/ml-peg
configfile: pyproject.toml
plugins: anyio-4.14.0, typeguard-4.5.2, cov-4.1.0, dash-4.2.0, hydra-core-1.3.3
collecting ... collected 135 items / 134 deselected / 1 selected

ml_peg/calcs/molecular_dynamics/aluminosilicates_densities/calc_aluminosilicates_densities.py::test_aluminosilicates_densities[0-sanidine-mace-matpes-r2scan] Loading model from /leonardo/home/userexternal/mbenass1/ml-peg/ml_peg/models/models.yml: mace-matpes-r2scan
cuequivariance or cuequivariance_torch is not available. Cuequivariance acceleration will be disabled.
Using model under Academic Software License (ASL) license, see https://github.com/gabor1/ASL
 To use this model you accept the terms of the license.
Using Materials Project MACE for MACECalculator with /leonardo/home/userexternal/mbenass1/.cache/mace/MACEmatpesr2scanomatftmodel
Using float32 for MACECalculator, which is faster but less accurate. Recommended for MD. Use float64 for geometry optimization.
  density: 2.3763 g/cm3 | vol: 5401.64 A3
  density: 2.3834 g/cm3 | vol: 5385.60 A3
  density: 2.3963 g/cm3 | vol: 5356.71 A3
  density: 2.3948 g/cm3 | vol: 5359.92 A3
  density: 2.3821 g/cm3 | vol: 5388.50 A3
  density: 2.3957 g/cm3 | vol: 5357.96 A3
  density: 2.4026 g/cm3 | vol: 5342.54 A3
  density: 2.3938 g/cm3 | vol: 5362.17 A3
  density: 2.4067 g/cm3 | vol: 5333.55 A3
  density: 2.3915 g/cm3 | vol: 5367.26 A3
  density: 2.3752 g/cm3 | vol: 5404.28 A3
  density: 2.3913 g/cm3 | vol: 5367.83 A3
  density: 2.3893 g/cm3 | vol: 5372.29 A3
  density: 2.3932 g/cm3 | vol: 5363.52 A3
  density: 2.3845 g/cm3 | vol: 5383.05 A3
  density: 2.3978 g/cm3 | vol: 5353.20 A3
  density: 2.3746 g/cm3 | vol: 5405.66 A3
  density: 2.4096 g/cm3 | vol: 5326.95 A3
  density: 2.4024 g/cm3 | vol: 5343.11 A3
  density: 2.3897 g/cm3 | vol: 5371.38 A3
  density: 2.3952 g/cm3 | vol: 5358.99 A3
Final density (mace-matpes-r2scan, sanidine): 2.3917 +/- 0.0095 g/cm3
PASSED

=============================== warnings summary ===============================
ml_peg/calcs/molecular_dynamics/aluminosilicates_densities/calc_aluminosilicates_densities.py::test_aluminosilicates_densities[0-sanidine-mace-matpes-r2scan]
  /leonardo/home/userexternal/mbenass1/ml-peg/.venv/lib/python3.12/site-packages/e3nn/o3/_wigner.py:10: UserWarning: Environment variable TORCH_FORCE_NO_WEIGHTS_ONLY_LOAD detected, since the`weights_only` argument was not explicitly passed to `torch.load`, forcing weights_only=False.
    _Jd, _W3j_flat, _W3j_indices = torch.load(os.path.join(os.path.dirname(__file__), 'constants.pt'))

ml_peg/calcs/molecular_dynamics/aluminosilicates_densities/calc_aluminosilicates_densities.py::test_aluminosilicates_densities[0-sanidine-mace-matpes-r2scan]
  /leonardo/home/userexternal/mbenass1/ml-peg/.venv/lib/python3.12/site-packages/mace/calculators/mace.py:226: UserWarning: Environment variable TORCH_FORCE_NO_WEIGHTS_ONLY_LOAD detected, since the`weights_only` argument was not explicitly passed to `torch.load`, forcing weights_only=False.
    torch.load(f=model_path, map_location=device)

-- Docs: https://docs.pytest.org/en/stable/how-to/capture-warnings.html
===== 1 passed, 134 deselected, 2 warnings in 101894.59s (1 day, 4:18:14) ======
Task 42 completato.
Thu Jul 23 19:39:27 CEST 2026
