Task: 99 | Test: 0-albite-orb-v3-consv-inf-omat | Nodo: lrdn2491.leonardo.local
GPU: NVIDIA A100-SXM-64GB
Mon Jul 27 17:37:15 CEST 2026
============================= test session starts ==============================
platform linux -- Python 3.12.13, pytest-9.1.0, pluggy-1.6.0 -- /leonardo/home/userexternal/mbenass1/ml-peg/.venv/bin/python
cachedir: .pytest_cache
rootdir: /leonardo/home/userexternal/mbenass1/ml-peg
configfile: pyproject.toml
plugins: anyio-4.14.0, typeguard-4.5.2, cov-4.1.0, dash-4.2.0, hydra-core-1.3.3
collecting ... collected 135 items / 134 deselected / 1 selected

ml_peg/calcs/molecular_dynamics/aluminosilicates_densities/calc_aluminosilicates_densities.py::test_aluminosilicates_densities[0-albite-orb-v3-consv-inf-omat] Loading model from /leonardo/home/userexternal/mbenass1/ml-peg/ml_peg/models/models.yml: orb-v3-consv-inf-omat
  density: 2.1776 g/cm3 | vol: 5419.68 A3
  density: 2.1946 g/cm3 | vol: 5377.48 A3
  density: 2.1765 g/cm3 | vol: 5422.36 A3
  density: 2.1708 g/cm3 | vol: 5436.65 A3
  density: 2.1765 g/cm3 | vol: 5422.44 A3
  density: 2.1870 g/cm3 | vol: 5396.26 A3
  density: 2.1895 g/cm3 | vol: 5390.15 A3
  density: 2.1873 g/cm3 | vol: 5395.54 A3
  density: 2.1847 g/cm3 | vol: 5401.88 A3
  density: 2.1754 g/cm3 | vol: 5425.12 A3
  density: 2.1663 g/cm3 | vol: 5447.94 A3
  density: 2.1814 g/cm3 | vol: 5410.21 A3
  density: 2.1735 g/cm3 | vol: 5429.83 A3
  density: 2.1902 g/cm3 | vol: 5388.31 A3
  density: 2.1835 g/cm3 | vol: 5405.05 A3
  density: 2.1841 g/cm3 | vol: 5403.53 A3
  density: 2.1795 g/cm3 | vol: 5414.98 A3
  density: 2.1718 g/cm3 | vol: 5434.16 A3
  density: 2.1774 g/cm3 | vol: 5420.04 A3
  density: 2.1766 g/cm3 | vol: 5422.19 A3
  density: 2.1881 g/cm3 | vol: 5393.63 A3
Final density (orb-v3-consv-inf-omat, albite): 2.1806 +/- 0.0072 g/cm3
PASSED

=============================== warnings summary ===============================
ml_peg/calcs/molecular_dynamics/aluminosilicates_densities/calc_aluminosilicates_densities.py::test_aluminosilicates_densities[0-albite-orb-v3-consv-inf-omat]
  <frozen importlib._bootstrap>:488: DeprecationWarning: Type google._upb._message.MessageMapContainer uses PyType_Spec with a metaclass that has custom tp_new. This is deprecated and will no longer be allowed in Python 3.14.

ml_peg/calcs/molecular_dynamics/aluminosilicates_densities/calc_aluminosilicates_densities.py::test_aluminosilicates_densities[0-albite-orb-v3-consv-inf-omat]
  <frozen importlib._bootstrap>:488: DeprecationWarning: Type google._upb._message.ScalarMapContainer uses PyType_Spec with a metaclass that has custom tp_new. This is deprecated and will no longer be allowed in Python 3.14.

ml_peg/calcs/molecular_dynamics/aluminosilicates_densities/calc_aluminosilicates_densities.py::test_aluminosilicates_densities[0-albite-orb-v3-consv-inf-omat]
  /leonardo/home/userexternal/mbenass1/ml-peg/.venv/lib/python3.12/site-packages/orb_models/common/training/util.py:20: UserWarning: Setting global torch default dtype to torch.float64.
    warnings.warn(f"Setting global torch default dtype to {torch_dtype}.")

ml_peg/calcs/molecular_dynamics/aluminosilicates_densities/calc_aluminosilicates_densities.py::test_aluminosilicates_densities[0-albite-orb-v3-consv-inf-omat]
  /leonardo/home/userexternal/mbenass1/ml-peg/.venv/lib/python3.12/site-packages/orb_models/common/training/util.py:22: UserWarning: Consider passing 'precision=float32-high' for significantly higher (>2x) model throughput if high precision is not required.
    warnings.warn(

-- Docs: https://docs.pytest.org/en/stable/how-to/capture-warnings.html
===== 1 passed, 134 deselected, 4 warnings in 100884.96s (1 day, 4:01:24) ======
Task 99 completato.
Tue Jul 28 21:38:46 CEST 2026
