Task: 7 | Test: 1-sanidine-mattersim-5M | Nodo: lrdn2374.leonardo.local
GPU: NVIDIA A100-SXM-64GB
Sun Jul 19 07:39:48 CEST 2026
============================= test session starts ==============================
platform linux -- Python 3.12.13, pytest-9.1.0, pluggy-1.6.0 -- /leonardo/home/userexternal/mbenass1/ml-peg/.venv_mattersim/bin/python3
cachedir: .pytest_cache
rootdir: /leonardo/home/userexternal/mbenass1/ml-peg
configfile: pyproject.toml
plugins: anyio-4.14.0, typeguard-4.5.2, cov-4.1.0, dash-4.2.0, hydra-core-1.3.3
collecting ... collected 135 items / 134 deselected / 1 selected

ml_peg/calcs/molecular_dynamics/aluminosilicates_densities/calc_aluminosilicates_densities.py::test_aluminosilicates_densities[1-sanidine-mattersim-5M] Loading model from /leonardo/home/userexternal/mbenass1/ml-peg/ml_peg/models/models.yml: mattersim-5M
2026-07-19 07:40:07.267 | INFO     | mattersim.forcefield.potential:from_checkpoint:891 - Loading the pre-trained mattersim-v1.0.0-5M.pth model
  density: 2.1231 g/cm3 | vol: 6045.81 A3
  density: 2.1096 g/cm3 | vol: 6084.74 A3
  density: 2.1053 g/cm3 | vol: 6097.05 A3
  density: 2.1138 g/cm3 | vol: 6072.48 A3
  density: 2.1020 g/cm3 | vol: 6106.63 A3
  density: 2.1152 g/cm3 | vol: 6068.63 A3
  density: 2.1272 g/cm3 | vol: 6034.17 A3
  density: 2.1138 g/cm3 | vol: 6072.49 A3
  density: 2.1093 g/cm3 | vol: 6085.35 A3
  density: 2.1257 g/cm3 | vol: 6038.55 A3
  density: 2.1176 g/cm3 | vol: 6061.61 A3
  density: 2.1063 g/cm3 | vol: 6094.23 A3
  density: 2.0984 g/cm3 | vol: 6117.02 A3
  density: 2.1178 g/cm3 | vol: 6060.99 A3
  density: 2.1089 g/cm3 | vol: 6086.69 A3
  density: 2.1151 g/cm3 | vol: 6068.87 A3
  density: 2.1068 g/cm3 | vol: 6092.64 A3
  density: 2.1241 g/cm3 | vol: 6042.97 A3
  density: 2.1148 g/cm3 | vol: 6069.54 A3
  density: 2.1121 g/cm3 | vol: 6077.35 A3
  density: 2.1049 g/cm3 | vol: 6098.32 A3
Final density (mattersim-5M, sanidine): 2.1129 +/- 0.0077 g/cm3
PASSED

=============================== warnings summary ===============================
ml_peg/calcs/molecular_dynamics/aluminosilicates_densities/calc_aluminosilicates_densities.py::test_aluminosilicates_densities[1-sanidine-mattersim-5M]
  /leonardo/home/userexternal/mbenass1/ml-peg/.venv_mattersim/lib/python3.12/site-packages/mattersim/forcefield/potential.py:896: UserWarning: Environment variable TORCH_FORCE_NO_WEIGHTS_ONLY_LOAD detected, since the`weights_only` argument was not explicitly passed to `torch.load`, forcing weights_only=False.
    checkpoint = torch.load(load_path, map_location=device)

-- Docs: https://docs.pytest.org/en/stable/how-to/capture-warnings.html
========= 1 passed, 134 deselected, 1 warning in 52904.02s (14:41:44) ==========
Task 7 completato.
Sun Jul 19 22:21:37 CEST 2026
