Task: 79 | Test: 1-sanidine-mace-polar-1-s | Nodo: lrdn2025.leonardo.local
GPU: NVIDIA A100-SXM-64GB
Tue Jul 28 08:21:54 CEST 2026
============================= test session starts ==============================
platform linux -- Python 3.12.13, pytest-9.1.0, pluggy-1.6.0 -- /leonardo/home/userexternal/mbenass1/ml-peg/.venv/bin/python
cachedir: .pytest_cache
rootdir: /leonardo/home/userexternal/mbenass1/ml-peg
configfile: pyproject.toml
plugins: anyio-4.14.0, typeguard-4.5.2, cov-4.1.0, dash-4.2.0, hydra-core-1.3.3
collecting ... collected 135 items / 134 deselected / 1 selected

ml_peg/calcs/molecular_dynamics/aluminosilicates_densities/calc_aluminosilicates_densities.py::test_aluminosilicates_densities[1-sanidine-mace-polar-1-s] Loading model from /leonardo/home/userexternal/mbenass1/ml-peg/ml_peg/models/models.yml: mace-polar-1-s
cuequivariance or cuequivariance_torch is not available. Cuequivariance acceleration will be disabled.
Using MACE-Polar model for MACECalculator with /leonardo/home/userexternal/mbenass1/.cache/mace/MACEPOLAR1Smodel
  density: 2.4011 g/cm3 | vol: 5345.81 A3
  density: 2.3986 g/cm3 | vol: 5351.50 A3
  density: 2.3975 g/cm3 | vol: 5354.04 A3
  density: 2.4038 g/cm3 | vol: 5339.87 A3
  density: 2.4041 g/cm3 | vol: 5339.21 A3
  density: 2.3881 g/cm3 | vol: 5374.95 A3
  density: 2.4086 g/cm3 | vol: 5329.24 A3
  density: 2.3800 g/cm3 | vol: 5393.25 A3
  density: 2.3987 g/cm3 | vol: 5351.37 A3
  density: 2.4072 g/cm3 | vol: 5332.40 A3
  density: 2.3964 g/cm3 | vol: 5356.29 A3
  density: 2.3966 g/cm3 | vol: 5355.87 A3
  density: 2.3816 g/cm3 | vol: 5389.60 A3
  density: 2.4113 g/cm3 | vol: 5323.28 A3
  density: 2.3966 g/cm3 | vol: 5355.85 A3
  density: 2.3988 g/cm3 | vol: 5350.98 A3
  density: 2.4046 g/cm3 | vol: 5338.04 A3
  density: 2.3911 g/cm3 | vol: 5368.37 A3
  density: 2.3807 g/cm3 | vol: 5391.66 A3
  density: 2.4026 g/cm3 | vol: 5342.48 A3
  density: 2.4056 g/cm3 | vol: 5336.01 A3
Final density (mace-polar-1-s, sanidine): 2.3978 +/- 0.0088 g/cm3
PASSED

=============================== warnings summary ===============================
ml_peg/calcs/molecular_dynamics/aluminosilicates_densities/calc_aluminosilicates_densities.py::test_aluminosilicates_densities[1-sanidine-mace-polar-1-s]
  /leonardo/home/userexternal/mbenass1/ml-peg/.venv/lib/python3.12/site-packages/e3nn/o3/_wigner.py:10: UserWarning: Environment variable TORCH_FORCE_NO_WEIGHTS_ONLY_LOAD detected, since the`weights_only` argument was not explicitly passed to `torch.load`, forcing weights_only=False.
    _Jd, _W3j_flat, _W3j_indices = torch.load(os.path.join(os.path.dirname(__file__), 'constants.pt'))

ml_peg/calcs/molecular_dynamics/aluminosilicates_densities/calc_aluminosilicates_densities.py::test_aluminosilicates_densities[1-sanidine-mace-polar-1-s]
  /leonardo/home/userexternal/mbenass1/ml-peg/.venv/lib/python3.12/site-packages/mace/calculators/mace.py:226: UserWarning: Environment variable TORCH_FORCE_NO_WEIGHTS_ONLY_LOAD detected, since the`weights_only` argument was not explicitly passed to `torch.load`, forcing weights_only=False.
    torch.load(f=model_path, map_location=device)

-- Docs: https://docs.pytest.org/en/stable/how-to/capture-warnings.html
===== 1 passed, 134 deselected, 2 warnings in 126395.33s (1 day, 11:06:35) =====
Task 79 completato.
Wed Jul 29 19:28:35 CEST 2026
