Task: 18 | Test: 0-albite-mace-mpa-0 | Nodo: lrdn0053.leonardo.local
GPU: NVIDIA A100-SXM-64GB
Mon Jul 20 03:12:19 CEST 2026
============================= test session starts ==============================
platform linux -- Python 3.12.13, pytest-9.1.0, pluggy-1.6.0 -- /leonardo/home/userexternal/mbenass1/ml-peg/.venv/bin/python
cachedir: .pytest_cache
rootdir: /leonardo/home/userexternal/mbenass1/ml-peg
configfile: pyproject.toml
plugins: anyio-4.14.0, typeguard-4.5.2, cov-4.1.0, dash-4.2.0, hydra-core-1.3.3
collecting ... collected 135 items / 134 deselected / 1 selected

ml_peg/calcs/molecular_dynamics/aluminosilicates_densities/calc_aluminosilicates_densities.py::test_aluminosilicates_densities[0-albite-mace-mpa-0] Loading model from /leonardo/home/userexternal/mbenass1/ml-peg/ml_peg/models/models.yml: mace-mpa-0
cuequivariance or cuequivariance_torch is not available. Cuequivariance acceleration will be disabled.
Using medium MPA-0 model as default MACE-MP model, to use previous (before 3.10) default model please specify 'medium' as model argument
Using Materials Project MACE for MACECalculator with /leonardo/home/userexternal/mbenass1/.cache/mace/macempa0mediummodel
Using float32 for MACECalculator, which is faster but less accurate. Recommended for MD. Use float64 for geometry optimization.
  density: 2.2113 g/cm3 | vol: 5337.01 A3
  density: 2.1916 g/cm3 | vol: 5384.87 A3
  density: 2.2029 g/cm3 | vol: 5357.41 A3
  density: 2.2013 g/cm3 | vol: 5361.17 A3
  density: 2.2012 g/cm3 | vol: 5361.41 A3
  density: 2.2099 g/cm3 | vol: 5340.44 A3
  density: 2.2228 g/cm3 | vol: 5309.38 A3
  density: 2.2061 g/cm3 | vol: 5349.48 A3
  density: 2.1983 g/cm3 | vol: 5368.52 A3
  density: 2.2009 g/cm3 | vol: 5362.12 A3
  density: 2.2062 g/cm3 | vol: 5349.32 A3
  density: 2.2024 g/cm3 | vol: 5358.45 A3
  density: 2.1919 g/cm3 | vol: 5384.24 A3
  density: 2.1978 g/cm3 | vol: 5369.67 A3
  density: 2.2189 g/cm3 | vol: 5318.82 A3
  density: 2.2050 g/cm3 | vol: 5352.27 A3
  density: 2.2081 g/cm3 | vol: 5344.78 A3
  density: 2.2040 g/cm3 | vol: 5354.72 A3
  density: 2.2193 g/cm3 | vol: 5317.74 A3
  density: 2.2154 g/cm3 | vol: 5327.05 A3
  density: 2.2021 g/cm3 | vol: 5359.30 A3
Final density (mace-mpa-0, albite): 2.2056 +/- 0.0082 g/cm3
PASSED

=============================== warnings summary ===============================
ml_peg/calcs/molecular_dynamics/aluminosilicates_densities/calc_aluminosilicates_densities.py::test_aluminosilicates_densities[0-albite-mace-mpa-0]
  /leonardo/home/userexternal/mbenass1/ml-peg/.venv/lib/python3.12/site-packages/e3nn/o3/_wigner.py:10: UserWarning: Environment variable TORCH_FORCE_NO_WEIGHTS_ONLY_LOAD detected, since the`weights_only` argument was not explicitly passed to `torch.load`, forcing weights_only=False.
    _Jd, _W3j_flat, _W3j_indices = torch.load(os.path.join(os.path.dirname(__file__), 'constants.pt'))

ml_peg/calcs/molecular_dynamics/aluminosilicates_densities/calc_aluminosilicates_densities.py::test_aluminosilicates_densities[0-albite-mace-mpa-0]
  /leonardo/home/userexternal/mbenass1/ml-peg/.venv/lib/python3.12/site-packages/mace/calculators/mace.py:226: UserWarning: Environment variable TORCH_FORCE_NO_WEIGHTS_ONLY_LOAD detected, since the`weights_only` argument was not explicitly passed to `torch.load`, forcing weights_only=False.
    torch.load(f=model_path, map_location=device)

-- Docs: https://docs.pytest.org/en/stable/how-to/capture-warnings.html
===== 1 passed, 134 deselected, 2 warnings in 100987.23s (1 day, 4:03:07) ======
Task 18 completato.
Tue Jul 21 07:15:30 CEST 2026
