Task: 29 | Test: 2-albite-mace-omat-0 | Nodo: lrdn0053.leonardo.local
GPU: NVIDIA A100-SXM-64GB
Tue Jul 21 07:15:53 CEST 2026
============================= test session starts ==============================
platform linux -- Python 3.12.13, pytest-9.1.0, pluggy-1.6.0 -- /leonardo/home/userexternal/mbenass1/ml-peg/.venv/bin/python
cachedir: .pytest_cache
rootdir: /leonardo/home/userexternal/mbenass1/ml-peg
configfile: pyproject.toml
plugins: anyio-4.14.0, typeguard-4.5.2, cov-4.1.0, dash-4.2.0, hydra-core-1.3.3
collecting ... collected 135 items / 134 deselected / 1 selected

ml_peg/calcs/molecular_dynamics/aluminosilicates_densities/calc_aluminosilicates_densities.py::test_aluminosilicates_densities[2-albite-mace-omat-0] Loading model from /leonardo/home/userexternal/mbenass1/ml-peg/ml_peg/models/models.yml: mace-omat-0
cuequivariance or cuequivariance_torch is not available. Cuequivariance acceleration will be disabled.
Using model under Academic Software License (ASL) license, see https://github.com/gabor1/ASL
 To use this model you accept the terms of the license.
Using Materials Project MACE for MACECalculator with /leonardo/home/userexternal/mbenass1/.cache/mace/maceomat0mediummodel
Using float32 for MACECalculator, which is faster but less accurate. Recommended for MD. Use float64 for geometry optimization.
  density: 2.0936 g/cm3 | vol: 5637.15 A3
  density: 2.0935 g/cm3 | vol: 5637.32 A3
  density: 2.0954 g/cm3 | vol: 5632.25 A3
  density: 2.0925 g/cm3 | vol: 5640.06 A3
  density: 2.0943 g/cm3 | vol: 5635.05 A3
  density: 2.1002 g/cm3 | vol: 5619.28 A3
  density: 2.1022 g/cm3 | vol: 5613.91 A3
  density: 2.0949 g/cm3 | vol: 5633.53 A3
  density: 2.1012 g/cm3 | vol: 5616.57 A3
  density: 2.1017 g/cm3 | vol: 5615.43 A3
  density: 2.1043 g/cm3 | vol: 5608.38 A3
  density: 2.0943 g/cm3 | vol: 5635.05 A3
  density: 2.0967 g/cm3 | vol: 5628.82 A3
  density: 2.1083 g/cm3 | vol: 5597.61 A3
  density: 2.0842 g/cm3 | vol: 5662.43 A3
  density: 2.0989 g/cm3 | vol: 5622.91 A3
  density: 2.0955 g/cm3 | vol: 5631.82 A3
  density: 2.0988 g/cm3 | vol: 5623.17 A3
  density: 2.1082 g/cm3 | vol: 5598.03 A3
  density: 2.0996 g/cm3 | vol: 5621.02 A3
  density: 2.1064 g/cm3 | vol: 5602.85 A3
Final density (mace-omat-0, albite): 2.0983 +/- 0.0057 g/cm3
PASSED

=============================== warnings summary ===============================
ml_peg/calcs/molecular_dynamics/aluminosilicates_densities/calc_aluminosilicates_densities.py::test_aluminosilicates_densities[2-albite-mace-omat-0]
  /leonardo/home/userexternal/mbenass1/ml-peg/.venv/lib/python3.12/site-packages/e3nn/o3/_wigner.py:10: UserWarning: Environment variable TORCH_FORCE_NO_WEIGHTS_ONLY_LOAD detected, since the`weights_only` argument was not explicitly passed to `torch.load`, forcing weights_only=False.
    _Jd, _W3j_flat, _W3j_indices = torch.load(os.path.join(os.path.dirname(__file__), 'constants.pt'))

ml_peg/calcs/molecular_dynamics/aluminosilicates_densities/calc_aluminosilicates_densities.py::test_aluminosilicates_densities[2-albite-mace-omat-0]
  /leonardo/home/userexternal/mbenass1/ml-peg/.venv/lib/python3.12/site-packages/mace/calculators/mace.py:226: UserWarning: Environment variable TORCH_FORCE_NO_WEIGHTS_ONLY_LOAD detected, since the`weights_only` argument was not explicitly passed to `torch.load`, forcing weights_only=False.
    torch.load(f=model_path, map_location=device)

-- Docs: https://docs.pytest.org/en/stable/how-to/capture-warnings.html
===== 1 passed, 134 deselected, 2 warnings in 100348.01s (1 day, 3:52:28) ======
Task 29 completato.
Wed Jul 22 11:08:25 CEST 2026
