Task: 103 | Test: 1-anorthite-orb-v3-consv-inf-omat | Nodo: lrdn3153.leonardo.local
GPU: NVIDIA A100-SXM-64GB
Fri Jul 24 09:11:11 CEST 2026
============================= test session starts ==============================
platform linux -- Python 3.12.13, pytest-9.1.0, pluggy-1.6.0 -- /leonardo/home/userexternal/mbenass1/ml-peg/.venv/bin/python
cachedir: .pytest_cache
rootdir: /leonardo/home/userexternal/mbenass1/ml-peg
configfile: pyproject.toml
plugins: anyio-4.14.0, typeguard-4.5.2, cov-4.1.0, dash-4.2.0, hydra-core-1.3.3
collecting ... collected 135 items / 134 deselected / 1 selected

ml_peg/calcs/molecular_dynamics/aluminosilicates_densities/calc_aluminosilicates_densities.py::test_aluminosilicates_densities[1-anorthite-orb-v3-consv-inf-omat] Loading model from /leonardo/home/userexternal/mbenass1/ml-peg/ml_peg/models/models.yml: orb-v3-consv-inf-omat
  density: 2.3715 g/cm3 | vol: 5258.51 A3
  density: 2.3720 g/cm3 | vol: 5257.39 A3
  density: 2.3689 g/cm3 | vol: 5264.35 A3
  density: 2.3701 g/cm3 | vol: 5261.79 A3
  density: 2.3636 g/cm3 | vol: 5276.07 A3
  density: 2.3574 g/cm3 | vol: 5289.94 A3
  density: 2.3713 g/cm3 | vol: 5258.93 A3
  density: 2.3670 g/cm3 | vol: 5268.64 A3
  density: 2.3533 g/cm3 | vol: 5299.19 A3
  density: 2.3798 g/cm3 | vol: 5240.30 A3
  density: 2.3610 g/cm3 | vol: 5282.07 A3
  density: 2.3654 g/cm3 | vol: 5272.16 A3
  density: 2.3699 g/cm3 | vol: 5262.18 A3
  density: 2.3587 g/cm3 | vol: 5287.21 A3
  density: 2.3618 g/cm3 | vol: 5280.17 A3
  density: 2.3702 g/cm3 | vol: 5261.54 A3
  density: 2.3800 g/cm3 | vol: 5239.89 A3
  density: 2.3690 g/cm3 | vol: 5264.18 A3
  density: 2.3702 g/cm3 | vol: 5261.38 A3
  density: 2.3740 g/cm3 | vol: 5253.02 A3
  density: 2.3657 g/cm3 | vol: 5271.43 A3
Final density (orb-v3-consv-inf-omat, anorthite): 2.3677 +/- 0.0066 g/cm3
PASSED

=============================== warnings summary ===============================
ml_peg/calcs/molecular_dynamics/aluminosilicates_densities/calc_aluminosilicates_densities.py::test_aluminosilicates_densities[1-anorthite-orb-v3-consv-inf-omat]
  <frozen importlib._bootstrap>:488: DeprecationWarning: Type google._upb._message.MessageMapContainer uses PyType_Spec with a metaclass that has custom tp_new. This is deprecated and will no longer be allowed in Python 3.14.

ml_peg/calcs/molecular_dynamics/aluminosilicates_densities/calc_aluminosilicates_densities.py::test_aluminosilicates_densities[1-anorthite-orb-v3-consv-inf-omat]
  <frozen importlib._bootstrap>:488: DeprecationWarning: Type google._upb._message.ScalarMapContainer uses PyType_Spec with a metaclass that has custom tp_new. This is deprecated and will no longer be allowed in Python 3.14.

ml_peg/calcs/molecular_dynamics/aluminosilicates_densities/calc_aluminosilicates_densities.py::test_aluminosilicates_densities[1-anorthite-orb-v3-consv-inf-omat]
  /leonardo/home/userexternal/mbenass1/ml-peg/.venv/lib/python3.12/site-packages/orb_models/common/training/util.py:20: UserWarning: Setting global torch default dtype to torch.float64.
    warnings.warn(f"Setting global torch default dtype to {torch_dtype}.")

ml_peg/calcs/molecular_dynamics/aluminosilicates_densities/calc_aluminosilicates_densities.py::test_aluminosilicates_densities[1-anorthite-orb-v3-consv-inf-omat]
  /leonardo/home/userexternal/mbenass1/ml-peg/.venv/lib/python3.12/site-packages/orb_models/common/training/util.py:22: UserWarning: Consider passing 'precision=float32-high' for significantly higher (>2x) model throughput if high precision is not required.
    warnings.warn(

-- Docs: https://docs.pytest.org/en/stable/how-to/capture-warnings.html
====== 1 passed, 134 deselected, 4 warnings in 99606.41s (1 day, 3:40:06) ======
Task 103 completato.
Sat Jul 25 12:51:24 CEST 2026
