Task: 5 | Test: 2-anorthite-mattersim-5M | Nodo: lrdn0186.leonardo.local
GPU: NVIDIA A100-SXM-64GB
Sun Jul 19 02:16:11 CEST 2026
============================= test session starts ==============================
platform linux -- Python 3.12.13, pytest-9.1.0, pluggy-1.6.0 -- /leonardo/home/userexternal/mbenass1/ml-peg/.venv_mattersim/bin/python3
cachedir: .pytest_cache
rootdir: /leonardo/home/userexternal/mbenass1/ml-peg
configfile: pyproject.toml
plugins: anyio-4.14.0, typeguard-4.5.2, cov-4.1.0, dash-4.2.0, hydra-core-1.3.3
collecting ... collected 135 items / 134 deselected / 1 selected

ml_peg/calcs/molecular_dynamics/aluminosilicates_densities/calc_aluminosilicates_densities.py::test_aluminosilicates_densities[2-anorthite-mattersim-5M] Loading model from /leonardo/home/userexternal/mbenass1/ml-peg/ml_peg/models/models.yml: mattersim-5M
2026-07-19 02:16:29.547 | INFO     | mattersim.forcefield.potential:from_checkpoint:891 - Loading the pre-trained mattersim-v1.0.0-5M.pth model
  density: 2.4728 g/cm3 | vol: 5043.20 A3
  density: 2.4620 g/cm3 | vol: 5065.31 A3
  density: 2.4677 g/cm3 | vol: 5053.54 A3
  density: 2.4641 g/cm3 | vol: 5060.97 A3
  density: 2.4720 g/cm3 | vol: 5044.76 A3
  density: 2.4675 g/cm3 | vol: 5054.06 A3
  density: 2.4726 g/cm3 | vol: 5043.58 A3
  density: 2.4732 g/cm3 | vol: 5042.32 A3
  density: 2.4750 g/cm3 | vol: 5038.59 A3
  density: 2.4434 g/cm3 | vol: 5103.75 A3
  density: 2.4661 g/cm3 | vol: 5056.77 A3
  density: 2.4662 g/cm3 | vol: 5056.65 A3
  density: 2.4832 g/cm3 | vol: 5022.13 A3
  density: 2.4632 g/cm3 | vol: 5062.83 A3
  density: 2.4813 g/cm3 | vol: 5025.85 A3
  density: 2.4541 g/cm3 | vol: 5081.58 A3
  density: 2.4650 g/cm3 | vol: 5059.03 A3
  density: 2.4492 g/cm3 | vol: 5091.83 A3
  density: 2.4703 g/cm3 | vol: 5048.16 A3
  density: 2.4715 g/cm3 | vol: 5045.82 A3
  density: 2.4649 g/cm3 | vol: 5059.30 A3
Final density (mattersim-5M, anorthite): 2.4669 +/- 0.0092 g/cm3
PASSED

=============================== warnings summary ===============================
ml_peg/calcs/molecular_dynamics/aluminosilicates_densities/calc_aluminosilicates_densities.py::test_aluminosilicates_densities[2-anorthite-mattersim-5M]
  /leonardo/home/userexternal/mbenass1/ml-peg/.venv_mattersim/lib/python3.12/site-packages/mattersim/forcefield/potential.py:896: UserWarning: Environment variable TORCH_FORCE_NO_WEIGHTS_ONLY_LOAD detected, since the`weights_only` argument was not explicitly passed to `torch.load`, forcing weights_only=False.
    checkpoint = torch.load(load_path, map_location=device)

-- Docs: https://docs.pytest.org/en/stable/how-to/capture-warnings.html
========= 1 passed, 134 deselected, 1 warning in 61423.27s (17:03:43) ==========
Task 5 completato.
Sun Jul 19 19:20:00 CEST 2026
