Task: 37 | Test: 1-albite-mace-matpes-r2scan | Nodo: lrdn0130.leonardo.local
GPU: NVIDIA A100-SXM-64GB
Wed Jul 22 09:14:20 CEST 2026
============================= test session starts ==============================
platform linux -- Python 3.12.13, pytest-9.1.0, pluggy-1.6.0 -- /leonardo/home/userexternal/mbenass1/ml-peg/.venv/bin/python
cachedir: .pytest_cache
rootdir: /leonardo/home/userexternal/mbenass1/ml-peg
configfile: pyproject.toml
plugins: anyio-4.14.0, typeguard-4.5.2, cov-4.1.0, dash-4.2.0, hydra-core-1.3.3
collecting ... collected 135 items / 134 deselected / 1 selected

ml_peg/calcs/molecular_dynamics/aluminosilicates_densities/calc_aluminosilicates_densities.py::test_aluminosilicates_densities[1-albite-mace-matpes-r2scan] Loading model from /leonardo/home/userexternal/mbenass1/ml-peg/ml_peg/models/models.yml: mace-matpes-r2scan
cuequivariance or cuequivariance_torch is not available. Cuequivariance acceleration will be disabled.
Using model under Academic Software License (ASL) license, see https://github.com/gabor1/ASL
 To use this model you accept the terms of the license.
Using Materials Project MACE for MACECalculator with /leonardo/home/userexternal/mbenass1/.cache/mace/MACEmatpesr2scanomatftmodel
Using float32 for MACECalculator, which is faster but less accurate. Recommended for MD. Use float64 for geometry optimization.
  density: 2.3233 g/cm3 | vol: 5079.80 A3
  density: 2.3239 g/cm3 | vol: 5078.48 A3
  density: 2.3367 g/cm3 | vol: 5050.64 A3
  density: 2.3319 g/cm3 | vol: 5060.97 A3
  density: 2.3246 g/cm3 | vol: 5076.92 A3
  density: 2.3271 g/cm3 | vol: 5071.44 A3
  density: 2.3326 g/cm3 | vol: 5059.49 A3
  density: 2.3294 g/cm3 | vol: 5066.41 A3
  density: 2.3309 g/cm3 | vol: 5063.17 A3
  density: 2.3314 g/cm3 | vol: 5062.12 A3
  density: 2.3297 g/cm3 | vol: 5065.76 A3
  density: 2.3498 g/cm3 | vol: 5022.47 A3
  density: 2.3297 g/cm3 | vol: 5065.81 A3
  density: 2.3484 g/cm3 | vol: 5025.32 A3
  density: 2.3275 g/cm3 | vol: 5070.57 A3
  density: 2.3358 g/cm3 | vol: 5052.61 A3
  density: 2.3291 g/cm3 | vol: 5067.00 A3
  density: 2.3266 g/cm3 | vol: 5072.60 A3
  density: 2.3099 g/cm3 | vol: 5109.10 A3
  density: 2.3263 g/cm3 | vol: 5073.21 A3
  density: 2.3277 g/cm3 | vol: 5070.09 A3
Final density (mace-matpes-r2scan, albite): 2.3301 +/- 0.0081 g/cm3
PASSED

=============================== warnings summary ===============================
ml_peg/calcs/molecular_dynamics/aluminosilicates_densities/calc_aluminosilicates_densities.py::test_aluminosilicates_densities[1-albite-mace-matpes-r2scan]
  /leonardo/home/userexternal/mbenass1/ml-peg/.venv/lib/python3.12/site-packages/e3nn/o3/_wigner.py:10: UserWarning: Environment variable TORCH_FORCE_NO_WEIGHTS_ONLY_LOAD detected, since the`weights_only` argument was not explicitly passed to `torch.load`, forcing weights_only=False.
    _Jd, _W3j_flat, _W3j_indices = torch.load(os.path.join(os.path.dirname(__file__), 'constants.pt'))

ml_peg/calcs/molecular_dynamics/aluminosilicates_densities/calc_aluminosilicates_densities.py::test_aluminosilicates_densities[1-albite-mace-matpes-r2scan]
  /leonardo/home/userexternal/mbenass1/ml-peg/.venv/lib/python3.12/site-packages/mace/calculators/mace.py:226: UserWarning: Environment variable TORCH_FORCE_NO_WEIGHTS_ONLY_LOAD detected, since the`weights_only` argument was not explicitly passed to `torch.load`, forcing weights_only=False.
    torch.load(f=model_path, map_location=device)

-- Docs: https://docs.pytest.org/en/stable/how-to/capture-warnings.html
===== 1 passed, 134 deselected, 2 warnings in 102607.06s (1 day, 4:30:07) ======
Task 37 completato.
Thu Jul 23 13:44:32 CEST 2026
