Task: 46 | Test: 1-albite-mace-mh-1-omat | Nodo: lrdn0017.leonardo.local
GPU: NVIDIA A100-SXM-64GB
Thu Jul 23 05:35:59 CEST 2026
============================= test session starts ==============================
platform linux -- Python 3.12.13, pytest-9.1.0, pluggy-1.6.0 -- /leonardo/home/userexternal/mbenass1/ml-peg/.venv/bin/python
cachedir: .pytest_cache
rootdir: /leonardo/home/userexternal/mbenass1/ml-peg
configfile: pyproject.toml
plugins: anyio-4.14.0, typeguard-4.5.2, cov-4.1.0, dash-4.2.0, hydra-core-1.3.3
collecting ... collected 135 items / 134 deselected / 1 selected

ml_peg/calcs/molecular_dynamics/aluminosilicates_densities/calc_aluminosilicates_densities.py::test_aluminosilicates_densities[1-albite-mace-mh-1-omat] Loading model from /leonardo/home/userexternal/mbenass1/ml-peg/ml_peg/models/models.yml: mace-mh-1-omat
cuequivariance or cuequivariance_torch is not available. Cuequivariance acceleration will be disabled.
Using Materials Project MACE for MACECalculator with /leonardo/home/userexternal/mbenass1/.cache/mace/macemh1model
Using float32 for MACECalculator, which is faster but less accurate. Recommended for MD. Use float64 for geometry optimization.
  density: 2.1883 g/cm3 | vol: 5392.96 A3
  density: 2.1795 g/cm3 | vol: 5414.85 A3
  density: 2.1852 g/cm3 | vol: 5400.68 A3
  density: 2.1862 g/cm3 | vol: 5398.18 A3
  density: 2.2100 g/cm3 | vol: 5340.09 A3
  density: 2.1984 g/cm3 | vol: 5368.20 A3
  density: 2.2080 g/cm3 | vol: 5345.04 A3
  density: 2.1885 g/cm3 | vol: 5392.56 A3
  density: 2.1906 g/cm3 | vol: 5387.40 A3
  density: 2.1809 g/cm3 | vol: 5411.33 A3
  density: 2.1908 g/cm3 | vol: 5386.93 A3
  density: 2.1865 g/cm3 | vol: 5397.48 A3
  density: 2.1931 g/cm3 | vol: 5381.26 A3
  density: 2.1916 g/cm3 | vol: 5384.88 A3
  density: 2.2024 g/cm3 | vol: 5358.56 A3
  density: 2.1975 g/cm3 | vol: 5370.56 A3
  density: 2.1850 g/cm3 | vol: 5401.31 A3
  density: 2.1874 g/cm3 | vol: 5395.27 A3
  density: 2.1862 g/cm3 | vol: 5398.30 A3
  density: 2.1816 g/cm3 | vol: 5409.61 A3
  density: 2.1941 g/cm3 | vol: 5378.88 A3
Final density (mace-mh-1-omat, albite): 2.1910 +/- 0.0081 g/cm3
PASSED

=============================== warnings summary ===============================
ml_peg/calcs/molecular_dynamics/aluminosilicates_densities/calc_aluminosilicates_densities.py::test_aluminosilicates_densities[1-albite-mace-mh-1-omat]
  /leonardo/home/userexternal/mbenass1/ml-peg/.venv/lib/python3.12/site-packages/e3nn/o3/_wigner.py:10: UserWarning: Environment variable TORCH_FORCE_NO_WEIGHTS_ONLY_LOAD detected, since the`weights_only` argument was not explicitly passed to `torch.load`, forcing weights_only=False.
    _Jd, _W3j_flat, _W3j_indices = torch.load(os.path.join(os.path.dirname(__file__), 'constants.pt'))

ml_peg/calcs/molecular_dynamics/aluminosilicates_densities/calc_aluminosilicates_densities.py::test_aluminosilicates_densities[1-albite-mace-mh-1-omat]
  /leonardo/home/userexternal/mbenass1/ml-peg/.venv/lib/python3.12/site-packages/mace/calculators/mace.py:226: UserWarning: Environment variable TORCH_FORCE_NO_WEIGHTS_ONLY_LOAD detected, since the`weights_only` argument was not explicitly passed to `torch.load`, forcing weights_only=False.
    torch.load(f=model_path, map_location=device)

-- Docs: https://docs.pytest.org/en/stable/how-to/capture-warnings.html
===== 1 passed, 134 deselected, 2 warnings in 128959.51s (1 day, 11:49:19) =====
Task 46 completato.
Fri Jul 24 17:25:22 CEST 2026
