Task: 41 | Test: 2-anorthite-mace-matpes-r2scan | Nodo: lrdn0085.leonardo.local
GPU: NVIDIA A100-SXM-64GB
Wed Jul 22 15:08:10 CEST 2026
============================= test session starts ==============================
platform linux -- Python 3.12.13, pytest-9.1.0, pluggy-1.6.0 -- /leonardo/home/userexternal/mbenass1/ml-peg/.venv/bin/python
cachedir: .pytest_cache
rootdir: /leonardo/home/userexternal/mbenass1/ml-peg
configfile: pyproject.toml
plugins: anyio-4.14.0, typeguard-4.5.2, cov-4.1.0, dash-4.2.0, hydra-core-1.3.3
collecting ... collected 135 items / 134 deselected / 1 selected

ml_peg/calcs/molecular_dynamics/aluminosilicates_densities/calc_aluminosilicates_densities.py::test_aluminosilicates_densities[2-anorthite-mace-matpes-r2scan] Loading model from /leonardo/home/userexternal/mbenass1/ml-peg/ml_peg/models/models.yml: mace-matpes-r2scan
cuequivariance or cuequivariance_torch is not available. Cuequivariance acceleration will be disabled.
Using model under Academic Software License (ASL) license, see https://github.com/gabor1/ASL
 To use this model you accept the terms of the license.
Using Materials Project MACE for MACECalculator with /leonardo/home/userexternal/mbenass1/.cache/mace/MACEmatpesr2scanomatftmodel
Using float32 for MACECalculator, which is faster but less accurate. Recommended for MD. Use float64 for geometry optimization.
  density: 2.6294 g/cm3 | vol: 4742.78 A3
  density: 2.6318 g/cm3 | vol: 4738.47 A3
  density: 2.6182 g/cm3 | vol: 4763.17 A3
  density: 2.6215 g/cm3 | vol: 4757.14 A3
  density: 2.6328 g/cm3 | vol: 4736.73 A3
  density: 2.6238 g/cm3 | vol: 4752.93 A3
  density: 2.6320 g/cm3 | vol: 4738.12 A3
  density: 2.6171 g/cm3 | vol: 4765.04 A3
  density: 2.6314 g/cm3 | vol: 4739.23 A3
  density: 2.6195 g/cm3 | vol: 4760.65 A3
  density: 2.6287 g/cm3 | vol: 4744.10 A3
  density: 2.6099 g/cm3 | vol: 4778.24 A3
  density: 2.6151 g/cm3 | vol: 4768.66 A3
  density: 2.6183 g/cm3 | vol: 4762.87 A3
  density: 2.6203 g/cm3 | vol: 4759.26 A3
  density: 2.6042 g/cm3 | vol: 4788.77 A3
  density: 2.6210 g/cm3 | vol: 4758.04 A3
  density: 2.6392 g/cm3 | vol: 4725.18 A3
  density: 2.6277 g/cm3 | vol: 4745.95 A3
  density: 2.6386 g/cm3 | vol: 4726.35 A3
  density: 2.6266 g/cm3 | vol: 4747.86 A3
Final density (mace-matpes-r2scan, anorthite): 2.6241 +/- 0.0087 g/cm3
PASSED

=============================== warnings summary ===============================
ml_peg/calcs/molecular_dynamics/aluminosilicates_densities/calc_aluminosilicates_densities.py::test_aluminosilicates_densities[2-anorthite-mace-matpes-r2scan]
  /leonardo/home/userexternal/mbenass1/ml-peg/.venv/lib/python3.12/site-packages/e3nn/o3/_wigner.py:10: UserWarning: Environment variable TORCH_FORCE_NO_WEIGHTS_ONLY_LOAD detected, since the`weights_only` argument was not explicitly passed to `torch.load`, forcing weights_only=False.
    _Jd, _W3j_flat, _W3j_indices = torch.load(os.path.join(os.path.dirname(__file__), 'constants.pt'))

ml_peg/calcs/molecular_dynamics/aluminosilicates_densities/calc_aluminosilicates_densities.py::test_aluminosilicates_densities[2-anorthite-mace-matpes-r2scan]
  /leonardo/home/userexternal/mbenass1/ml-peg/.venv/lib/python3.12/site-packages/mace/calculators/mace.py:226: UserWarning: Environment variable TORCH_FORCE_NO_WEIGHTS_ONLY_LOAD detected, since the`weights_only` argument was not explicitly passed to `torch.load`, forcing weights_only=False.
    torch.load(f=model_path, map_location=device)

-- Docs: https://docs.pytest.org/en/stable/how-to/capture-warnings.html
===== 1 passed, 134 deselected, 2 warnings in 104649.58s (1 day, 5:04:09) ======
Task 41 completato.
Thu Jul 23 20:12:25 CEST 2026
