Task: 64 | Test: 1-albite-mace-mh-1-omol | Nodo: lrdn2979.leonardo.local
GPU: NVIDIA A100-SXM-64GB
Wed Jul 29 13:56:31 CEST 2026
============================= test session starts ==============================
platform linux -- Python 3.12.13, pytest-9.1.0, pluggy-1.6.0 -- /leonardo/home/userexternal/mbenass1/ml-peg/.venv/bin/python
cachedir: .pytest_cache
rootdir: /leonardo/home/userexternal/mbenass1/ml-peg
configfile: pyproject.toml
plugins: anyio-4.14.0, typeguard-4.5.2, cov-4.1.0, dash-4.2.0, hydra-core-1.3.3
collecting ... collected 135 items / 134 deselected / 1 selected

ml_peg/calcs/molecular_dynamics/aluminosilicates_densities/calc_aluminosilicates_densities.py::test_aluminosilicates_densities[1-albite-mace-mh-1-omol] Loading model from /leonardo/home/userexternal/mbenass1/ml-peg/ml_peg/models/models.yml: mace-mh-1-omol
cuequivariance or cuequivariance_torch is not available. Cuequivariance acceleration will be disabled.
Using Materials Project MACE for MACECalculator with /leonardo/home/userexternal/mbenass1/.cache/mace/macemh1model
Using float32 for MACECalculator, which is faster but less accurate. Recommended for MD. Use float64 for geometry optimization.
  density: 2.3271 g/cm3 | vol: 5071.34 A3
  density: 2.3307 g/cm3 | vol: 5063.55 A3
  density: 2.3238 g/cm3 | vol: 5078.62 A3
  density: 2.3279 g/cm3 | vol: 5069.67 A3
  density: 2.3209 g/cm3 | vol: 5085.03 A3
  density: 2.3363 g/cm3 | vol: 5051.46 A3
  density: 2.3080 g/cm3 | vol: 5113.45 A3
  density: 2.3259 g/cm3 | vol: 5073.95 A3
  density: 2.3283 g/cm3 | vol: 5068.77 A3
  density: 2.3223 g/cm3 | vol: 5081.96 A3
  density: 2.3242 g/cm3 | vol: 5077.79 A3
  density: 2.3313 g/cm3 | vol: 5062.27 A3
  density: 2.3086 g/cm3 | vol: 5111.95 A3
  density: 2.3237 g/cm3 | vol: 5078.86 A3
  density: 2.3235 g/cm3 | vol: 5079.20 A3
  density: 2.3227 g/cm3 | vol: 5080.92 A3
  density: 2.3273 g/cm3 | vol: 5070.99 A3
  density: 2.3267 g/cm3 | vol: 5072.33 A3
  density: 2.3075 g/cm3 | vol: 5114.41 A3
  density: 2.3248 g/cm3 | vol: 5076.36 A3
  density: 2.3083 g/cm3 | vol: 5112.67 A3
Final density (mace-mh-1-omol, albite): 2.3229 +/- 0.0079 g/cm3
PASSED

=============================== warnings summary ===============================
ml_peg/calcs/molecular_dynamics/aluminosilicates_densities/calc_aluminosilicates_densities.py::test_aluminosilicates_densities[1-albite-mace-mh-1-omol]
  /leonardo/home/userexternal/mbenass1/ml-peg/.venv/lib/python3.12/site-packages/e3nn/o3/_wigner.py:10: UserWarning: Environment variable TORCH_FORCE_NO_WEIGHTS_ONLY_LOAD detected, since the`weights_only` argument was not explicitly passed to `torch.load`, forcing weights_only=False.
    _Jd, _W3j_flat, _W3j_indices = torch.load(os.path.join(os.path.dirname(__file__), 'constants.pt'))

ml_peg/calcs/molecular_dynamics/aluminosilicates_densities/calc_aluminosilicates_densities.py::test_aluminosilicates_densities[1-albite-mace-mh-1-omol]
  /leonardo/home/userexternal/mbenass1/ml-peg/.venv/lib/python3.12/site-packages/mace/calculators/mace.py:226: UserWarning: Environment variable TORCH_FORCE_NO_WEIGHTS_ONLY_LOAD detected, since the`weights_only` argument was not explicitly passed to `torch.load`, forcing weights_only=False.
    torch.load(f=model_path, map_location=device)

-- Docs: https://docs.pytest.org/en/stable/how-to/capture-warnings.html
===== 1 passed, 134 deselected, 2 warnings in 130232.38s (1 day, 12:10:32) =====
Task 64 completato.
Fri Jul 31 02:07:09 CEST 2026
