Task: 52 | Test: 1-sanidine-mace-mh-1-omat | Nodo: lrdn0123.leonardo.local
GPU: NVIDIA A100-SXM-64GB
Thu Jul 23 18:01:33 CEST 2026
============================= test session starts ==============================
platform linux -- Python 3.12.13, pytest-9.1.0, pluggy-1.6.0 -- /leonardo/home/userexternal/mbenass1/ml-peg/.venv/bin/python
cachedir: .pytest_cache
rootdir: /leonardo/home/userexternal/mbenass1/ml-peg
configfile: pyproject.toml
plugins: anyio-4.14.0, typeguard-4.5.2, cov-4.1.0, dash-4.2.0, hydra-core-1.3.3
collecting ... collected 135 items / 134 deselected / 1 selected

ml_peg/calcs/molecular_dynamics/aluminosilicates_densities/calc_aluminosilicates_densities.py::test_aluminosilicates_densities[1-sanidine-mace-mh-1-omat] Loading model from /leonardo/home/userexternal/mbenass1/ml-peg/ml_peg/models/models.yml: mace-mh-1-omat
cuequivariance or cuequivariance_torch is not available. Cuequivariance acceleration will be disabled.
Using Materials Project MACE for MACECalculator with /leonardo/home/userexternal/mbenass1/.cache/mace/macemh1model
Using float32 for MACECalculator, which is faster but less accurate. Recommended for MD. Use float64 for geometry optimization.
  density: 2.0388 g/cm3 | vol: 6295.79 A3
  density: 2.0322 g/cm3 | vol: 6316.30 A3
  density: 2.0335 g/cm3 | vol: 6312.27 A3
  density: 2.0288 g/cm3 | vol: 6327.03 A3
  density: 2.0425 g/cm3 | vol: 6284.52 A3
  density: 2.0434 g/cm3 | vol: 6281.86 A3
  density: 2.0402 g/cm3 | vol: 6291.58 A3
  density: 2.0473 g/cm3 | vol: 6269.86 A3
  density: 2.0348 g/cm3 | vol: 6308.40 A3
  density: 2.0254 g/cm3 | vol: 6337.44 A3
  density: 2.0364 g/cm3 | vol: 6303.22 A3
  density: 2.0272 g/cm3 | vol: 6332.00 A3
  density: 2.0383 g/cm3 | vol: 6297.45 A3
  density: 2.0337 g/cm3 | vol: 6311.74 A3
  density: 2.0326 g/cm3 | vol: 6315.24 A3
  density: 2.0486 g/cm3 | vol: 6265.69 A3
  density: 2.0347 g/cm3 | vol: 6308.61 A3
  density: 2.0347 g/cm3 | vol: 6308.68 A3
  density: 2.0359 g/cm3 | vol: 6304.71 A3
  density: 2.0421 g/cm3 | vol: 6285.71 A3
  density: 2.0349 g/cm3 | vol: 6308.03 A3
Final density (mace-mh-1-omat, sanidine): 2.0365 +/- 0.0059 g/cm3
PASSED

=============================== warnings summary ===============================
ml_peg/calcs/molecular_dynamics/aluminosilicates_densities/calc_aluminosilicates_densities.py::test_aluminosilicates_densities[1-sanidine-mace-mh-1-omat]
  /leonardo/home/userexternal/mbenass1/ml-peg/.venv/lib/python3.12/site-packages/e3nn/o3/_wigner.py:10: UserWarning: Environment variable TORCH_FORCE_NO_WEIGHTS_ONLY_LOAD detected, since the`weights_only` argument was not explicitly passed to `torch.load`, forcing weights_only=False.
    _Jd, _W3j_flat, _W3j_indices = torch.load(os.path.join(os.path.dirname(__file__), 'constants.pt'))

ml_peg/calcs/molecular_dynamics/aluminosilicates_densities/calc_aluminosilicates_densities.py::test_aluminosilicates_densities[1-sanidine-mace-mh-1-omat]
  /leonardo/home/userexternal/mbenass1/ml-peg/.venv/lib/python3.12/site-packages/mace/calculators/mace.py:226: UserWarning: Environment variable TORCH_FORCE_NO_WEIGHTS_ONLY_LOAD detected, since the`weights_only` argument was not explicitly passed to `torch.load`, forcing weights_only=False.
    torch.load(f=model_path, map_location=device)

-- Docs: https://docs.pytest.org/en/stable/how-to/capture-warnings.html
===== 1 passed, 134 deselected, 2 warnings in 119708.07s (1 day, 9:15:08) ======
Task 52 completato.
Sat Jul 25 03:16:46 CEST 2026
