Task: 78 | Test: 0-sanidine-mace-polar-1-s | Nodo: lrdn1974.leonardo.local
GPU: NVIDIA A100-SXM-64GB
Tue Jul 28 08:10:27 CEST 2026
============================= test session starts ==============================
platform linux -- Python 3.12.13, pytest-9.1.0, pluggy-1.6.0 -- /leonardo/home/userexternal/mbenass1/ml-peg/.venv/bin/python
cachedir: .pytest_cache
rootdir: /leonardo/home/userexternal/mbenass1/ml-peg
configfile: pyproject.toml
plugins: anyio-4.14.0, typeguard-4.5.2, cov-4.1.0, dash-4.2.0, hydra-core-1.3.3
collecting ... collected 135 items / 134 deselected / 1 selected

ml_peg/calcs/molecular_dynamics/aluminosilicates_densities/calc_aluminosilicates_densities.py::test_aluminosilicates_densities[0-sanidine-mace-polar-1-s] Loading model from /leonardo/home/userexternal/mbenass1/ml-peg/ml_peg/models/models.yml: mace-polar-1-s
cuequivariance or cuequivariance_torch is not available. Cuequivariance acceleration will be disabled.
Using MACE-Polar model for MACECalculator with /leonardo/home/userexternal/mbenass1/.cache/mace/MACEPOLAR1Smodel
  density: 2.5181 g/cm3 | vol: 5097.57 A3
  density: 2.5127 g/cm3 | vol: 5108.53 A3
  density: 2.4509 g/cm3 | vol: 5237.21 A3
  density: 2.4487 g/cm3 | vol: 5242.07 A3
  density: 2.5430 g/cm3 | vol: 5047.63 A3
  density: 2.5361 g/cm3 | vol: 5061.41 A3
  density: 2.4970 g/cm3 | vol: 5140.58 A3
  density: 2.5721 g/cm3 | vol: 4990.42 A3
  density: 2.5694 g/cm3 | vol: 4995.83 A3
  density: 2.5566 g/cm3 | vol: 5020.67 A3
  density: 2.5521 g/cm3 | vol: 5029.58 A3
  density: 2.4343 g/cm3 | vol: 5273.05 A3
  density: 2.4882 g/cm3 | vol: 5158.87 A3
  density: 2.4394 g/cm3 | vol: 5262.06 A3
  density: 2.4425 g/cm3 | vol: 5255.32 A3
  density: 2.4496 g/cm3 | vol: 5239.99 A3
  density: 2.4706 g/cm3 | vol: 5195.59 A3
  density: 2.5269 g/cm3 | vol: 5079.67 A3
  density: 2.5399 g/cm3 | vol: 5053.72 A3
  density: 2.5525 g/cm3 | vol: 5028.88 A3
  density: 2.4829 g/cm3 | vol: 5169.88 A3
Final density (mace-polar-1-s, sanidine): 2.5040 +/- 0.0460 g/cm3
PASSED

=============================== warnings summary ===============================
ml_peg/calcs/molecular_dynamics/aluminosilicates_densities/calc_aluminosilicates_densities.py::test_aluminosilicates_densities[0-sanidine-mace-polar-1-s]
  /leonardo/home/userexternal/mbenass1/ml-peg/.venv/lib/python3.12/site-packages/e3nn/o3/_wigner.py:10: UserWarning: Environment variable TORCH_FORCE_NO_WEIGHTS_ONLY_LOAD detected, since the`weights_only` argument was not explicitly passed to `torch.load`, forcing weights_only=False.
    _Jd, _W3j_flat, _W3j_indices = torch.load(os.path.join(os.path.dirname(__file__), 'constants.pt'))

ml_peg/calcs/molecular_dynamics/aluminosilicates_densities/calc_aluminosilicates_densities.py::test_aluminosilicates_densities[0-sanidine-mace-polar-1-s]
  /leonardo/home/userexternal/mbenass1/ml-peg/.venv/lib/python3.12/site-packages/mace/calculators/mace.py:226: UserWarning: Environment variable TORCH_FORCE_NO_WEIGHTS_ONLY_LOAD detected, since the`weights_only` argument was not explicitly passed to `torch.load`, forcing weights_only=False.
    torch.load(f=model_path, map_location=device)

-- Docs: https://docs.pytest.org/en/stable/how-to/capture-warnings.html
===== 1 passed, 134 deselected, 2 warnings in 129397.14s (1 day, 11:56:37) =====
Task 78 completato.
Wed Jul 29 20:07:10 CEST 2026
