Task: 82 | Test: 1-albite-mace-polar-1-m | Nodo: lrdn0059.leonardo.local
GPU: NVIDIA A100-SXM-64GB
Sun Jul 26 18:36:47 CEST 2026
============================= test session starts ==============================
platform linux -- Python 3.12.13, pytest-9.1.0, pluggy-1.6.0 -- /leonardo/home/userexternal/mbenass1/ml-peg/.venv/bin/python
cachedir: .pytest_cache
rootdir: /leonardo/home/userexternal/mbenass1/ml-peg
configfile: pyproject.toml
plugins: anyio-4.14.0, typeguard-4.5.2, cov-4.1.0, dash-4.2.0, hydra-core-1.3.3
collecting ... collected 135 items / 134 deselected / 1 selected

ml_peg/calcs/molecular_dynamics/aluminosilicates_densities/calc_aluminosilicates_densities.py::test_aluminosilicates_densities[1-albite-mace-polar-1-m] Loading model from /leonardo/home/userexternal/mbenass1/ml-peg/ml_peg/models/models.yml: mace-polar-1-m
cuequivariance or cuequivariance_torch is not available. Cuequivariance acceleration will be disabled.
Using MACE-Polar model for MACECalculator with /leonardo/home/userexternal/mbenass1/.cache/mace/MACEPOLAR1Mmodel
  density: 2.2777 g/cm3 | vol: 5181.31 A3
  density: 2.2834 g/cm3 | vol: 5168.57 A3
  density: 2.2918 g/cm3 | vol: 5149.58 A3
  density: 2.2772 g/cm3 | vol: 5182.57 A3
  density: 2.2785 g/cm3 | vol: 5179.52 A3
  density: 2.2745 g/cm3 | vol: 5188.79 A3
  density: 2.2790 g/cm3 | vol: 5178.42 A3
  density: 2.2737 g/cm3 | vol: 5190.47 A3
  density: 2.2757 g/cm3 | vol: 5185.88 A3
  density: 2.2710 g/cm3 | vol: 5196.58 A3
  density: 2.2725 g/cm3 | vol: 5193.15 A3
  density: 2.2857 g/cm3 | vol: 5163.23 A3
  density: 2.2733 g/cm3 | vol: 5191.45 A3
  density: 2.2764 g/cm3 | vol: 5184.26 A3
  density: 2.2773 g/cm3 | vol: 5182.25 A3
  density: 2.2708 g/cm3 | vol: 5197.22 A3
  density: 2.2768 g/cm3 | vol: 5183.36 A3
  density: 2.2638 g/cm3 | vol: 5213.19 A3
  density: 2.2895 g/cm3 | vol: 5154.69 A3
  density: 2.2885 g/cm3 | vol: 5156.88 A3
  density: 2.2568 g/cm3 | vol: 5229.28 A3
Final density (mace-polar-1-m, albite): 2.2769 +/- 0.0080 g/cm3
PASSED

=============================== warnings summary ===============================
ml_peg/calcs/molecular_dynamics/aluminosilicates_densities/calc_aluminosilicates_densities.py::test_aluminosilicates_densities[1-albite-mace-polar-1-m]
  /leonardo/home/userexternal/mbenass1/ml-peg/.venv/lib/python3.12/site-packages/e3nn/o3/_wigner.py:10: UserWarning: Environment variable TORCH_FORCE_NO_WEIGHTS_ONLY_LOAD detected, since the`weights_only` argument was not explicitly passed to `torch.load`, forcing weights_only=False.
    _Jd, _W3j_flat, _W3j_indices = torch.load(os.path.join(os.path.dirname(__file__), 'constants.pt'))

ml_peg/calcs/molecular_dynamics/aluminosilicates_densities/calc_aluminosilicates_densities.py::test_aluminosilicates_densities[1-albite-mace-polar-1-m]
  /leonardo/home/userexternal/mbenass1/ml-peg/.venv/lib/python3.12/site-packages/mace/calculators/mace.py:226: UserWarning: Environment variable TORCH_FORCE_NO_WEIGHTS_ONLY_LOAD detected, since the`weights_only` argument was not explicitly passed to `torch.load`, forcing weights_only=False.
    torch.load(f=model_path, map_location=device)

-- Docs: https://docs.pytest.org/en/stable/how-to/capture-warnings.html
==== 1 passed, 134 deselected, 2 warnings in 215480.59s (2 days, 11:51:20) =====
Task 82 completato.
Wed Jul 29 06:28:13 CEST 2026
