Task: 77 | Test: 2-anorthite-mace-polar-1-s | Nodo: lrdn2781.leonardo.local
GPU: NVIDIA A100-SXM-64GB
Tue Jul 28 07:56:39 CEST 2026
============================= test session starts ==============================
platform linux -- Python 3.12.13, pytest-9.1.0, pluggy-1.6.0 -- /leonardo/home/userexternal/mbenass1/ml-peg/.venv/bin/python
cachedir: .pytest_cache
rootdir: /leonardo/home/userexternal/mbenass1/ml-peg
configfile: pyproject.toml
plugins: anyio-4.14.0, typeguard-4.5.2, cov-4.1.0, dash-4.2.0, hydra-core-1.3.3
collecting ... collected 135 items / 134 deselected / 1 selected

ml_peg/calcs/molecular_dynamics/aluminosilicates_densities/calc_aluminosilicates_densities.py::test_aluminosilicates_densities[2-anorthite-mace-polar-1-s] Loading model from /leonardo/home/userexternal/mbenass1/ml-peg/ml_peg/models/models.yml: mace-polar-1-s
cuequivariance or cuequivariance_torch is not available. Cuequivariance acceleration will be disabled.
Using MACE-Polar model for MACECalculator with /leonardo/home/userexternal/mbenass1/.cache/mace/MACEPOLAR1Smodel
  density: 0.4431 g/cm3 | vol: 28143.50 A3
  density: 0.4432 g/cm3 | vol: 28136.30 A3
  density: 0.4455 g/cm3 | vol: 27991.26 A3
  density: 0.4510 g/cm3 | vol: 27652.94 A3
  density: 0.4459 g/cm3 | vol: 27966.81 A3
  density: 0.4402 g/cm3 | vol: 28332.42 A3
  density: 0.4465 g/cm3 | vol: 27930.61 A3
  density: 0.4496 g/cm3 | vol: 27735.88 A3
  density: 0.4427 g/cm3 | vol: 28169.09 A3
  density: 0.4462 g/cm3 | vol: 27951.12 A3
  density: 0.4443 g/cm3 | vol: 28067.50 A3
  density: 0.4444 g/cm3 | vol: 28061.38 A3
  density: 0.4425 g/cm3 | vol: 28182.10 A3
  density: 0.4464 g/cm3 | vol: 27937.18 A3
  density: 0.4488 g/cm3 | vol: 27783.79 A3
  density: 0.4483 g/cm3 | vol: 27817.70 A3
  density: 0.4387 g/cm3 | vol: 28429.02 A3
  density: 0.4481 g/cm3 | vol: 27829.19 A3
  density: 0.4485 g/cm3 | vol: 27804.10 A3
  density: 0.4439 g/cm3 | vol: 28095.81 A3
  density: 0.4446 g/cm3 | vol: 28050.92 A3
Final density (mace-polar-1-s, anorthite): 0.4454 +/- 0.0030 g/cm3
PASSED

=============================== warnings summary ===============================
ml_peg/calcs/molecular_dynamics/aluminosilicates_densities/calc_aluminosilicates_densities.py::test_aluminosilicates_densities[2-anorthite-mace-polar-1-s]
  /leonardo/home/userexternal/mbenass1/ml-peg/.venv/lib/python3.12/site-packages/e3nn/o3/_wigner.py:10: UserWarning: Environment variable TORCH_FORCE_NO_WEIGHTS_ONLY_LOAD detected, since the`weights_only` argument was not explicitly passed to `torch.load`, forcing weights_only=False.
    _Jd, _W3j_flat, _W3j_indices = torch.load(os.path.join(os.path.dirname(__file__), 'constants.pt'))

ml_peg/calcs/molecular_dynamics/aluminosilicates_densities/calc_aluminosilicates_densities.py::test_aluminosilicates_densities[2-anorthite-mace-polar-1-s]
  /leonardo/home/userexternal/mbenass1/ml-peg/.venv/lib/python3.12/site-packages/mace/calculators/mace.py:226: UserWarning: Environment variable TORCH_FORCE_NO_WEIGHTS_ONLY_LOAD detected, since the`weights_only` argument was not explicitly passed to `torch.load`, forcing weights_only=False.
    torch.load(f=model_path, map_location=device)

-- Docs: https://docs.pytest.org/en/stable/how-to/capture-warnings.html
===== 1 passed, 134 deselected, 2 warnings in 109478.86s (1 day, 6:24:38) ======
Task 77 completato.
Wed Jul 29 14:21:24 CEST 2026
