Task: 11 | Test: 2-albite-mace-mp-0b3 | Nodo: lrdn1305.leonardo.local
GPU: NVIDIA A100-SXM-64GB
Sat Jul 18 23:03:34 CEST 2026
============================= test session starts ==============================
platform linux -- Python 3.12.13, pytest-9.1.0, pluggy-1.6.0 -- /leonardo/home/userexternal/mbenass1/ml-peg/.venv/bin/python
cachedir: .pytest_cache
rootdir: /leonardo/home/userexternal/mbenass1/ml-peg
configfile: pyproject.toml
plugins: anyio-4.14.0, typeguard-4.5.2, cov-4.1.0, dash-4.2.0, hydra-core-1.3.3
collecting ... collected 135 items / 134 deselected / 1 selected

ml_peg/calcs/molecular_dynamics/aluminosilicates_densities/calc_aluminosilicates_densities.py::test_aluminosilicates_densities[2-albite-mace-mp-0b3] Loading model from /leonardo/home/userexternal/mbenass1/ml-peg/ml_peg/models/models.yml: mace-mp-0b3
cuequivariance or cuequivariance_torch is not available. Cuequivariance acceleration will be disabled.
Using Materials Project MACE for MACECalculator with /leonardo/home/userexternal/mbenass1/.cache/mace/macemp0b3mediummodel
Using float32 for MACECalculator, which is faster but less accurate. Recommended for MD. Use float64 for geometry optimization.
  density: 2.2454 g/cm3 | vol: 5255.84 A3
  density: 2.2435 g/cm3 | vol: 5260.45 A3
  density: 2.2358 g/cm3 | vol: 5278.59 A3
  density: 2.2425 g/cm3 | vol: 5262.68 A3
  density: 2.2323 g/cm3 | vol: 5286.83 A3
  density: 2.2351 g/cm3 | vol: 5280.06 A3
  density: 2.2705 g/cm3 | vol: 5197.89 A3
  density: 2.2518 g/cm3 | vol: 5241.02 A3
  density: 2.2444 g/cm3 | vol: 5258.36 A3
  density: 2.2424 g/cm3 | vol: 5262.90 A3
  density: 2.2610 g/cm3 | vol: 5219.77 A3
  density: 2.2496 g/cm3 | vol: 5246.05 A3
  density: 2.2382 g/cm3 | vol: 5272.86 A3
  density: 2.2441 g/cm3 | vol: 5259.04 A3
  density: 2.2518 g/cm3 | vol: 5241.04 A3
  density: 2.2396 g/cm3 | vol: 5269.48 A3
  density: 2.2614 g/cm3 | vol: 5218.87 A3
  density: 2.2511 g/cm3 | vol: 5242.65 A3
  density: 2.2545 g/cm3 | vol: 5234.82 A3
  density: 2.2407 g/cm3 | vol: 5266.95 A3
  density: 2.2555 g/cm3 | vol: 5232.48 A3
Final density (mace-mp-0b3, albite): 2.2472 +/- 0.0094 g/cm3
PASSED

=============================== warnings summary ===============================
ml_peg/calcs/molecular_dynamics/aluminosilicates_densities/calc_aluminosilicates_densities.py::test_aluminosilicates_densities[2-albite-mace-mp-0b3]
  /leonardo/home/userexternal/mbenass1/ml-peg/.venv/lib/python3.12/site-packages/e3nn/o3/_wigner.py:10: UserWarning: Environment variable TORCH_FORCE_NO_WEIGHTS_ONLY_LOAD detected, since the`weights_only` argument was not explicitly passed to `torch.load`, forcing weights_only=False.
    _Jd, _W3j_flat, _W3j_indices = torch.load(os.path.join(os.path.dirname(__file__), 'constants.pt'))

ml_peg/calcs/molecular_dynamics/aluminosilicates_densities/calc_aluminosilicates_densities.py::test_aluminosilicates_densities[2-albite-mace-mp-0b3]
  /leonardo/home/userexternal/mbenass1/ml-peg/.venv/lib/python3.12/site-packages/mace/calculators/mace.py:226: UserWarning: Environment variable TORCH_FORCE_NO_WEIGHTS_ONLY_LOAD detected, since the`weights_only` argument was not explicitly passed to `torch.load`, forcing weights_only=False.
    torch.load(f=model_path, map_location=device)

-- Docs: https://docs.pytest.org/en/stable/how-to/capture-warnings.html
===== 1 passed, 134 deselected, 2 warnings in 101309.36s (1 day, 4:08:29) ======
Task 11 completato.
Mon Jul 20 03:12:07 CEST 2026
