Task: 45 | Test: 0-albite-mace-mh-1-omat | Nodo: lrdn0017.leonardo.local
GPU: NVIDIA A100-SXM-64GB
Thu Jul 23 04:58:36 CEST 2026
============================= test session starts ==============================
platform linux -- Python 3.12.13, pytest-9.1.0, pluggy-1.6.0 -- /leonardo/home/userexternal/mbenass1/ml-peg/.venv/bin/python
cachedir: .pytest_cache
rootdir: /leonardo/home/userexternal/mbenass1/ml-peg
configfile: pyproject.toml
plugins: anyio-4.14.0, typeguard-4.5.2, cov-4.1.0, dash-4.2.0, hydra-core-1.3.3
collecting ... collected 135 items / 134 deselected / 1 selected

ml_peg/calcs/molecular_dynamics/aluminosilicates_densities/calc_aluminosilicates_densities.py::test_aluminosilicates_densities[0-albite-mace-mh-1-omat] Loading model from /leonardo/home/userexternal/mbenass1/ml-peg/ml_peg/models/models.yml: mace-mh-1-omat
cuequivariance or cuequivariance_torch is not available. Cuequivariance acceleration will be disabled.
Using Materials Project MACE for MACECalculator with /leonardo/home/userexternal/mbenass1/.cache/mace/macemh1model
Using float32 for MACECalculator, which is faster but less accurate. Recommended for MD. Use float64 for geometry optimization.
  density: 2.1915 g/cm3 | vol: 5385.09 A3
  density: 2.1900 g/cm3 | vol: 5388.84 A3
  density: 2.1725 g/cm3 | vol: 5432.36 A3
  density: 2.1702 g/cm3 | vol: 5438.05 A3
  density: 2.1689 g/cm3 | vol: 5441.31 A3
  density: 2.1586 g/cm3 | vol: 5467.23 A3
  density: 2.1754 g/cm3 | vol: 5425.17 A3
  density: 2.1830 g/cm3 | vol: 5406.18 A3
  density: 2.1879 g/cm3 | vol: 5394.10 A3
  density: 2.1660 g/cm3 | vol: 5448.63 A3
  density: 2.1764 g/cm3 | vol: 5422.45 A3
  density: 2.1616 g/cm3 | vol: 5459.75 A3
  density: 2.1830 g/cm3 | vol: 5406.23 A3
  density: 2.1820 g/cm3 | vol: 5408.57 A3
  density: 2.1635 g/cm3 | vol: 5454.87 A3
  density: 2.1767 g/cm3 | vol: 5421.87 A3
  density: 2.1817 g/cm3 | vol: 5409.48 A3
  density: 2.1742 g/cm3 | vol: 5427.98 A3
  density: 2.1650 g/cm3 | vol: 5451.14 A3
  density: 2.1929 g/cm3 | vol: 5381.85 A3
  density: 2.1695 g/cm3 | vol: 5439.89 A3
Final density (mace-mh-1-omat, albite): 2.1757 +/- 0.0099 g/cm3
PASSED

=============================== warnings summary ===============================
ml_peg/calcs/molecular_dynamics/aluminosilicates_densities/calc_aluminosilicates_densities.py::test_aluminosilicates_densities[0-albite-mace-mh-1-omat]
  /leonardo/home/userexternal/mbenass1/ml-peg/.venv/lib/python3.12/site-packages/e3nn/o3/_wigner.py:10: UserWarning: Environment variable TORCH_FORCE_NO_WEIGHTS_ONLY_LOAD detected, since the`weights_only` argument was not explicitly passed to `torch.load`, forcing weights_only=False.
    _Jd, _W3j_flat, _W3j_indices = torch.load(os.path.join(os.path.dirname(__file__), 'constants.pt'))

ml_peg/calcs/molecular_dynamics/aluminosilicates_densities/calc_aluminosilicates_densities.py::test_aluminosilicates_densities[0-albite-mace-mh-1-omat]
  /leonardo/home/userexternal/mbenass1/ml-peg/.venv/lib/python3.12/site-packages/mace/calculators/mace.py:226: UserWarning: Environment variable TORCH_FORCE_NO_WEIGHTS_ONLY_LOAD detected, since the`weights_only` argument was not explicitly passed to `torch.load`, forcing weights_only=False.
    torch.load(f=model_path, map_location=device)

-- Docs: https://docs.pytest.org/en/stable/how-to/capture-warnings.html
===== 1 passed, 134 deselected, 2 warnings in 128911.14s (1 day, 11:48:31) =====
Task 45 completato.
Fri Jul 24 16:47:12 CEST 2026
