Task: 30 | Test: 0-anorthite-mace-omat-0 | Nodo: lrdn0053.leonardo.local
GPU: NVIDIA A100-SXM-64GB
Tue Jul 21 08:34:03 CEST 2026
============================= test session starts ==============================
platform linux -- Python 3.12.13, pytest-9.1.0, pluggy-1.6.0 -- /leonardo/home/userexternal/mbenass1/ml-peg/.venv/bin/python
cachedir: .pytest_cache
rootdir: /leonardo/home/userexternal/mbenass1/ml-peg
configfile: pyproject.toml
plugins: anyio-4.14.0, typeguard-4.5.2, cov-4.1.0, dash-4.2.0, hydra-core-1.3.3
collecting ... collected 135 items / 134 deselected / 1 selected

ml_peg/calcs/molecular_dynamics/aluminosilicates_densities/calc_aluminosilicates_densities.py::test_aluminosilicates_densities[0-anorthite-mace-omat-0] Loading model from /leonardo/home/userexternal/mbenass1/ml-peg/ml_peg/models/models.yml: mace-omat-0
cuequivariance or cuequivariance_torch is not available. Cuequivariance acceleration will be disabled.
Using model under Academic Software License (ASL) license, see https://github.com/gabor1/ASL
 To use this model you accept the terms of the license.
Using Materials Project MACE for MACECalculator with /leonardo/home/userexternal/mbenass1/.cache/mace/maceomat0mediummodel
Using float32 for MACECalculator, which is faster but less accurate. Recommended for MD. Use float64 for geometry optimization.
  density: 2.4964 g/cm3 | vol: 4995.46 A3
  density: 2.5010 g/cm3 | vol: 4986.22 A3
  density: 2.4917 g/cm3 | vol: 5004.81 A3
  density: 2.4953 g/cm3 | vol: 4997.63 A3
  density: 2.4944 g/cm3 | vol: 4999.46 A3
  density: 2.4987 g/cm3 | vol: 4990.92 A3
  density: 2.4986 g/cm3 | vol: 4991.01 A3
  density: 2.5013 g/cm3 | vol: 4985.72 A3
  density: 2.4954 g/cm3 | vol: 4997.43 A3
  density: 2.4846 g/cm3 | vol: 5019.16 A3
  density: 2.5012 g/cm3 | vol: 4985.89 A3
  density: 2.4802 g/cm3 | vol: 5028.14 A3
  density: 2.4988 g/cm3 | vol: 4990.62 A3
  density: 2.4895 g/cm3 | vol: 5009.25 A3
  density: 2.5083 g/cm3 | vol: 4971.77 A3
  density: 2.4924 g/cm3 | vol: 5003.46 A3
  density: 2.5009 g/cm3 | vol: 4986.59 A3
  density: 2.4930 g/cm3 | vol: 5002.27 A3
  density: 2.5091 g/cm3 | vol: 4970.27 A3
  density: 2.5061 g/cm3 | vol: 4976.18 A3
  density: 2.4893 g/cm3 | vol: 5009.73 A3
Final density (mace-omat-0, anorthite): 2.4965 +/- 0.0071 g/cm3
PASSED

=============================== warnings summary ===============================
ml_peg/calcs/molecular_dynamics/aluminosilicates_densities/calc_aluminosilicates_densities.py::test_aluminosilicates_densities[0-anorthite-mace-omat-0]
  /leonardo/home/userexternal/mbenass1/ml-peg/.venv/lib/python3.12/site-packages/e3nn/o3/_wigner.py:10: UserWarning: Environment variable TORCH_FORCE_NO_WEIGHTS_ONLY_LOAD detected, since the`weights_only` argument was not explicitly passed to `torch.load`, forcing weights_only=False.
    _Jd, _W3j_flat, _W3j_indices = torch.load(os.path.join(os.path.dirname(__file__), 'constants.pt'))

ml_peg/calcs/molecular_dynamics/aluminosilicates_densities/calc_aluminosilicates_densities.py::test_aluminosilicates_densities[0-anorthite-mace-omat-0]
  /leonardo/home/userexternal/mbenass1/ml-peg/.venv/lib/python3.12/site-packages/mace/calculators/mace.py:226: UserWarning: Environment variable TORCH_FORCE_NO_WEIGHTS_ONLY_LOAD detected, since the`weights_only` argument was not explicitly passed to `torch.load`, forcing weights_only=False.
    torch.load(f=model_path, map_location=device)

-- Docs: https://docs.pytest.org/en/stable/how-to/capture-warnings.html
===== 1 passed, 134 deselected, 2 warnings in 103236.95s (1 day, 4:40:36) ======
Task 30 completato.
Wed Jul 22 13:14:44 CEST 2026
