Task: 48 | Test: 0-anorthite-mace-mh-1-omat | Nodo: lrdn1428.leonardo.local
GPU: NVIDIA A100-SXM-64GB
Thu Jul 23 13:44:35 CEST 2026
============================= test session starts ==============================
platform linux -- Python 3.12.13, pytest-9.1.0, pluggy-1.6.0 -- /leonardo/home/userexternal/mbenass1/ml-peg/.venv/bin/python
cachedir: .pytest_cache
rootdir: /leonardo/home/userexternal/mbenass1/ml-peg
configfile: pyproject.toml
plugins: anyio-4.14.0, typeguard-4.5.2, cov-4.1.0, dash-4.2.0, hydra-core-1.3.3
collecting ... collected 135 items / 134 deselected / 1 selected

ml_peg/calcs/molecular_dynamics/aluminosilicates_densities/calc_aluminosilicates_densities.py::test_aluminosilicates_densities[0-anorthite-mace-mh-1-omat] Loading model from /leonardo/home/userexternal/mbenass1/ml-peg/ml_peg/models/models.yml: mace-mh-1-omat
cuequivariance or cuequivariance_torch is not available. Cuequivariance acceleration will be disabled.
Using Materials Project MACE for MACECalculator with /leonardo/home/userexternal/mbenass1/.cache/mace/macemh1model
Using float32 for MACECalculator, which is faster but less accurate. Recommended for MD. Use float64 for geometry optimization.
  density: 2.4653 g/cm3 | vol: 5058.49 A3
  density: 2.4725 g/cm3 | vol: 5043.72 A3
  density: 2.4639 g/cm3 | vol: 5061.34 A3
  density: 2.4651 g/cm3 | vol: 5058.92 A3
  density: 2.4669 g/cm3 | vol: 5055.18 A3
  density: 2.4618 g/cm3 | vol: 5065.73 A3
  density: 2.4771 g/cm3 | vol: 5034.38 A3
  density: 2.4706 g/cm3 | vol: 5047.63 A3
  density: 2.4688 g/cm3 | vol: 5051.23 A3
  density: 2.4647 g/cm3 | vol: 5059.65 A3
  density: 2.4643 g/cm3 | vol: 5060.53 A3
  density: 2.4833 g/cm3 | vol: 5021.89 A3
  density: 2.4636 g/cm3 | vol: 5061.99 A3
  density: 2.4704 g/cm3 | vol: 5048.05 A3
  density: 2.4677 g/cm3 | vol: 5053.66 A3
  density: 2.4656 g/cm3 | vol: 5057.96 A3
  density: 2.4682 g/cm3 | vol: 5052.50 A3
  density: 2.4729 g/cm3 | vol: 5043.03 A3
  density: 2.4779 g/cm3 | vol: 5032.80 A3
  density: 2.4618 g/cm3 | vol: 5065.66 A3
  density: 2.4763 g/cm3 | vol: 5036.12 A3
Final density (mace-mh-1-omat, anorthite): 2.4690 +/- 0.0057 g/cm3
PASSED

=============================== warnings summary ===============================
ml_peg/calcs/molecular_dynamics/aluminosilicates_densities/calc_aluminosilicates_densities.py::test_aluminosilicates_densities[0-anorthite-mace-mh-1-omat]
  /leonardo/home/userexternal/mbenass1/ml-peg/.venv/lib/python3.12/site-packages/e3nn/o3/_wigner.py:10: UserWarning: Environment variable TORCH_FORCE_NO_WEIGHTS_ONLY_LOAD detected, since the`weights_only` argument was not explicitly passed to `torch.load`, forcing weights_only=False.
    _Jd, _W3j_flat, _W3j_indices = torch.load(os.path.join(os.path.dirname(__file__), 'constants.pt'))

ml_peg/calcs/molecular_dynamics/aluminosilicates_densities/calc_aluminosilicates_densities.py::test_aluminosilicates_densities[0-anorthite-mace-mh-1-omat]
  /leonardo/home/userexternal/mbenass1/ml-peg/.venv/lib/python3.12/site-packages/mace/calculators/mace.py:226: UserWarning: Environment variable TORCH_FORCE_NO_WEIGHTS_ONLY_LOAD detected, since the`weights_only` argument was not explicitly passed to `torch.load`, forcing weights_only=False.
    torch.load(f=model_path, map_location=device)

-- Docs: https://docs.pytest.org/en/stable/how-to/capture-warnings.html
===== 1 passed, 134 deselected, 2 warnings in 131096.14s (1 day, 12:24:56) =====
Task 48 completato.
Sat Jul 25 02:09:36 CEST 2026
