Task: 44 | Test: 2-sanidine-mace-matpes-r2scan | Nodo: lrdn0288.leonardo.local
GPU: NVIDIA A100-SXM-64GB
Wed Jul 22 20:36:56 CEST 2026
============================= test session starts ==============================
platform linux -- Python 3.12.13, pytest-9.1.0, pluggy-1.6.0 -- /leonardo/home/userexternal/mbenass1/ml-peg/.venv/bin/python
cachedir: .pytest_cache
rootdir: /leonardo/home/userexternal/mbenass1/ml-peg
configfile: pyproject.toml
plugins: anyio-4.14.0, typeguard-4.5.2, cov-4.1.0, dash-4.2.0, hydra-core-1.3.3
collecting ... collected 135 items / 134 deselected / 1 selected

ml_peg/calcs/molecular_dynamics/aluminosilicates_densities/calc_aluminosilicates_densities.py::test_aluminosilicates_densities[2-sanidine-mace-matpes-r2scan] Loading model from /leonardo/home/userexternal/mbenass1/ml-peg/ml_peg/models/models.yml: mace-matpes-r2scan
cuequivariance or cuequivariance_torch is not available. Cuequivariance acceleration will be disabled.
Using model under Academic Software License (ASL) license, see https://github.com/gabor1/ASL
 To use this model you accept the terms of the license.
Using Materials Project MACE for MACECalculator with /leonardo/home/userexternal/mbenass1/.cache/mace/MACEmatpesr2scanomatftmodel
Using float32 for MACECalculator, which is faster but less accurate. Recommended for MD. Use float64 for geometry optimization.
  density: 2.3718 g/cm3 | vol: 5412.00 A3
  density: 2.3722 g/cm3 | vol: 5410.97 A3
  density: 2.3840 g/cm3 | vol: 5384.23 A3
  density: 2.3828 g/cm3 | vol: 5386.91 A3
  density: 2.3928 g/cm3 | vol: 5364.36 A3
  density: 2.3805 g/cm3 | vol: 5392.13 A3
  density: 2.3895 g/cm3 | vol: 5371.86 A3
  density: 2.3693 g/cm3 | vol: 5417.63 A3
  density: 2.3765 g/cm3 | vol: 5401.15 A3
  density: 2.3864 g/cm3 | vol: 5378.80 A3
  density: 2.3726 g/cm3 | vol: 5410.17 A3
  density: 2.3831 g/cm3 | vol: 5386.28 A3
  density: 2.3901 g/cm3 | vol: 5370.43 A3
  density: 2.3778 g/cm3 | vol: 5398.28 A3
  density: 2.3823 g/cm3 | vol: 5388.03 A3
  density: 2.3789 g/cm3 | vol: 5395.89 A3
  density: 2.3767 g/cm3 | vol: 5400.87 A3
  density: 2.3824 g/cm3 | vol: 5387.76 A3
  density: 2.3711 g/cm3 | vol: 5413.54 A3
  density: 2.4008 g/cm3 | vol: 5346.48 A3
  density: 2.3845 g/cm3 | vol: 5383.03 A3
Final density (mace-matpes-r2scan, sanidine): 2.3813 +/- 0.0078 g/cm3
PASSED

=============================== warnings summary ===============================
ml_peg/calcs/molecular_dynamics/aluminosilicates_densities/calc_aluminosilicates_densities.py::test_aluminosilicates_densities[2-sanidine-mace-matpes-r2scan]
  /leonardo/home/userexternal/mbenass1/ml-peg/.venv/lib/python3.12/site-packages/e3nn/o3/_wigner.py:10: UserWarning: Environment variable TORCH_FORCE_NO_WEIGHTS_ONLY_LOAD detected, since the`weights_only` argument was not explicitly passed to `torch.load`, forcing weights_only=False.
    _Jd, _W3j_flat, _W3j_indices = torch.load(os.path.join(os.path.dirname(__file__), 'constants.pt'))

ml_peg/calcs/molecular_dynamics/aluminosilicates_densities/calc_aluminosilicates_densities.py::test_aluminosilicates_densities[2-sanidine-mace-matpes-r2scan]
  /leonardo/home/userexternal/mbenass1/ml-peg/.venv/lib/python3.12/site-packages/mace/calculators/mace.py:226: UserWarning: Environment variable TORCH_FORCE_NO_WEIGHTS_ONLY_LOAD detected, since the`weights_only` argument was not explicitly passed to `torch.load`, forcing weights_only=False.
    torch.load(f=model_path, map_location=device)

-- Docs: https://docs.pytest.org/en/stable/how-to/capture-warnings.html
===== 1 passed, 134 deselected, 2 warnings in 100890.89s (1 day, 4:01:30) ======
Task 44 completato.
Fri Jul 24 00:38:32 CEST 2026
