Task: 105 | Test: 0-sanidine-orb-v3-consv-inf-omat | Nodo: lrdn3137.leonardo.local
GPU: NVIDIA A100-SXM-64GB
Fri Jul 24 09:11:11 CEST 2026
============================= test session starts ==============================
platform linux -- Python 3.12.13, pytest-9.1.0, pluggy-1.6.0 -- /leonardo/home/userexternal/mbenass1/ml-peg/.venv/bin/python
cachedir: .pytest_cache
rootdir: /leonardo/home/userexternal/mbenass1/ml-peg
configfile: pyproject.toml
plugins: anyio-4.14.0, typeguard-4.5.2, cov-4.1.0, dash-4.2.0, hydra-core-1.3.3
collecting ... collected 135 items / 134 deselected / 1 selected

ml_peg/calcs/molecular_dynamics/aluminosilicates_densities/calc_aluminosilicates_densities.py::test_aluminosilicates_densities[0-sanidine-orb-v3-consv-inf-omat] Loading model from /leonardo/home/userexternal/mbenass1/ml-peg/ml_peg/models/models.yml: orb-v3-consv-inf-omat
  density: 2.1265 g/cm3 | vol: 6036.15 A3
  density: 2.1287 g/cm3 | vol: 6029.90 A3
  density: 2.1348 g/cm3 | vol: 6012.73 A3
  density: 2.1148 g/cm3 | vol: 6069.72 A3
  density: 2.1280 g/cm3 | vol: 6031.90 A3
  density: 2.1331 g/cm3 | vol: 6017.64 A3
  density: 2.1141 g/cm3 | vol: 6071.57 A3
  density: 2.1137 g/cm3 | vol: 6072.85 A3
  density: 2.1184 g/cm3 | vol: 6059.45 A3
  density: 2.1282 g/cm3 | vol: 6031.37 A3
  density: 2.1209 g/cm3 | vol: 6052.26 A3
  density: 2.1348 g/cm3 | vol: 6012.70 A3
  density: 2.1152 g/cm3 | vol: 6068.56 A3
  density: 2.1244 g/cm3 | vol: 6042.13 A3
  density: 2.1172 g/cm3 | vol: 6062.74 A3
  density: 2.1297 g/cm3 | vol: 6027.18 A3
  density: 2.1255 g/cm3 | vol: 6039.20 A3
  density: 2.1172 g/cm3 | vol: 6062.83 A3
  density: 2.1382 g/cm3 | vol: 6003.12 A3
  density: 2.1356 g/cm3 | vol: 6010.50 A3
  density: 2.1237 g/cm3 | vol: 6044.23 A3
Final density (orb-v3-consv-inf-omat, sanidine): 2.1249 +/- 0.0077 g/cm3
PASSED

=============================== warnings summary ===============================
ml_peg/calcs/molecular_dynamics/aluminosilicates_densities/calc_aluminosilicates_densities.py::test_aluminosilicates_densities[0-sanidine-orb-v3-consv-inf-omat]
  <frozen importlib._bootstrap>:488: DeprecationWarning: Type google._upb._message.MessageMapContainer uses PyType_Spec with a metaclass that has custom tp_new. This is deprecated and will no longer be allowed in Python 3.14.

ml_peg/calcs/molecular_dynamics/aluminosilicates_densities/calc_aluminosilicates_densities.py::test_aluminosilicates_densities[0-sanidine-orb-v3-consv-inf-omat]
  <frozen importlib._bootstrap>:488: DeprecationWarning: Type google._upb._message.ScalarMapContainer uses PyType_Spec with a metaclass that has custom tp_new. This is deprecated and will no longer be allowed in Python 3.14.

ml_peg/calcs/molecular_dynamics/aluminosilicates_densities/calc_aluminosilicates_densities.py::test_aluminosilicates_densities[0-sanidine-orb-v3-consv-inf-omat]
  /leonardo/home/userexternal/mbenass1/ml-peg/.venv/lib/python3.12/site-packages/orb_models/common/training/util.py:20: UserWarning: Setting global torch default dtype to torch.float64.
    warnings.warn(f"Setting global torch default dtype to {torch_dtype}.")

ml_peg/calcs/molecular_dynamics/aluminosilicates_densities/calc_aluminosilicates_densities.py::test_aluminosilicates_densities[0-sanidine-orb-v3-consv-inf-omat]
  /leonardo/home/userexternal/mbenass1/ml-peg/.venv/lib/python3.12/site-packages/orb_models/common/training/util.py:22: UserWarning: Consider passing 'precision=float32-high' for significantly higher (>2x) model throughput if high precision is not required.
    warnings.warn(

-- Docs: https://docs.pytest.org/en/stable/how-to/capture-warnings.html
====== 1 passed, 134 deselected, 4 warnings in 93551.41s (1 day, 1:59:11) ======
Task 105 completato.
Sat Jul 25 11:10:30 CEST 2026
