Task: 75 | Test: 0-anorthite-mace-polar-1-s | Nodo: lrdn2391.leonardo.local
GPU: NVIDIA A100-SXM-64GB
Tue Jul 28 06:25:11 CEST 2026
============================= test session starts ==============================
platform linux -- Python 3.12.13, pytest-9.1.0, pluggy-1.6.0 -- /leonardo/home/userexternal/mbenass1/ml-peg/.venv/bin/python
cachedir: .pytest_cache
rootdir: /leonardo/home/userexternal/mbenass1/ml-peg
configfile: pyproject.toml
plugins: anyio-4.14.0, typeguard-4.5.2, cov-4.1.0, dash-4.2.0, hydra-core-1.3.3
collecting ... collected 135 items / 134 deselected / 1 selected

ml_peg/calcs/molecular_dynamics/aluminosilicates_densities/calc_aluminosilicates_densities.py::test_aluminosilicates_densities[0-anorthite-mace-polar-1-s] Loading model from /leonardo/home/userexternal/mbenass1/ml-peg/ml_peg/models/models.yml: mace-polar-1-s
cuequivariance or cuequivariance_torch is not available. Cuequivariance acceleration will be disabled.
Using MACE-Polar model for MACECalculator with /leonardo/home/userexternal/mbenass1/.cache/mace/MACEPOLAR1Smodel
  density: 0.0307 g/cm3 | vol: 406853.58 A3
  density: 0.0305 g/cm3 | vol: 408528.46 A3
  density: 0.0304 g/cm3 | vol: 410407.32 A3
  density: 0.0303 g/cm3 | vol: 411824.33 A3
  density: 0.0302 g/cm3 | vol: 413619.34 A3
  density: 0.0300 g/cm3 | vol: 415289.51 A3
  density: 0.0299 g/cm3 | vol: 416624.25 A3
  density: 0.0298 g/cm3 | vol: 418158.45 A3
  density: 0.0297 g/cm3 | vol: 419698.95 A3
  density: 0.0296 g/cm3 | vol: 421270.47 A3
  density: 0.0295 g/cm3 | vol: 422871.47 A3
  density: 0.0294 g/cm3 | vol: 424410.22 A3
  density: 0.0293 g/cm3 | vol: 425733.60 A3
  density: 0.0292 g/cm3 | vol: 427004.84 A3
  density: 0.0291 g/cm3 | vol: 428664.71 A3
  density: 0.0290 g/cm3 | vol: 429896.93 A3
  density: 0.0289 g/cm3 | vol: 431291.75 A3
  density: 0.0288 g/cm3 | vol: 432833.71 A3
  density: 0.0287 g/cm3 | vol: 434528.77 A3
  density: 0.0286 g/cm3 | vol: 436062.84 A3
  density: 0.0285 g/cm3 | vol: 437532.21 A3
Final density (mace-polar-1-s, anorthite): 0.0295 +/- 0.0006 g/cm3
PASSED

=============================== warnings summary ===============================
ml_peg/calcs/molecular_dynamics/aluminosilicates_densities/calc_aluminosilicates_densities.py::test_aluminosilicates_densities[0-anorthite-mace-polar-1-s]
  /leonardo/home/userexternal/mbenass1/ml-peg/.venv/lib/python3.12/site-packages/e3nn/o3/_wigner.py:10: UserWarning: Environment variable TORCH_FORCE_NO_WEIGHTS_ONLY_LOAD detected, since the`weights_only` argument was not explicitly passed to `torch.load`, forcing weights_only=False.
    _Jd, _W3j_flat, _W3j_indices = torch.load(os.path.join(os.path.dirname(__file__), 'constants.pt'))

ml_peg/calcs/molecular_dynamics/aluminosilicates_densities/calc_aluminosilicates_densities.py::test_aluminosilicates_densities[0-anorthite-mace-polar-1-s]
  /leonardo/home/userexternal/mbenass1/ml-peg/.venv/lib/python3.12/site-packages/mace/calculators/mace.py:226: UserWarning: Environment variable TORCH_FORCE_NO_WEIGHTS_ONLY_LOAD detected, since the`weights_only` argument was not explicitly passed to `torch.load`, forcing weights_only=False.
    torch.load(f=model_path, map_location=device)

-- Docs: https://docs.pytest.org/en/stable/how-to/capture-warnings.html
===== 1 passed, 134 deselected, 2 warnings in 121672.12s (1 day, 9:47:52) ======
Task 75 completato.
Wed Jul 29 16:13:08 CEST 2026
