Task: 15 | Test: 0-sanidine-mace-mp-0b3 | Nodo: lrdn3441.leonardo.local
GPU: NVIDIA A100-SXM-64GB
Sun Jul 19 22:32:07 CEST 2026
============================= test session starts ==============================
platform linux -- Python 3.12.13, pytest-9.1.0, pluggy-1.6.0 -- /leonardo/home/userexternal/mbenass1/ml-peg/.venv/bin/python
cachedir: .pytest_cache
rootdir: /leonardo/home/userexternal/mbenass1/ml-peg
configfile: pyproject.toml
plugins: anyio-4.14.0, typeguard-4.5.2, cov-4.1.0, dash-4.2.0, hydra-core-1.3.3
collecting ... collected 135 items / 134 deselected / 1 selected

ml_peg/calcs/molecular_dynamics/aluminosilicates_densities/calc_aluminosilicates_densities.py::test_aluminosilicates_densities[0-sanidine-mace-mp-0b3] Loading model from /leonardo/home/userexternal/mbenass1/ml-peg/ml_peg/models/models.yml: mace-mp-0b3
cuequivariance or cuequivariance_torch is not available. Cuequivariance acceleration will be disabled.
Using Materials Project MACE for MACECalculator with /leonardo/home/userexternal/mbenass1/.cache/mace/macemp0b3mediummodel
Using float32 for MACECalculator, which is faster but less accurate. Recommended for MD. Use float64 for geometry optimization.
  density: 2.2520 g/cm3 | vol: 5699.94 A3
  density: 2.2491 g/cm3 | vol: 5707.24 A3
  density: 2.2467 g/cm3 | vol: 5713.24 A3
  density: 2.2454 g/cm3 | vol: 5716.62 A3
  density: 2.2508 g/cm3 | vol: 5702.84 A3
  density: 2.2520 g/cm3 | vol: 5699.81 A3
  density: 2.2482 g/cm3 | vol: 5709.47 A3
  density: 2.2487 g/cm3 | vol: 5708.09 A3
  density: 2.2531 g/cm3 | vol: 5697.00 A3
  density: 2.2445 g/cm3 | vol: 5718.85 A3
  density: 2.2436 g/cm3 | vol: 5721.08 A3
  density: 2.2477 g/cm3 | vol: 5710.81 A3
  density: 2.2447 g/cm3 | vol: 5718.48 A3
  density: 2.2535 g/cm3 | vol: 5696.06 A3
  density: 2.2520 g/cm3 | vol: 5699.82 A3
  density: 2.2630 g/cm3 | vol: 5672.18 A3
  density: 2.2474 g/cm3 | vol: 5711.63 A3
  density: 2.2477 g/cm3 | vol: 5710.64 A3
  density: 2.2562 g/cm3 | vol: 5689.15 A3
  density: 2.2802 g/cm3 | vol: 5629.25 A3
  density: 2.2447 g/cm3 | vol: 5718.45 A3
Final density (mace-mp-0b3, sanidine): 2.2510 +/- 0.0079 g/cm3
PASSED

=============================== warnings summary ===============================
ml_peg/calcs/molecular_dynamics/aluminosilicates_densities/calc_aluminosilicates_densities.py::test_aluminosilicates_densities[0-sanidine-mace-mp-0b3]
  /leonardo/home/userexternal/mbenass1/ml-peg/.venv/lib/python3.12/site-packages/e3nn/o3/_wigner.py:10: UserWarning: Environment variable TORCH_FORCE_NO_WEIGHTS_ONLY_LOAD detected, since the`weights_only` argument was not explicitly passed to `torch.load`, forcing weights_only=False.
    _Jd, _W3j_flat, _W3j_indices = torch.load(os.path.join(os.path.dirname(__file__), 'constants.pt'))

ml_peg/calcs/molecular_dynamics/aluminosilicates_densities/calc_aluminosilicates_densities.py::test_aluminosilicates_densities[0-sanidine-mace-mp-0b3]
  /leonardo/home/userexternal/mbenass1/ml-peg/.venv/lib/python3.12/site-packages/mace/calculators/mace.py:226: UserWarning: Environment variable TORCH_FORCE_NO_WEIGHTS_ONLY_LOAD detected, since the`weights_only` argument was not explicitly passed to `torch.load`, forcing weights_only=False.
    torch.load(f=model_path, map_location=device)

-- Docs: https://docs.pytest.org/en/stable/how-to/capture-warnings.html
====== 1 passed, 134 deselected, 2 warnings in 97078.14s (1 day, 2:57:58) ======
Task 15 completato.
Tue Jul 21 01:30:10 CEST 2026
