Task: 74 | Test: 2-albite-mace-polar-1-s | Nodo: lrdn2016.leonardo.local
GPU: NVIDIA A100-SXM-64GB
Mon Jul 27 05:57:39 CEST 2026
============================= test session starts ==============================
platform linux -- Python 3.12.13, pytest-9.1.0, pluggy-1.6.0 -- /leonardo/home/userexternal/mbenass1/ml-peg/.venv/bin/python
cachedir: .pytest_cache
rootdir: /leonardo/home/userexternal/mbenass1/ml-peg
configfile: pyproject.toml
plugins: anyio-4.14.0, typeguard-4.5.2, cov-4.1.0, dash-4.2.0, hydra-core-1.3.3
collecting ... collected 135 items / 134 deselected / 1 selected

ml_peg/calcs/molecular_dynamics/aluminosilicates_densities/calc_aluminosilicates_densities.py::test_aluminosilicates_densities[2-albite-mace-polar-1-s] Loading model from /leonardo/home/userexternal/mbenass1/ml-peg/ml_peg/models/models.yml: mace-polar-1-s
cuequivariance or cuequivariance_torch is not available. Cuequivariance acceleration will be disabled.
Using MACE-Polar model for MACECalculator with /leonardo/home/userexternal/mbenass1/.cache/mace/MACEPOLAR1Smodel
  density: 2.1193 g/cm3 | vol: 5568.61 A3
  density: 2.1198 g/cm3 | vol: 5567.30 A3
  density: 2.1224 g/cm3 | vol: 5560.64 A3
  density: 2.1289 g/cm3 | vol: 5543.49 A3
  density: 2.1328 g/cm3 | vol: 5533.30 A3
  density: 2.1156 g/cm3 | vol: 5578.34 A3
  density: 2.1282 g/cm3 | vol: 5545.39 A3
  density: 2.1398 g/cm3 | vol: 5515.21 A3
  density: 2.1338 g/cm3 | vol: 5530.91 A3
  density: 2.1218 g/cm3 | vol: 5562.11 A3
  density: 2.1279 g/cm3 | vol: 5546.21 A3
  density: 2.1268 g/cm3 | vol: 5549.11 A3
  density: 2.1266 g/cm3 | vol: 5549.50 A3
  density: 2.1386 g/cm3 | vol: 5518.45 A3
  density: 2.1376 g/cm3 | vol: 5520.90 A3
  density: 2.1281 g/cm3 | vol: 5545.73 A3
  density: 2.1320 g/cm3 | vol: 5535.48 A3
  density: 2.1318 g/cm3 | vol: 5536.12 A3
  density: 2.1184 g/cm3 | vol: 5570.96 A3
  density: 2.1290 g/cm3 | vol: 5543.41 A3
  density: 2.1123 g/cm3 | vol: 5587.25 A3
Final density (mace-polar-1-s, albite): 2.1272 +/- 0.0073 g/cm3
PASSED

=============================== warnings summary ===============================
ml_peg/calcs/molecular_dynamics/aluminosilicates_densities/calc_aluminosilicates_densities.py::test_aluminosilicates_densities[2-albite-mace-polar-1-s]
  /leonardo/home/userexternal/mbenass1/ml-peg/.venv/lib/python3.12/site-packages/e3nn/o3/_wigner.py:10: UserWarning: Environment variable TORCH_FORCE_NO_WEIGHTS_ONLY_LOAD detected, since the`weights_only` argument was not explicitly passed to `torch.load`, forcing weights_only=False.
    _Jd, _W3j_flat, _W3j_indices = torch.load(os.path.join(os.path.dirname(__file__), 'constants.pt'))

ml_peg/calcs/molecular_dynamics/aluminosilicates_densities/calc_aluminosilicates_densities.py::test_aluminosilicates_densities[2-albite-mace-polar-1-s]
  /leonardo/home/userexternal/mbenass1/ml-peg/.venv/lib/python3.12/site-packages/mace/calculators/mace.py:226: UserWarning: Environment variable TORCH_FORCE_NO_WEIGHTS_ONLY_LOAD detected, since the`weights_only` argument was not explicitly passed to `torch.load`, forcing weights_only=False.
    torch.load(f=model_path, map_location=device)

-- Docs: https://docs.pytest.org/en/stable/how-to/capture-warnings.html
===== 1 passed, 134 deselected, 2 warnings in 125350.57s (1 day, 10:49:10) =====
Task 74 completato.
Tue Jul 28 16:46:55 CEST 2026
