Task: 63 | Test: 0-albite-mace-mh-1-omol | Nodo: lrdn1428.leonardo.local
GPU: NVIDIA A100-SXM-64GB
Sat Jul 25 03:35:16 CEST 2026
============================= test session starts ==============================
platform linux -- Python 3.12.13, pytest-9.1.0, pluggy-1.6.0 -- /leonardo/home/userexternal/mbenass1/ml-peg/.venv/bin/python
cachedir: .pytest_cache
rootdir: /leonardo/home/userexternal/mbenass1/ml-peg
configfile: pyproject.toml
plugins: anyio-4.14.0, typeguard-4.5.2, cov-4.1.0, dash-4.2.0, hydra-core-1.3.3
collecting ... collected 135 items / 134 deselected / 1 selected

ml_peg/calcs/molecular_dynamics/aluminosilicates_densities/calc_aluminosilicates_densities.py::test_aluminosilicates_densities[0-albite-mace-mh-1-omol] Loading model from /leonardo/home/userexternal/mbenass1/ml-peg/ml_peg/models/models.yml: mace-mh-1-omol
cuequivariance or cuequivariance_torch is not available. Cuequivariance acceleration will be disabled.
Using Materials Project MACE for MACECalculator with /leonardo/home/userexternal/mbenass1/.cache/mace/macemh1model
Using float32 for MACECalculator, which is faster but less accurate. Recommended for MD. Use float64 for geometry optimization.
  density: 2.2605 g/cm3 | vol: 5220.77 A3
  density: 2.2675 g/cm3 | vol: 5204.64 A3
  density: 2.2665 g/cm3 | vol: 5207.03 A3
  density: 2.2434 g/cm3 | vol: 5260.68 A3
  density: 2.2569 g/cm3 | vol: 5229.18 A3
  density: 2.2667 g/cm3 | vol: 5206.51 A3
  density: 2.2660 g/cm3 | vol: 5208.16 A3
  density: 2.2567 g/cm3 | vol: 5229.51 A3
  density: 2.2640 g/cm3 | vol: 5212.77 A3
  density: 2.2618 g/cm3 | vol: 5217.77 A3
  density: 2.2540 g/cm3 | vol: 5235.91 A3
  density: 2.2679 g/cm3 | vol: 5203.91 A3
  density: 2.2663 g/cm3 | vol: 5207.49 A3
  density: 2.2545 g/cm3 | vol: 5234.63 A3
  density: 2.2772 g/cm3 | vol: 5182.64 A3
  density: 2.2764 g/cm3 | vol: 5184.29 A3
  density: 2.2671 g/cm3 | vol: 5205.54 A3
  density: 2.2642 g/cm3 | vol: 5212.21 A3
  density: 2.2639 g/cm3 | vol: 5213.01 A3
  density: 2.2575 g/cm3 | vol: 5227.78 A3
  density: 2.2729 g/cm3 | vol: 5192.42 A3
Final density (mace-mh-1-omol, albite): 2.2634 +/- 0.0077 g/cm3
PASSED

=============================== warnings summary ===============================
ml_peg/calcs/molecular_dynamics/aluminosilicates_densities/calc_aluminosilicates_densities.py::test_aluminosilicates_densities[0-albite-mace-mh-1-omol]
  /leonardo/home/userexternal/mbenass1/ml-peg/.venv/lib/python3.12/site-packages/e3nn/o3/_wigner.py:10: UserWarning: Environment variable TORCH_FORCE_NO_WEIGHTS_ONLY_LOAD detected, since the`weights_only` argument was not explicitly passed to `torch.load`, forcing weights_only=False.
    _Jd, _W3j_flat, _W3j_indices = torch.load(os.path.join(os.path.dirname(__file__), 'constants.pt'))

ml_peg/calcs/molecular_dynamics/aluminosilicates_densities/calc_aluminosilicates_densities.py::test_aluminosilicates_densities[0-albite-mace-mh-1-omol]
  /leonardo/home/userexternal/mbenass1/ml-peg/.venv/lib/python3.12/site-packages/mace/calculators/mace.py:226: UserWarning: Environment variable TORCH_FORCE_NO_WEIGHTS_ONLY_LOAD detected, since the`weights_only` argument was not explicitly passed to `torch.load`, forcing weights_only=False.
    torch.load(f=model_path, map_location=device)

-- Docs: https://docs.pytest.org/en/stable/how-to/capture-warnings.html
===== 1 passed, 134 deselected, 2 warnings in 129472.61s (1 day, 11:57:52) =====
Task 63 completato.
Sun Jul 26 15:33:12 CEST 2026
