Task: 4 | Test: 1-anorthite-mattersim-5M | Nodo: lrdn0262.leonardo.local
GPU: NVIDIA A100-SXM-64GB
Sat Jul 18 23:52:34 CEST 2026
============================= test session starts ==============================
platform linux -- Python 3.12.13, pytest-9.1.0, pluggy-1.6.0 -- /leonardo/home/userexternal/mbenass1/ml-peg/.venv_mattersim/bin/python3
cachedir: .pytest_cache
rootdir: /leonardo/home/userexternal/mbenass1/ml-peg
configfile: pyproject.toml
plugins: anyio-4.14.0, typeguard-4.5.2, cov-4.1.0, dash-4.2.0, hydra-core-1.3.3
collecting ... collected 135 items / 134 deselected / 1 selected

ml_peg/calcs/molecular_dynamics/aluminosilicates_densities/calc_aluminosilicates_densities.py::test_aluminosilicates_densities[1-anorthite-mattersim-5M] Loading model from /leonardo/home/userexternal/mbenass1/ml-peg/ml_peg/models/models.yml: mattersim-5M
2026-07-18 23:52:53.565 | INFO     | mattersim.forcefield.potential:from_checkpoint:891 - Loading the pre-trained mattersim-v1.0.0-5M.pth model
  density: 2.5048 g/cm3 | vol: 4978.82 A3
  density: 2.5163 g/cm3 | vol: 4956.06 A3
  density: 2.5035 g/cm3 | vol: 4981.41 A3
  density: 2.5232 g/cm3 | vol: 4942.38 A3
  density: 2.5046 g/cm3 | vol: 4979.17 A3
  density: 2.5167 g/cm3 | vol: 4955.24 A3
  density: 2.5144 g/cm3 | vol: 4959.67 A3
  density: 2.5202 g/cm3 | vol: 4948.27 A3
  density: 2.5052 g/cm3 | vol: 4977.90 A3
  density: 2.5135 g/cm3 | vol: 4961.41 A3
  density: 2.5074 g/cm3 | vol: 4973.58 A3
  density: 2.5187 g/cm3 | vol: 4951.31 A3
  density: 2.5248 g/cm3 | vol: 4939.24 A3
  density: 2.5001 g/cm3 | vol: 4988.03 A3
  density: 2.5122 g/cm3 | vol: 4964.12 A3
  density: 2.5208 g/cm3 | vol: 4947.11 A3
  density: 2.5107 g/cm3 | vol: 4967.04 A3
  density: 2.5134 g/cm3 | vol: 4961.71 A3
  density: 2.5229 g/cm3 | vol: 4943.06 A3
  density: 2.5211 g/cm3 | vol: 4946.61 A3
  density: 2.5128 g/cm3 | vol: 4962.97 A3
Final density (mattersim-5M, anorthite): 2.5137 +/- 0.0071 g/cm3
PASSED

=============================== warnings summary ===============================
ml_peg/calcs/molecular_dynamics/aluminosilicates_densities/calc_aluminosilicates_densities.py::test_aluminosilicates_densities[1-anorthite-mattersim-5M]
  /leonardo/home/userexternal/mbenass1/ml-peg/.venv_mattersim/lib/python3.12/site-packages/mattersim/forcefield/potential.py:896: UserWarning: Environment variable TORCH_FORCE_NO_WEIGHTS_ONLY_LOAD detected, since the`weights_only` argument was not explicitly passed to `torch.load`, forcing weights_only=False.
    checkpoint = torch.load(load_path, map_location=device)

-- Docs: https://docs.pytest.org/en/stable/how-to/capture-warnings.html
========= 1 passed, 134 deselected, 1 warning in 61868.86s (17:11:08) ==========
Task 4 completato.
Sun Jul 19 17:03:48 CEST 2026
